###############################################################################
#
# IAR ELF Linker V3.10.1.201 for STM8                     27/Oct/2017  16:48:27
# Copyright 2010-2017 IAR Systems AB.
#
#    Output file  =  
#        D:\local_svn\AYBR3000\AYBR3000_V2.0\AYBR3000_STM8\Project\Debug\Exe\aybr3000.out
#    Map file     =  
#        D:\local_svn\AYBR3000\AYBR3000_V2.0\AYBR3000_STM8\Project\Debug\List\aybr3000.map
#    Command line =  
#        -f C:\Users\Administrator\AppData\Local\Temp\EW232B.tmp
#        (D:\local_svn\AYBR3000\AYBR3000_V2.0\AYBR3000_STM8\Project\Debug\Obj\A7105_driver.o
#        D:\local_svn\AYBR3000\AYBR3000_V2.0\AYBR3000_STM8\Project\Debug\Obj\A7105_firmware_lib.o
#        D:\local_svn\AYBR3000\AYBR3000_V2.0\AYBR3000_STM8\Project\Debug\Obj\app.o
#        D:\local_svn\AYBR3000\AYBR3000_V2.0\AYBR3000_STM8\Project\Debug\Obj\LCD_driver.o
#        D:\local_svn\AYBR3000\AYBR3000_V2.0\AYBR3000_STM8\Project\Debug\Obj\LCD_firmware.o
#        D:\local_svn\AYBR3000\AYBR3000_V2.0\AYBR3000_STM8\Project\Debug\Obj\main.o
#        D:\local_svn\AYBR3000\AYBR3000_V2.0\AYBR3000_STM8\Project\Debug\Obj\main_control.o
#        D:\local_svn\AYBR3000\AYBR3000_V2.0\AYBR3000_STM8\Project\Debug\Obj\simple_protocol.o
#        D:\local_svn\AYBR3000\AYBR3000_V2.0\AYBR3000_STM8\Project\Debug\Obj\stm8l15x_adc.o
#        D:\local_svn\AYBR3000\AYBR3000_V2.0\AYBR3000_STM8\Project\Debug\Obj\stm8l15x_aes.o
#        D:\local_svn\AYBR3000\AYBR3000_V2.0\AYBR3000_STM8\Project\Debug\Obj\stm8l15x_beep.o
#        D:\local_svn\AYBR3000\AYBR3000_V2.0\AYBR3000_STM8\Project\Debug\Obj\stm8l15x_clk.o
#        D:\local_svn\AYBR3000\AYBR3000_V2.0\AYBR3000_STM8\Project\Debug\Obj\stm8l15x_comp.o
#        D:\local_svn\AYBR3000\AYBR3000_V2.0\AYBR3000_STM8\Project\Debug\Obj\stm8l15x_dac.o
#        D:\local_svn\AYBR3000\AYBR3000_V2.0\AYBR3000_STM8\Project\Debug\Obj\stm8l15x_dma.o
#        D:\local_svn\AYBR3000\AYBR3000_V2.0\AYBR3000_STM8\Project\Debug\Obj\stm8l15x_exti.o
#        D:\local_svn\AYBR3000\AYBR3000_V2.0\AYBR3000_STM8\Project\Debug\Obj\stm8l15x_flash.o
#        D:\local_svn\AYBR3000\AYBR3000_V2.0\AYBR3000_STM8\Project\Debug\Obj\stm8l15x_gpio.o
#        D:\local_svn\AYBR3000\AYBR3000_V2.0\AYBR3000_STM8\Project\Debug\Obj\stm8l15x_i2c.o
#        D:\local_svn\AYBR3000\AYBR3000_V2.0\AYBR3000_STM8\Project\Debug\Obj\stm8l15x_irtim.o
#        D:\local_svn\AYBR3000\AYBR3000_V2.0\AYBR3000_STM8\Project\Debug\Obj\stm8l15x_it.o
#        D:\local_svn\AYBR3000\AYBR3000_V2.0\AYBR3000_STM8\Project\Debug\Obj\stm8l15x_itc.o
#        D:\local_svn\AYBR3000\AYBR3000_V2.0\AYBR3000_STM8\Project\Debug\Obj\stm8l15x_iwdg.o
#        D:\local_svn\AYBR3000\AYBR3000_V2.0\AYBR3000_STM8\Project\Debug\Obj\stm8l15x_lcd.o
#        D:\local_svn\AYBR3000\AYBR3000_V2.0\AYBR3000_STM8\Project\Debug\Obj\stm8l15x_pwr.o
#        D:\local_svn\AYBR3000\AYBR3000_V2.0\AYBR3000_STM8\Project\Debug\Obj\stm8l15x_rst.o
#        D:\local_svn\AYBR3000\AYBR3000_V2.0\AYBR3000_STM8\Project\Debug\Obj\stm8l15x_rtc.o
#        D:\local_svn\AYBR3000\AYBR3000_V2.0\AYBR3000_STM8\Project\Debug\Obj\stm8l15x_spi.o
#        D:\local_svn\AYBR3000\AYBR3000_V2.0\AYBR3000_STM8\Project\Debug\Obj\stm8l15x_syscfg.o
#        D:\local_svn\AYBR3000\AYBR3000_V2.0\AYBR3000_STM8\Project\Debug\Obj\stm8l15x_tim1.o
#        D:\local_svn\AYBR3000\AYBR3000_V2.0\AYBR3000_STM8\Project\Debug\Obj\stm8l15x_tim2.o
#        D:\local_svn\AYBR3000\AYBR3000_V2.0\AYBR3000_STM8\Project\Debug\Obj\stm8l15x_tim3.o
#        D:\local_svn\AYBR3000\AYBR3000_V2.0\AYBR3000_STM8\Project\Debug\Obj\stm8l15x_tim4.o
#        D:\local_svn\AYBR3000\AYBR3000_V2.0\AYBR3000_STM8\Project\Debug\Obj\stm8l15x_tim5.o
#        D:\local_svn\AYBR3000\AYBR3000_V2.0\AYBR3000_STM8\Project\Debug\Obj\stm8l15x_usart.o
#        D:\local_svn\AYBR3000\AYBR3000_V2.0\AYBR3000_STM8\Project\Debug\Obj\stm8l15x_wfe.o
#        D:\local_svn\AYBR3000\AYBR3000_V2.0\AYBR3000_STM8\Project\Debug\Obj\stm8l15x_wwdg.o
#        D:\local_svn\AYBR3000\AYBR3000_V2.0\AYBR3000_STM8\Project\Debug\Obj\system.o
#        D:\local_svn\AYBR3000\AYBR3000_V2.0\AYBR3000_STM8\Project\Debug\Obj\task_manager.o
#        D:\local_svn\AYBR3000\AYBR3000_V2.0\AYBR3000_STM8\Project\Debug\Obj\timing.o
#        --redirect _Printf=_PrintfSmall --redirect _Scanf=_ScanfSmall -o
#        D:\local_svn\AYBR3000\AYBR3000_V2.0\AYBR3000_STM8\Project\Debug\Exe\aybr3000.out
#        --map
#        D:\local_svn\AYBR3000\AYBR3000_V2.0\AYBR3000_STM8\Project\Debug\List\aybr3000.map
#        --config "D:\Program Files (x86)\IAR Systems\Embedded Workbench
#        8.0\stm8\config\lnkstm8l052c6.icf" --config_def _CSTACK_SIZE=0x100
#        --config_def _HEAP_SIZE=0x100 --entry __iar_program_start --debug_lib)
#
###############################################################################

*******************************************************************************
*** RUNTIME MODEL ATTRIBUTES
***

__SystemLibrary            = DLib
__code_model               = small
__core                     = stm8
__data_model               = medium
__dlib_file_descriptor     = 0
__dlib_full_locale_support = 0
__rt_version               = 4


*******************************************************************************
*** PLACEMENT SUMMARY
***

"A0":  place at start of [0x000000-0x0000ff] { rw section .vregs };
"A1":  place at end of [0x000000-0x0007ff] { block CSTACK };
"P2":  place in [from 0x000000 to 0x0007ff] {
          block HEAP, rw section __DLIB_PERTHREAD, rw section .far.bss,
          rw section .far.data, rw section .far.noinit,
          rw section .far_func.textrw, rw section .huge.bss,
          rw section .huge.data, rw section .huge.noinit,
          rw section .huge_func.textrw, rw section .iar.dynexit,
          rw section .near.bss, rw section .near.data, rw section .near.noinit,
          rw section .near_func.textrw };
"A2":  place at start of [0x008000-0x00ffff] { block INTVEC };
"P3":  place in [from 0x008000 to 0x00ffff] {
          ro section __DLIB_PERTHREAD_init, ro section .far.data_init,
          ro section .far_func.textrw_init, ro section .huge.data_init,
          ro section .huge_func.textrw_init, ro section .iar.init_table,
          ro section .init_array, ro section .near.data_init,
          ro section .near.rodata, ro section .near_func.text,
          ro section .near_func.textrw_init, ro section .tiny.data_init,
          ro section .tiny.rodata_init };
"P4":  place in [from 0x008000 to 0x00ffff] {
          ro section .far.rodata, ro section .far_func.text };
"P5":  place in [from 0x008000 to 0x00ffff] {
          ro section .huge.rodata, ro section .huge_func.text };
do not initialize {
   rw section .eeprom.noinit, rw section .far.noinit, rw section .huge.noinit,
   rw section .near.noinit, rw section .tiny.noinit, rw section .vregs };

  Section          Kind      Address   Size  Object
  -------          ----      -------   ----  ------
"A0":                                   0xc
  .vregs           uninit   0x000000    0xc  vregs.o [4]
                          - 0x00000c    0xc

"P2":                                  0x28
  .near.bss        zero     0x00000c   0x18  simple_protocol.o [1]
  .near.bss        zero     0x000024    0x5  simple_protocol.o [1]
  .near.bss        zero     0x000029    0x2  simple_protocol.o [1]
  .near.bss        zero     0x00002b    0x2  stm8l15x_it.o [1]
  .near.bss        zero     0x00002d    0x2  timing.o [1]
  .near.bss        zero     0x00002f    0x1  A7105_firmware_lib.o [1]
  .near.bss        zero     0x000030    0x1  simple_protocol.o [1]
  .near.bss        zero     0x000031    0x1  simple_protocol.o [1]
  .near.bss        zero     0x000032    0x1  simple_protocol.o [1]
  .near.bss        zero     0x000033    0x1  simple_protocol.o [1]
                          - 0x000034   0x28

"A1":                                 0x100
  CSTACK                    0x000700  0x100  <Block>
    CSTACK         uninit   0x000700  0x100  <Block tail>
                          - 0x000800  0x100

"A2":                                  0x80
  INTVEC                    0x008000   0x80  <Block>
    .intvec        const    0x008000   0x80  interrupt.o [4]
                          - 0x008080   0x80

"P3-P5":                              0x80f
  .near_func.text  ro code  0x008080  0x158  simple_protocol.o [1]
  .near_func.text  ro code  0x0081d8  0x10d  stm8l15x_exti.o [1]
  .near_func.text  ro code  0x0082e5   0xb1  simple_protocol.o [1]
  .near_func.text  ro code  0x008396   0xa3  system.o [1]
  .near_func.text  ro code  0x008439   0x98  stm8l15x_clk.o [1]
  .near_func.text  ro code  0x0084d1   0x8e  stm8l15x_gpio.o [1]
  .near_func.text  ro code  0x00855f   0x70  vreg_util.o [4]
  .near_func.text  ro code  0x0085cf   0x32  stm8l15x_it.o [1]
  .near_func.text  ro code  0x008601   0x31  system.o [1]
  .near_func.text  ro code  0x008632   0x29  system.o [1]
  .near_func.text  ro code  0x00865b   0x28  timing.o [1]
  .near_func.text  ro code  0x008683   0x22  timing.o [1]
  .near_func.text  ro code  0x0086a5   0x21  stm8l15x_exti.o [1]
  .near_func.text  ro code  0x0086c6   0x21  stm8l15x_exti.o [1]
  .iar.init_table  const    0x0086e7    0x8  - Linker created -
  .near_func.text  ro code  0x0086ef   0x1e  stm8l15x_it.o [1]
  .near_func.text  ro code  0x00870d   0x1e  init_small.o [4]
  .near_func.text  ro code  0x00872b   0x1c  stm8l15x_it.o [1]
  .near_func.text  ro code  0x008747   0x1a  stm8l15x_tim4.o [1]
  .near_func.text  ro code  0x008761   0x19  stm8l15x_it.o [1]
  .near_func.text  ro code  0x00877a   0x19  stm8l15x_it.o [1]
  .near_func.text  ro code  0x008793   0x18  stm8l15x_it.o [1]
  .near_func.text  ro code  0x0087ab   0x14  init.o [4]
  .near_func.text  ro code  0x0087bf   0x14  __dbg_xxexit.o [3]
  .near_func.text  ro code  0x0087d3   0x13  stm8l15x_clk.o [1]
  .near_func.text  ro code  0x0087e6   0x13  cstartup.o [4]
  .near_func.text  ro code  0x0087f9   0x11  stm8l15x_tim4.o [1]
  .near_func.text  ro code  0x00880a    0xd  stm8l15x_tim4.o [1]
  .near_func.text  ro code  0x008817    0xd  stm8l15x_tim4.o [1]
  .near_func.text  ro code  0x008824    0xd  short.o [4]
  .near_func.text  ro code  0x008831    0xa  stm8l15x_clk.o [1]
  .near_func.text  ro code  0x00883b    0x9  main.o [1]
  .near_func.text  ro code  0x008844    0x9  stm8l15x_rtc.o [1]
  .near_func.text  ro code  0x00884d    0x7  main.o [1]
  .near_func.text  ro code  0x008854    0x5  stm8l15x_tim4.o [1]
  .near_func.text  ro code  0x008859    0x5  cexit.o [4]
  .near_func.text  ro code  0x00885e    0x4  A7105_firmware_lib.o [1]
  .near_func.text  ro code  0x008862    0x4  stm8l15x_tim4.o [1]
  .near_func.text  ro code  0x008866    0x4  timing.o [1]
  .near_func.text  ro code  0x00886a    0x3  interrupt.o [4]
  .near_func.text  ro code  0x00886d    0x3  low_level_init.o [4]
  .near_func.text  ro code  0x008870    0x3  exit.o [4]
  .near_func.text  ro code  0x008873    0x3  unhandled_exception.o [4]
  .near_func.text  ro code  0x008876    0x1  stm8l15x_it.o [1]
  .near_func.text  ro code  0x008877    0x1  stm8l15x_it.o [1]
  .near_func.text  ro code  0x008878    0x1  stm8l15x_it.o [1]
  .near_func.text  ro code  0x008879    0x1  stm8l15x_it.o [1]
  .near_func.text  ro code  0x00887a    0x1  stm8l15x_it.o [1]
  .near_func.text  ro code  0x00887b    0x1  stm8l15x_it.o [1]
  .near_func.text  ro code  0x00887c    0x1  stm8l15x_it.o [1]
  .near_func.text  ro code  0x00887d    0x1  stm8l15x_it.o [1]
  .near_func.text  ro code  0x00887e    0x1  stm8l15x_it.o [1]
  .near_func.text  ro code  0x00887f    0x1  stm8l15x_it.o [1]
  .near_func.text  ro code  0x008880    0x1  stm8l15x_it.o [1]
  .near_func.text  ro code  0x008881    0x1  stm8l15x_it.o [1]
  .near_func.text  ro code  0x008882    0x1  stm8l15x_it.o [1]
  .near_func.text  ro code  0x008883    0x1  stm8l15x_it.o [1]
  .near_func.text  ro code  0x008884    0x1  stm8l15x_it.o [1]
  .near_func.text  ro code  0x008885    0x1  stm8l15x_it.o [1]
  .near_func.text  ro code  0x008886    0x1  stm8l15x_it.o [1]
  .near_func.text  ro code  0x008887    0x1  stm8l15x_it.o [1]
  .near_func.text  ro code  0x008888    0x1  stm8l15x_it.o [1]
  .near_func.text  ro code  0x008889    0x1  stm8l15x_it.o [1]
  .near_func.text  ro code  0x00888a    0x1  stm8l15x_it.o [1]
  .near_func.text  ro code  0x00888b    0x1  stm8l15x_it.o [1]
  .near_func.text  ro code  0x00888c    0x1  stm8l15x_it.o [1]
  .near_func.text  ro code  0x00888d    0x1  stm8l15x_it.o [1]
  .near_func.text  ro code  0x00888e    0x1  __dbg_break.o [3]
                          - 0x00888f  0x80f


*******************************************************************************
*** INIT TABLE
***

          Address   Size
          -------   ----
Zero (__iar_zero_init2)
    1 destination range, total size 0x28:
          0x00000c  0x28



*******************************************************************************
*** MODULE SUMMARY
***

    Module                 ro code  ro data  rw data
    ------                 -------  -------  -------
D:\local_svn\AYBR3000\AYBR3000_V2.0\AYBR3000_STM8\Project\Debug\Obj: [1]
    A7105_firmware_lib.o         4                 1
    main.o                      16
    simple_protocol.o          521                35
    stm8l15x_clk.o             181
    stm8l15x_exti.o            335
    stm8l15x_gpio.o            142
    stm8l15x_it.o              206                 2
    stm8l15x_rtc.o               9
    stm8l15x_tim4.o             78
    system.o                   253
    timing.o                    78                 2
    ------------------------------------------------
    Total:                   1 823                40

command line: [2]
    ------------------------------------------------
    Total:

dbgstm8smd.a: [3]
    __dbg_break.o                1
    __dbg_xxexit.o              20
    ------------------------------------------------
    Total:                      21

dlstm8smn.a: [4]
    cexit.o                      5
    cstartup.o                  19
    exit.o                       3
    init.o                      20
    init_small.o                30
    interrupt.o                  3      128
    low_level_init.o             3
    short.o                     13
    unhandled_exception.o        3
    vreg_util.o                112
    vregs.o                                       12
    ------------------------------------------------
    Total:                     211      128       12

    Linker created                        8      256
----------------------------------------------------
    Grand Total:             2 055      136      308


*******************************************************************************
*** ENTRY LIST
***

Entry                    Address   Size  Type      Object
-----                    -------   ----  ----      ------
.iar.init_table$$Base   0x0086e7          --   Gb  - Linker created -
.iar.init_table$$Limit  0x0086ef          --   Gb  - Linker created -
?b0                     0x000000         Data  Gb  vregs.o [4]
?b1                     0x000001         Data  Gb  vregs.o [4]
?b10                    0x00000a         Data  Gb  vregs.o [4]
?b11                    0x00000b         Data  Gb  vregs.o [4]
?b2                     0x000002         Data  Gb  vregs.o [4]
?b3                     0x000003         Data  Gb  vregs.o [4]
?b4                     0x000004         Data  Gb  vregs.o [4]
?b5                     0x000005         Data  Gb  vregs.o [4]
?b6                     0x000006         Data  Gb  vregs.o [4]
?b7                     0x000007         Data  Gb  vregs.o [4]
?b8                     0x000008         Data  Gb  vregs.o [4]
?b9                     0x000009         Data  Gb  vregs.o [4]
?e0                     0x000001         Data  Gb  vregs.o [4]
?e1                     0x000005         Data  Gb  vregs.o [4]
?e2                     0x000009         Data  Gb  vregs.o [4]
?epilogue_w4            0x0085cb         Code  Gb  vreg_util.o [4]
?l0                     0x000000         Data  Gb  vregs.o [4]
?l1                     0x000004         Data  Gb  vregs.o [4]
?l2                     0x000008         Data  Gb  vregs.o [4]
?pop_l0                 0x0085ad         Code  Gb  vreg_util.o [4]
?pop_l1                 0x0085b8         Code  Gb  vreg_util.o [4]
?pop_w4                 0x008577         Code  Gb  vreg_util.o [4]
?push_l0                0x008586         Code  Gb  vreg_util.o [4]
?push_l1                0x00858b         Code  Gb  vreg_util.o [4]
?push_w4                0x00855f         Code  Gb  vreg_util.o [4]
?sll16_x_x_a            0x008824         Code  Gb  short.o [4]
?srl16_x_x_4            0x00882c         Code  Gb  short.o [4]
?w0                     0x000000         Data  Gb  vregs.o [4]
?w1                     0x000002         Data  Gb  vregs.o [4]
?w2                     0x000004         Data  Gb  vregs.o [4]
?w3                     0x000006         Data  Gb  vregs.o [4]
?w4                     0x000008         Data  Gb  vregs.o [4]
?w5                     0x00000a         Data  Gb  vregs.o [4]
A7105_update_wtr        0x00885e    0x4  Code  Gb  A7105_firmware_lib.o [1]
A7105_wtr_status        0x00002f    0x1  Data  Gb  A7105_firmware_lib.o [1]
ADC1_COMP_IRQHandler    0x008883    0x1  Code  Gb  stm8l15x_it.o [1]
CLK_GetFlagStatus       0x008439   0x98  Code  Gb  stm8l15x_clk.o [1]
CLK_LSEConfig           0x0087d3   0x13  Code  Gb  stm8l15x_clk.o [1]
CLK_RTCClockConfig      0x008831    0xa  Code  Gb  stm8l15x_clk.o [1]
CSTACK$$Base            0x000700          --   Gb  - Linker created -
CSTACK$$Limit           0x000800          --   Gb  - Linker created -
Clock_Configuration     0x008601   0x31  Code  Gb  system.o [1]
DMA1_CHANNEL0_1_IRQHandler
                        0x008878    0x1  Code  Gb  stm8l15x_it.o [1]
DMA1_CHANNEL2_3_IRQHandler
                        0x008879    0x1  Code  Gb  stm8l15x_it.o [1]
EXTI0_IRQHandler        0x008793   0x18  Code  Gb  stm8l15x_it.o [1]
EXTI1_IRQHandler        0x00872b   0x1c  Code  Gb  stm8l15x_it.o [1]
EXTI2_IRQHandler        0x00887d    0x1  Code  Gb  stm8l15x_it.o [1]
EXTI3_IRQHandler        0x00877a   0x19  Code  Gb  stm8l15x_it.o [1]
EXTI4_IRQHandler        0x00887e    0x1  Code  Gb  stm8l15x_it.o [1]
EXTI5_IRQHandler        0x00887f    0x1  Code  Gb  stm8l15x_it.o [1]
EXTI6_IRQHandler        0x008880    0x1  Code  Gb  stm8l15x_it.o [1]
EXTI7_IRQHandler        0x0086ef   0x1e  Code  Gb  stm8l15x_it.o [1]
EXTIB_G_IRQHandler      0x00887b    0x1  Code  Gb  stm8l15x_it.o [1]
EXTID_H_IRQHandler      0x00887c    0x1  Code  Gb  stm8l15x_it.o [1]
EXTIE_F_PVD_IRQHandler  0x00887a    0x1  Code  Gb  stm8l15x_it.o [1]
EXTI_ClearITPendingBit  0x0086c6   0x21  Code  Gb  stm8l15x_exti.o [1]
EXTI_DeInit             0x0086a5   0x21  Code  Gb  stm8l15x_exti.o [1]
EXTI_SetPinSensitivity  0x0081d8  0x10d  Code  Gb  stm8l15x_exti.o [1]
FLASH_IRQHandler        0x008877    0x1  Code  Gb  stm8l15x_it.o [1]
GPIO_Configuration      0x008396   0xa3  Code  Gb  system.o [1]
GPIO_Init               0x0084d1   0x8e  Code  Gb  stm8l15x_gpio.o [1]
I2C1_SPI2_IRQHandler    0x00888d    0x1  Code  Gb  stm8l15x_it.o [1]
INTVEC$$Base            0x008000          --   Gb  - Linker created -
INTVEC$$Limit           0x008080          --   Gb  - Linker created -
LCD_AES_IRQHandler      0x008881    0x1  Code  Gb  stm8l15x_it.o [1]
RTC_CSSLSE_IRQHandler   0x008761   0x19  Code  Gb  stm8l15x_it.o [1]
RTC_ClearITPendingBit   0x008844    0x9  Code  Gb  stm8l15x_rtc.o [1]
Region$$Table$$Base     0x0086e7          --   Gb  - Linker created -
Region$$Table$$Limit    0x0086ef          --   Gb  - Linker created -
SPI1_IRQHandler         0x00888a    0x1  Code  Gb  stm8l15x_it.o [1]
SWITCH_CSS_BREAK_DAC_IRQHandler
                        0x008882    0x1  Code  Gb  stm8l15x_it.o [1]
TIM1_CC_IRQHandler      0x008889    0x1  Code  Gb  stm8l15x_it.o [1]
TIM1_UPD_OVF_TRG_COM_IRQHandler
                        0x008888    0x1  Code  Gb  stm8l15x_it.o [1]
TIM2_CC_USART2_RX_IRQHandler
                        0x008885    0x1  Code  Gb  stm8l15x_it.o [1]
TIM2_UPD_OVF_TRG_BRK_USART2_TX_IRQHandler
                        0x008884    0x1  Code  Gb  stm8l15x_it.o [1]
TIM3_CC_USART3_RX_IRQHandler
                        0x008887    0x1  Code  Gb  stm8l15x_it.o [1]
TIM3_UPD_OVF_TRG_BRK_USART3_TX_IRQHandler
                        0x008886    0x1  Code  Gb  stm8l15x_it.o [1]
TIM4_ARRPreloadConfig   0x00880a    0xd  Code  Gb  stm8l15x_tim4.o [1]
TIM4_ClearFlag          0x008854    0x5  Code  Gb  stm8l15x_tim4.o [1]
TIM4_Cmd                0x008817    0xd  Code  Gb  stm8l15x_tim4.o [1]
TIM4_Configuration      0x008632   0x29  Code  Gb  system.o [1]
TIM4_ITConfig           0x008747   0x1a  Code  Gb  stm8l15x_tim4.o [1]
TIM4_SetCounter         0x008862    0x4  Code  Gb  stm8l15x_tim4.o [1]
TIM4_TimeBaseInit       0x0087f9   0x11  Code  Gb  stm8l15x_tim4.o [1]
TIM4_UPD_OVF_TRG_IRQHandler
                        0x0085cf   0x32  Code  Gb  stm8l15x_it.o [1]
TIM4_UPD_OVF_TRG_IRQHandler::count_1000ms
                        0x00002b    0x2  Data  Lc  stm8l15x_it.o [1]
TRAP_IRQHandler         0x008876    0x1  Code  Gb  stm8l15x_it.o [1]
USART1_RX_TIM5_CC_IRQHandler
                        0x00888c    0x1  Code  Gb  stm8l15x_it.o [1]
USART1_TX_TIM5_UPD_OVF_TRG_BRK_IRQHandler
                        0x00888b    0x1  Code  Gb  stm8l15x_it.o [1]
__DebugBreak            0x00888e    0x1  Code  Gb  __dbg_break.o [3]
__exit                  0x0087bf   0x14  Code  Gb  __dbg_xxexit.o [3]
__iar_data_init2        0x0087ab   0x14  Code  Gb  init.o [4]
__iar_program_start     0x0087e6         Code  Gb  cstartup.o [4]
__iar_unhandled_exception
                        0x008873         Code  Gb  unhandled_exception.o [4]
__iar_zero_init2        0x00870d         Code  Gb  init_small.o [4]
__intvec                0x008000         Data  Gb  interrupt.o [4]
__low_level_init        0x00886d    0x3  Code  Gb  low_level_init.o [4]
_exit                   0x008859         Code  Gb  cexit.o [4]
_interrupt_1            0x008876         Code  Gb  stm8l15x_it.o [1]
_interrupt_10           0x008793         Code  Gb  stm8l15x_it.o [1]
_interrupt_11           0x00872b         Code  Gb  stm8l15x_it.o [1]
_interrupt_12           0x00887d         Code  Gb  stm8l15x_it.o [1]
_interrupt_13           0x00877a         Code  Gb  stm8l15x_it.o [1]
_interrupt_14           0x00887e         Code  Gb  stm8l15x_it.o [1]
_interrupt_15           0x00887f         Code  Gb  stm8l15x_it.o [1]
_interrupt_16           0x008880         Code  Gb  stm8l15x_it.o [1]
_interrupt_17           0x0086ef         Code  Gb  stm8l15x_it.o [1]
_interrupt_18           0x008881         Code  Gb  stm8l15x_it.o [1]
_interrupt_19           0x008882         Code  Gb  stm8l15x_it.o [1]
_interrupt_20           0x008883         Code  Gb  stm8l15x_it.o [1]
_interrupt_21           0x008884         Code  Gb  stm8l15x_it.o [1]
_interrupt_22           0x008885         Code  Gb  stm8l15x_it.o [1]
_interrupt_23           0x008886         Code  Gb  stm8l15x_it.o [1]
_interrupt_24           0x008887         Code  Gb  stm8l15x_it.o [1]
_interrupt_25           0x008888         Code  Gb  stm8l15x_it.o [1]
_interrupt_26           0x008889         Code  Gb  stm8l15x_it.o [1]
_interrupt_27           0x0085cf         Code  Gb  stm8l15x_it.o [1]
_interrupt_28           0x00888a         Code  Gb  stm8l15x_it.o [1]
_interrupt_29           0x00888b         Code  Gb  stm8l15x_it.o [1]
_interrupt_3            0x008877         Code  Gb  stm8l15x_it.o [1]
_interrupt_30           0x00888c         Code  Gb  stm8l15x_it.o [1]
_interrupt_31           0x00888d         Code  Gb  stm8l15x_it.o [1]
_interrupt_4            0x008878         Code  Gb  stm8l15x_it.o [1]
_interrupt_5            0x008879         Code  Gb  stm8l15x_it.o [1]
_interrupt_6            0x008761         Code  Gb  stm8l15x_it.o [1]
_interrupt_7            0x00887a         Code  Gb  stm8l15x_it.o [1]
_interrupt_8            0x00887b         Code  Gb  stm8l15x_it.o [1]
_interrupt_9            0x00887c         Code  Gb  stm8l15x_it.o [1]
check_sum               0x000031    0x1  Data  Lc  simple_protocol.o [1]
count                   0x000030    0x1  Data  Lc  simple_protocol.o [1]
counter                 0x00002d    0x2  Data  Gb  timing.o [1]
data_received_flag      0x000032    0x1  Data  Lc  simple_protocol.o [1]
exit                    0x008870    0x3  Code  Gb  exit.o [4]
header_time             0x000024    0x5  Data  Lc  simple_protocol.o [1]
main                    0x00884d    0x7  Code  Gb  main.o [1]
mcu_init                0x00883b    0x9  Code  Gb  main.o [1]
receive_buffer          0x00000c   0x18  Data  Gb  simple_protocol.o [1]
receive_byte            0x0082e5   0xb1  Code  Lc  simple_protocol.o [1]
receive_byte::bit       0x000033    0x1  Data  Lc  simple_protocol.o [1]
receive_deal            0x008080  0x158  Code  Gb  simple_protocol.o [1]
receive_state           0x000029    0x2  Data  Lc  simple_protocol.o [1]
timing_count_end        0x00865b   0x28  Code  Gb  timing.o [1]
timing_get_count        0x008866    0x4  Code  Lc  timing.o [1]
timing_set_counts       0x008683   0x22  Code  Gb  timing.o [1]


[1] = D:\local_svn\AYBR3000\AYBR3000_V2.0\AYBR3000_STM8\Project\Debug\Obj
[2] = command line
[3] = dbgstm8smd.a
[4] = dlstm8smn.a

  2 055 bytes of readonly  code memory
    136 bytes of readonly  data memory
    308 bytes of readwrite data memory

Errors: none
Warnings: none
