###############################################################################
#
# IAR ELF Linker V3.10.1.201 for STM8                     30/Oct/2017  14:40:42
# Copyright 2010-2017 IAR Systems AB.
#
#    Output file  =  
#        D:\local_svn\AYBR3000\AYBR3000_V2.0\AYBR3000_STM8\Project\Debug\Exe\aybr3000.out
#    Map file     =  
#        D:\local_svn\AYBR3000\AYBR3000_V2.0\AYBR3000_STM8\Project\Debug\List\aybr3000.map
#    Command line =  
#        -f C:\Users\Administrator\AppData\Local\Temp\EW7873.tmp
#        (D:\local_svn\AYBR3000\AYBR3000_V2.0\AYBR3000_STM8\Project\Debug\Obj\A7105_driver.o
#        D:\local_svn\AYBR3000\AYBR3000_V2.0\AYBR3000_STM8\Project\Debug\Obj\A7105_firmware_lib.o
#        D:\local_svn\AYBR3000\AYBR3000_V2.0\AYBR3000_STM8\Project\Debug\Obj\app.o
#        D:\local_svn\AYBR3000\AYBR3000_V2.0\AYBR3000_STM8\Project\Debug\Obj\LCD_driver.o
#        D:\local_svn\AYBR3000\AYBR3000_V2.0\AYBR3000_STM8\Project\Debug\Obj\LCD_firmware.o
#        D:\local_svn\AYBR3000\AYBR3000_V2.0\AYBR3000_STM8\Project\Debug\Obj\main.o
#        D:\local_svn\AYBR3000\AYBR3000_V2.0\AYBR3000_STM8\Project\Debug\Obj\simple_protocol.o
#        D:\local_svn\AYBR3000\AYBR3000_V2.0\AYBR3000_STM8\Project\Debug\Obj\stm8l15x_adc.o
#        D:\local_svn\AYBR3000\AYBR3000_V2.0\AYBR3000_STM8\Project\Debug\Obj\stm8l15x_aes.o
#        D:\local_svn\AYBR3000\AYBR3000_V2.0\AYBR3000_STM8\Project\Debug\Obj\stm8l15x_beep.o
#        D:\local_svn\AYBR3000\AYBR3000_V2.0\AYBR3000_STM8\Project\Debug\Obj\stm8l15x_clk.o
#        D:\local_svn\AYBR3000\AYBR3000_V2.0\AYBR3000_STM8\Project\Debug\Obj\stm8l15x_comp.o
#        D:\local_svn\AYBR3000\AYBR3000_V2.0\AYBR3000_STM8\Project\Debug\Obj\stm8l15x_dac.o
#        D:\local_svn\AYBR3000\AYBR3000_V2.0\AYBR3000_STM8\Project\Debug\Obj\stm8l15x_dma.o
#        D:\local_svn\AYBR3000\AYBR3000_V2.0\AYBR3000_STM8\Project\Debug\Obj\stm8l15x_exti.o
#        D:\local_svn\AYBR3000\AYBR3000_V2.0\AYBR3000_STM8\Project\Debug\Obj\stm8l15x_flash.o
#        D:\local_svn\AYBR3000\AYBR3000_V2.0\AYBR3000_STM8\Project\Debug\Obj\stm8l15x_gpio.o
#        D:\local_svn\AYBR3000\AYBR3000_V2.0\AYBR3000_STM8\Project\Debug\Obj\stm8l15x_i2c.o
#        D:\local_svn\AYBR3000\AYBR3000_V2.0\AYBR3000_STM8\Project\Debug\Obj\stm8l15x_irtim.o
#        D:\local_svn\AYBR3000\AYBR3000_V2.0\AYBR3000_STM8\Project\Debug\Obj\stm8l15x_it.o
#        D:\local_svn\AYBR3000\AYBR3000_V2.0\AYBR3000_STM8\Project\Debug\Obj\stm8l15x_itc.o
#        D:\local_svn\AYBR3000\AYBR3000_V2.0\AYBR3000_STM8\Project\Debug\Obj\stm8l15x_iwdg.o
#        D:\local_svn\AYBR3000\AYBR3000_V2.0\AYBR3000_STM8\Project\Debug\Obj\stm8l15x_lcd.o
#        D:\local_svn\AYBR3000\AYBR3000_V2.0\AYBR3000_STM8\Project\Debug\Obj\stm8l15x_pwr.o
#        D:\local_svn\AYBR3000\AYBR3000_V2.0\AYBR3000_STM8\Project\Debug\Obj\stm8l15x_rst.o
#        D:\local_svn\AYBR3000\AYBR3000_V2.0\AYBR3000_STM8\Project\Debug\Obj\stm8l15x_rtc.o
#        D:\local_svn\AYBR3000\AYBR3000_V2.0\AYBR3000_STM8\Project\Debug\Obj\stm8l15x_spi.o
#        D:\local_svn\AYBR3000\AYBR3000_V2.0\AYBR3000_STM8\Project\Debug\Obj\stm8l15x_syscfg.o
#        D:\local_svn\AYBR3000\AYBR3000_V2.0\AYBR3000_STM8\Project\Debug\Obj\stm8l15x_tim1.o
#        D:\local_svn\AYBR3000\AYBR3000_V2.0\AYBR3000_STM8\Project\Debug\Obj\stm8l15x_tim2.o
#        D:\local_svn\AYBR3000\AYBR3000_V2.0\AYBR3000_STM8\Project\Debug\Obj\stm8l15x_tim3.o
#        D:\local_svn\AYBR3000\AYBR3000_V2.0\AYBR3000_STM8\Project\Debug\Obj\stm8l15x_tim4.o
#        D:\local_svn\AYBR3000\AYBR3000_V2.0\AYBR3000_STM8\Project\Debug\Obj\stm8l15x_tim5.o
#        D:\local_svn\AYBR3000\AYBR3000_V2.0\AYBR3000_STM8\Project\Debug\Obj\stm8l15x_usart.o
#        D:\local_svn\AYBR3000\AYBR3000_V2.0\AYBR3000_STM8\Project\Debug\Obj\stm8l15x_wfe.o
#        D:\local_svn\AYBR3000\AYBR3000_V2.0\AYBR3000_STM8\Project\Debug\Obj\stm8l15x_wwdg.o
#        D:\local_svn\AYBR3000\AYBR3000_V2.0\AYBR3000_STM8\Project\Debug\Obj\system.o
#        D:\local_svn\AYBR3000\AYBR3000_V2.0\AYBR3000_STM8\Project\Debug\Obj\task_manager.o
#        D:\local_svn\AYBR3000\AYBR3000_V2.0\AYBR3000_STM8\Project\Debug\Obj\timing.o
#        --redirect _Printf=_PrintfSmall --redirect _Scanf=_ScanfSmall -o
#        D:\local_svn\AYBR3000\AYBR3000_V2.0\AYBR3000_STM8\Project\Debug\Exe\aybr3000.out
#        --map
#        D:\local_svn\AYBR3000\AYBR3000_V2.0\AYBR3000_STM8\Project\Debug\List\aybr3000.map
#        --config "D:\Program Files (x86)\IAR Systems\Embedded Workbench
#        8.0\stm8\config\lnkstm8l052c6.icf" --config_def _CSTACK_SIZE=0x100
#        --config_def _HEAP_SIZE=0x100 --entry __iar_program_start --debug_lib)
#
###############################################################################

*******************************************************************************
*** RUNTIME MODEL ATTRIBUTES
***

__SystemLibrary            = DLib
__code_model               = small
__core                     = stm8
__data_model               = medium
__dlib_file_descriptor     = 0
__dlib_full_locale_support = 0
__rt_version               = 4


*******************************************************************************
*** PLACEMENT SUMMARY
***

"A0":  place at start of [0x000000-0x0000ff] { rw section .vregs };
"A1":  place at end of [0x000000-0x0007ff] { block CSTACK };
"P2":  place in [from 0x000000 to 0x0007ff] {
          block HEAP, rw section __DLIB_PERTHREAD, rw section .far.bss,
          rw section .far.data, rw section .far.noinit,
          rw section .far_func.textrw, rw section .huge.bss,
          rw section .huge.data, rw section .huge.noinit,
          rw section .huge_func.textrw, rw section .iar.dynexit,
          rw section .near.bss, rw section .near.data, rw section .near.noinit,
          rw section .near_func.textrw };
"A2":  place at start of [0x008000-0x00ffff] { block INTVEC };
"P3":  place in [from 0x008000 to 0x00ffff] {
          ro section __DLIB_PERTHREAD_init, ro section .far.data_init,
          ro section .far_func.textrw_init, ro section .huge.data_init,
          ro section .huge_func.textrw_init, ro section .iar.init_table,
          ro section .init_array, ro section .near.data_init,
          ro section .near.rodata, ro section .near_func.text,
          ro section .near_func.textrw_init, ro section .tiny.data_init,
          ro section .tiny.rodata_init };
"P4":  place in [from 0x008000 to 0x00ffff] {
          ro section .far.rodata, ro section .far_func.text };
"P5":  place in [from 0x008000 to 0x00ffff] {
          ro section .huge.rodata, ro section .huge_func.text };
do not initialize {
   rw section .eeprom.noinit, rw section .far.noinit, rw section .huge.noinit,
   rw section .near.noinit, rw section .tiny.noinit, rw section .vregs };
initialize by copy {
   rw section .far.bss, rw section .far.data, rw section .far_func.textrw,
   rw section .huge.bss, rw section .huge.data, rw section .huge_func.textrw,
   rw section .iar.dynexit, rw section .near.bss, rw section .near.data,
   rw section .near_func.textrw, rw section .tiny.bss, rw section .tiny.data,
   ro section .tiny.rodata };

  Section            Kind      Address    Size  Object
  -------            ----      -------    ----  ------
"A0":                                      0xc
  .vregs             uninit   0x000000     0xc  vregs.o [4]
                            - 0x00000c     0xc

"P2", part 1 of 2:                        0xe0
  P2-1                        0x00000c    0xe0  <Init block>
    .near.data       inited   0x00000c    0x4d  LCD_driver.o [1]
    .near.data       inited   0x000059    0x22  LCD_driver.o [1]
    .near.data       inited   0x00007b    0x70  LCD_driver.o [1]
    .near.data       inited   0x0000eb     0x1  simple_protocol.o [1]
                            - 0x0000ec    0xe0

"P2", part 2 of 2:                        0xab
  .near.bss          zero     0x0000ec    0x70  LCD_driver.o [1]
  .near.bss          zero     0x00015c    0x18  simple_protocol.o [1]
  .near.bss          zero     0x000174     0xe  LCD_driver.o [1]
  .near.bss          zero     0x000182     0x5  simple_protocol.o [1]
  .near.bss          zero     0x000187     0x5  simple_protocol.o [1]
  .near.bss          zero     0x00018c     0x2  simple_protocol.o [1]
  .near.bss          zero     0x00018e     0x2  stm8l15x_it.o [1]
  .near.bss          zero     0x000190     0x2  timing.o [1]
  .near.bss          zero     0x000192     0x1  A7105_firmware_lib.o [1]
  .near.bss          zero     0x000193     0x1  simple_protocol.o [1]
  .near.bss          zero     0x000194     0x1  simple_protocol.o [1]
  .near.bss          zero     0x000195     0x1  simple_protocol.o [1]
  .near.bss          zero     0x000196     0x1  simple_protocol.o [1]
                            - 0x000197    0xab

"A1":                                    0x100
  CSTACK                      0x000700   0x100  <Block>
    CSTACK           uninit   0x000700   0x100  <Block tail>
                            - 0x000800   0x100

"A2":                                     0x80
  INTVEC                      0x008000    0x80  <Block>
    .intvec          const    0x008000    0x80  interrupt.o [4]
                            - 0x008080    0x80

"P3-P5":                                0x132a
  .near_func.text    ro code  0x008080   0x251  main.o [1]
  .near_func.text    ro code  0x0082d1   0x1a7  simple_protocol.o [1]
  .near_func.text    ro code  0x008478   0x1a4  LCD_driver.o [1]
  .near_func.text    ro code  0x00861c   0x149  A7105_firmware_lib.o [1]
  .near_func.text    ro code  0x008765   0x10d  stm8l15x_exti.o [1]
  Initializer bytes  const    0x008872    0xe0  <for P2-1>
  .near_func.text    ro code  0x008952    0xba  A7105_firmware_lib.o [1]
  .near_func.text    ro code  0x008a0c    0xb1  simple_protocol.o [1]
  .near_func.text    ro code  0x008abd    0xa3  system.o [1]
  .near_func.text    ro code  0x008b60    0x98  stm8l15x_clk.o [1]
  .near_func.text    ro code  0x008bf8    0x8e  stm8l15x_gpio.o [1]
  .near_func.text    ro code  0x008c86    0x89  stm8l15x_clk.o [1]
  .near_func.text    ro code  0x008d0f    0x87  stm8l15x_lcd.o [1]
  .near_func.text    ro code  0x008d96    0x84  vreg_util.o [4]
  .near_func.text    ro code  0x008e1a    0x65  LCD_driver.o [1]
  .near_func.text    ro code  0x008e7f    0x63  A7105_driver.o [1]
  .near_func.text    ro code  0x008ee2    0x4b  LCD_firmware.o [1]
  .near_func.text    ro code  0x008f2d    0x36  LCD_firmware.o [1]
  .near_func.text    ro code  0x008f63    0x35  LCD_driver.o [1]
  .near.rodata       const    0x008f98    0x33  A7105_firmware_lib.o [1]
  .near_func.text    ro code  0x008fcb    0x32  stm8l15x_it.o [1]
  .near_func.text    ro code  0x008ffd    0x31  system.o [1]
  .near_func.text    ro code  0x00902e    0x30  A7105_firmware_lib.o [1]
  .near_func.text    ro code  0x00905e    0x2b  short.o [4]
  .near_func.text    ro code  0x009089    0x29  system.o [1]
  .near_func.text    ro code  0x0090b2    0x28  timing.o [1]
  .near_func.text    ro code  0x0090da    0x28  init_small.o [4]
  .near_func.text    ro code  0x009102    0x22  timing.o [1]
  .near_func.text    ro code  0x009124    0x21  stm8l15x_exti.o [1]
  .near_func.text    ro code  0x009145    0x21  stm8l15x_exti.o [1]
  .iar.init_table    const    0x009166    0x12  - Linker created -
  .near_func.text    ro code  0x009178    0x1e  stm8l15x_it.o [1]
  .near_func.text    ro code  0x009196    0x1e  init_small.o [4]
  .near_func.text    ro code  0x0091b4    0x1c  A7105_firmware_lib.o [1]
  .near_func.text    ro code  0x0091d0    0x1c  stm8l15x_it.o [1]
  .near_func.text    ro code  0x0091ec    0x1a  stm8l15x_tim4.o [1]
  .near_func.text    ro code  0x009206    0x19  stm8l15x_it.o [1]
  .near_func.text    ro code  0x00921f    0x19  stm8l15x_it.o [1]
  .near_func.text    ro code  0x009238    0x18  stm8l15x_it.o [1]
  .near_func.text    ro code  0x009250    0x16  A7105_firmware_lib.o [1]
  .near_func.text    ro code  0x009266    0x14  init.o [4]
  .near_func.text    ro code  0x00927a    0x14  __dbg_xxexit.o [3]
  .near_func.text    ro code  0x00928e    0x13  stm8l15x_clk.o [1]
  .near_func.text    ro code  0x0092a1    0x13  stm8l15x_lcd.o [1]
  .near_func.text    ro code  0x0092b4    0x13  stm8l15x_lcd.o [1]
  .near_func.text    ro code  0x0092c7    0x13  stm8l15x_lcd.o [1]
  .near_func.text    ro code  0x0092da    0x13  cstartup.o [4]
  .near_func.text    ro code  0x0092ed    0x11  simple_protocol.o [1]
  .near_func.text    ro code  0x0092fe    0x11  stm8l15x_tim4.o [1]
  .near_func.text    ro code  0x00930f     0xd  stm8l15x_lcd.o [1]
  .near_func.text    ro code  0x00931c     0xd  stm8l15x_tim4.o [1]
  .near_func.text    ro code  0x009329     0xd  stm8l15x_tim4.o [1]
  .near_func.text    ro code  0x009336     0xc  main.o [1]
  .near_func.text    ro code  0x009342     0xc  stm8l15x_lcd.o [1]
  .near_func.text    ro code  0x00934e     0xa  stm8l15x_clk.o [1]
  .near_func.text    ro code  0x009358     0x9  stm8l15x_rtc.o [1]
  .near_func.text    ro code  0x009361     0x8  LCD_driver.o [1]
  .near_func.text    ro code  0x009369     0x5  stm8l15x_tim4.o [1]
  .near_func.text    ro code  0x00936e     0x5  cexit.o [4]
  .near.rodata       const    0x009373     0x4  A7105_firmware_lib.o [1]
  .near_func.text    ro code  0x009377     0x4  A7105_firmware_lib.o [1]
  .near_func.text    ro code  0x00937b     0x4  stm8l15x_tim4.o [1]
  .near_func.text    ro code  0x00937f     0x4  timing.o [1]
  .near_func.text    ro code  0x009383     0x3  interrupt.o [4]
  .near_func.text    ro code  0x009386     0x3  low_level_init.o [4]
  .near_func.text    ro code  0x009389     0x3  exit.o [4]
  .near_func.text    ro code  0x00938c     0x3  unhandled_exception.o [4]
  .near_func.text    ro code  0x00938f     0x2  A7105_firmware_lib.o [1]
  .near_func.text    ro code  0x009391     0x1  stm8l15x_it.o [1]
  .near_func.text    ro code  0x009392     0x1  stm8l15x_it.o [1]
  .near_func.text    ro code  0x009393     0x1  stm8l15x_it.o [1]
  .near_func.text    ro code  0x009394     0x1  stm8l15x_it.o [1]
  .near_func.text    ro code  0x009395     0x1  stm8l15x_it.o [1]
  .near_func.text    ro code  0x009396     0x1  stm8l15x_it.o [1]
  .near_func.text    ro code  0x009397     0x1  stm8l15x_it.o [1]
  .near_func.text    ro code  0x009398     0x1  stm8l15x_it.o [1]
  .near_func.text    ro code  0x009399     0x1  stm8l15x_it.o [1]
  .near_func.text    ro code  0x00939a     0x1  stm8l15x_it.o [1]
  .near_func.text    ro code  0x00939b     0x1  stm8l15x_it.o [1]
  .near_func.text    ro code  0x00939c     0x1  stm8l15x_it.o [1]
  .near_func.text    ro code  0x00939d     0x1  stm8l15x_it.o [1]
  .near_func.text    ro code  0x00939e     0x1  stm8l15x_it.o [1]
  .near_func.text    ro code  0x00939f     0x1  stm8l15x_it.o [1]
  .near_func.text    ro code  0x0093a0     0x1  stm8l15x_it.o [1]
  .near_func.text    ro code  0x0093a1     0x1  stm8l15x_it.o [1]
  .near_func.text    ro code  0x0093a2     0x1  stm8l15x_it.o [1]
  .near_func.text    ro code  0x0093a3     0x1  stm8l15x_it.o [1]
  .near_func.text    ro code  0x0093a4     0x1  stm8l15x_it.o [1]
  .near_func.text    ro code  0x0093a5     0x1  stm8l15x_it.o [1]
  .near_func.text    ro code  0x0093a6     0x1  stm8l15x_it.o [1]
  .near_func.text    ro code  0x0093a7     0x1  stm8l15x_it.o [1]
  .near_func.text    ro code  0x0093a8     0x1  stm8l15x_it.o [1]
  .near_func.text    ro code  0x0093a9     0x1  __dbg_break.o [3]
                            - 0x0093aa  0x132a


*******************************************************************************
*** INIT TABLE
***

          Address   Size
          -------   ----
Zero (__iar_zero_init2)
    1 destination range, total size 0xab:
          0x0000ec  0xab

Copy (__iar_copy_init2)
    1 source range, total size 0xe0:
          0x008872  0xe0
    1 destination range, total size 0xe0:
          0x00000c  0xe0



*******************************************************************************
*** MODULE SUMMARY
***

    Module                 ro code  ro data  rw data
    ------                 -------  -------  -------
D:\local_svn\AYBR3000\AYBR3000_V2.0\AYBR3000_STM8\Project\Debug\Obj: [1]
    A7105_driver.o              99
    A7105_firmware_lib.o       619       55        1
    LCD_driver.o               582      223      349
    LCD_firmware.o             129
    main.o                     605
    simple_protocol.o          617        1       41
    stm8l15x_clk.o             318
    stm8l15x_exti.o            335
    stm8l15x_gpio.o            142
    stm8l15x_it.o              206                 2
    stm8l15x_lcd.o             217
    stm8l15x_rtc.o               9
    stm8l15x_tim4.o             78
    system.o                   253
    timing.o                    78                 2
    ------------------------------------------------
    Total:                   4 287      279      395

command line: [2]
    ------------------------------------------------
    Total:

dbgstm8smd.a: [3]
    __dbg_break.o                1
    __dbg_xxexit.o              20
    ------------------------------------------------
    Total:                      21

dlstm8smn.a: [4]
    cexit.o                      5
    cstartup.o                  19
    exit.o                       3
    init.o                      20
    init_small.o                70
    interrupt.o                  3      128
    low_level_init.o             3
    short.o                     43
    unhandled_exception.o        3
    vreg_util.o                132
    vregs.o                                       12
    ------------------------------------------------
    Total:                     301      128       12

    Linker created                       18      256
----------------------------------------------------
    Grand Total:             4 609      425      663


*******************************************************************************
*** ENTRY LIST
***

Entry                    Address   Size  Type      Object
-----                    -------   ----  ----      ------
.iar.init_table$$Base   0x009166          --   Gb  - Linker created -
.iar.init_table$$Limit  0x009178          --   Gb  - Linker created -
?b0                     0x000000         Data  Gb  vregs.o [4]
?b1                     0x000001         Data  Gb  vregs.o [4]
?b10                    0x00000a         Data  Gb  vregs.o [4]
?b11                    0x00000b         Data  Gb  vregs.o [4]
?b2                     0x000002         Data  Gb  vregs.o [4]
?b3                     0x000003         Data  Gb  vregs.o [4]
?b4                     0x000004         Data  Gb  vregs.o [4]
?b5                     0x000005         Data  Gb  vregs.o [4]
?b6                     0x000006         Data  Gb  vregs.o [4]
?b7                     0x000007         Data  Gb  vregs.o [4]
?b8                     0x000008         Data  Gb  vregs.o [4]
?b9                     0x000009         Data  Gb  vregs.o [4]
?e0                     0x000001         Data  Gb  vregs.o [4]
?e1                     0x000005         Data  Gb  vregs.o [4]
?e2                     0x000009         Data  Gb  vregs.o [4]
?epilogue_l2            0x008e12         Code  Gb  vreg_util.o [4]
?epilogue_w4            0x008e16         Code  Gb  vreg_util.o [4]
?l0                     0x000000         Data  Gb  vregs.o [4]
?l1                     0x000004         Data  Gb  vregs.o [4]
?l2                     0x000008         Data  Gb  vregs.o [4]
?mul16_x_x_w0           0x00905e         Code  Gb  short.o [4]
?pop_l0                 0x008de9         Code  Gb  vreg_util.o [4]
?pop_l1                 0x008df4         Code  Gb  vreg_util.o [4]
?pop_l2                 0x008dff         Code  Gb  vreg_util.o [4]
?pop_w4                 0x008dae         Code  Gb  vreg_util.o [4]
?push_l0                0x008dbd         Code  Gb  vreg_util.o [4]
?push_l1                0x008dc2         Code  Gb  vreg_util.o [4]
?push_l2                0x008dc7         Code  Gb  vreg_util.o [4]
?push_w4                0x008d96         Code  Gb  vreg_util.o [4]
?sll16_x_x_a            0x00907c         Code  Gb  short.o [4]
?srl16_x_x_4            0x009084         Code  Gb  short.o [4]
?w0                     0x000000         Data  Gb  vregs.o [4]
?w1                     0x000002         Data  Gb  vregs.o [4]
?w2                     0x000004         Data  Gb  vregs.o [4]
?w3                     0x000006         Data  Gb  vregs.o [4]
?w4                     0x000008         Data  Gb  vregs.o [4]
?w5                     0x00000a         Data  Gb  vregs.o [4]
A7105_Calibration       0x008952   0xba  Code  Gb  A7105_firmware_lib.o [1]
A7105_Config            0x0086cc   0x55  Code  Gb  A7105_firmware_lib.o [1]
A7105_GIOx_interrupt_switch
                        0x0091b4   0x1c  Code  Gb  A7105_firmware_lib.o [1]
A7105_ReadReg           0x008684   0x12  Code  Gb  A7105_firmware_lib.o [1]
A7105_Reset             0x0086c6    0x6  Code  Gb  A7105_firmware_lib.o [1]
A7105_WriteID           0x0086a2   0x24  Code  Gb  A7105_firmware_lib.o [1]
A7105_WriteReg          0x00861c   0x15  Code  Gb  A7105_firmware_lib.o [1]
A7105_init              0x008e7f   0x63  Code  Gb  A7105_driver.o [1]
A7105_update_wtr        0x009377    0x4  Code  Gb  A7105_firmware_lib.o [1]
A7105_wtr_status        0x000192    0x1  Data  Gb  A7105_firmware_lib.o [1]
ADC1_COMP_IRQHandler    0x00939e    0x1  Code  Gb  stm8l15x_it.o [1]
ByteRead                0x008631   0x53  Code  Lc  A7105_firmware_lib.o [1]
ByteSend                0x00902e   0x30  Code  Lc  A7105_firmware_lib.o [1]
CLK_GetFlagStatus       0x008b60   0x98  Code  Gb  stm8l15x_clk.o [1]
CLK_LSEConfig           0x00928e   0x13  Code  Gb  stm8l15x_clk.o [1]
CLK_PeripheralClockConfig
                        0x008c86   0x89  Code  Gb  stm8l15x_clk.o [1]
CLK_RTCClockConfig      0x00934e    0xa  Code  Gb  stm8l15x_clk.o [1]
CSTACK$$Base            0x000700          --   Gb  - Linker created -
CSTACK$$Limit           0x000800          --   Gb  - Linker created -
Clock_Configuration     0x008ffd   0x31  Code  Gb  system.o [1]
DMA1_CHANNEL0_1_IRQHandler
                        0x009393    0x1  Code  Gb  stm8l15x_it.o [1]
DMA1_CHANNEL2_3_IRQHandler
                        0x009394    0x1  Code  Gb  stm8l15x_it.o [1]
EXTI0_IRQHandler        0x009238   0x18  Code  Gb  stm8l15x_it.o [1]
EXTI1_IRQHandler        0x0091d0   0x1c  Code  Gb  stm8l15x_it.o [1]
EXTI2_IRQHandler        0x009398    0x1  Code  Gb  stm8l15x_it.o [1]
EXTI3_IRQHandler        0x00921f   0x19  Code  Gb  stm8l15x_it.o [1]
EXTI4_IRQHandler        0x009399    0x1  Code  Gb  stm8l15x_it.o [1]
EXTI5_IRQHandler        0x00939a    0x1  Code  Gb  stm8l15x_it.o [1]
EXTI6_IRQHandler        0x00939b    0x1  Code  Gb  stm8l15x_it.o [1]
EXTI7_IRQHandler        0x009178   0x1e  Code  Gb  stm8l15x_it.o [1]
EXTIB_G_IRQHandler      0x009396    0x1  Code  Gb  stm8l15x_it.o [1]
EXTID_H_IRQHandler      0x009397    0x1  Code  Gb  stm8l15x_it.o [1]
EXTIE_F_PVD_IRQHandler  0x009395    0x1  Code  Gb  stm8l15x_it.o [1]
EXTI_ClearITPendingBit  0x009145   0x21  Code  Gb  stm8l15x_exti.o [1]
EXTI_DeInit             0x009124   0x21  Code  Gb  stm8l15x_exti.o [1]
EXTI_SetPinSensitivity  0x008765  0x10d  Code  Gb  stm8l15x_exti.o [1]
Error_State             0x00938f    0x2  Code  Lc  A7105_firmware_lib.o [1]
FLASH_IRQHandler        0x009392    0x1  Code  Gb  stm8l15x_it.o [1]
GPIO_Configuration      0x008abd   0xa3  Code  Gb  system.o [1]
GPIO_Init               0x008bf8   0x8e  Code  Gb  stm8l15x_gpio.o [1]
I2C1_SPI2_IRQHandler    0x0093a8    0x1  Code  Gb  stm8l15x_it.o [1]
ID_Tab                  0x009373    0x4  Data  Gb  A7105_firmware_lib.o [1]
INTVEC$$Base            0x008000          --   Gb  - Linker created -
INTVEC$$Limit           0x008080          --   Gb  - Linker created -
LCD_AES_IRQHandler      0x00939c    0x1  Code  Gb  stm8l15x_it.o [1]
LCD_Cmd                 0x00930f    0xd  Code  Gb  stm8l15x_lcd.o [1]
LCD_ContrastConfig      0x0092c7   0x13  Code  Gb  stm8l15x_lcd.o [1]
LCD_DeadTimeConfig      0x0092b4   0x13  Code  Gb  stm8l15x_lcd.o [1]
LCD_GLASS_Init          0x008ee2   0x4b  Code  Gb  LCD_firmware.o [1]
LCD_GLASS_Refresh       0x008f2d   0x36  Code  Gb  LCD_firmware.o [1]
LCD_Init                0x008d0f   0x87  Code  Gb  stm8l15x_lcd.o [1]
LCD_PortMaskConfig      0x009342    0xc  Code  Gb  stm8l15x_lcd.o [1]
LCD_PulseOnDurationConfig
                        0x0092a1   0x13  Code  Gb  stm8l15x_lcd.o [1]
LCD_driver_init         0x008e1a   0x65  Code  Gb  LCD_driver.o [1]
LCD_driver_refresh      0x009361    0x8  Code  Gb  LCD_driver.o [1]
RTC_CSSLSE_IRQHandler   0x009206   0x19  Code  Gb  stm8l15x_it.o [1]
RTC_ClearITPendingBit   0x009358    0x9  Code  Gb  stm8l15x_rtc.o [1]
Region$$Table$$Base     0x009166          --   Gb  - Linker created -
Region$$Table$$Limit    0x009178          --   Gb  - Linker created -
SPI1_IRQHandler         0x0093a5    0x1  Code  Gb  stm8l15x_it.o [1]
SWITCH_CSS_BREAK_DAC_IRQHandler
                        0x00939d    0x1  Code  Gb  stm8l15x_it.o [1]
SelVCOBand              0x008721   0x44  Code  Lc  A7105_firmware_lib.o [1]
StrobeCmd               0x008696    0xc  Code  Gb  A7105_firmware_lib.o [1]
TIM1_CC_IRQHandler      0x0093a4    0x1  Code  Gb  stm8l15x_it.o [1]
TIM1_UPD_OVF_TRG_COM_IRQHandler
                        0x0093a3    0x1  Code  Gb  stm8l15x_it.o [1]
TIM2_CC_USART2_RX_IRQHandler
                        0x0093a0    0x1  Code  Gb  stm8l15x_it.o [1]
TIM2_UPD_OVF_TRG_BRK_USART2_TX_IRQHandler
                        0x00939f    0x1  Code  Gb  stm8l15x_it.o [1]
TIM3_CC_USART3_RX_IRQHandler
                        0x0093a2    0x1  Code  Gb  stm8l15x_it.o [1]
TIM3_UPD_OVF_TRG_BRK_USART3_TX_IRQHandler
                        0x0093a1    0x1  Code  Gb  stm8l15x_it.o [1]
TIM4_ARRPreloadConfig   0x00931c    0xd  Code  Gb  stm8l15x_tim4.o [1]
TIM4_ClearFlag          0x009369    0x5  Code  Gb  stm8l15x_tim4.o [1]
TIM4_Cmd                0x009329    0xd  Code  Gb  stm8l15x_tim4.o [1]
TIM4_Configuration      0x009089   0x29  Code  Gb  system.o [1]
TIM4_ITConfig           0x0091ec   0x1a  Code  Gb  stm8l15x_tim4.o [1]
TIM4_SetCounter         0x00937b    0x4  Code  Gb  stm8l15x_tim4.o [1]
TIM4_TimeBaseInit       0x0092fe   0x11  Code  Gb  stm8l15x_tim4.o [1]
TIM4_UPD_OVF_TRG_IRQHandler
                        0x008fcb   0x32  Code  Gb  stm8l15x_it.o [1]
TIM4_UPD_OVF_TRG_IRQHandler::count_1000ms
                        0x00018e    0x2  Data  Lc  stm8l15x_it.o [1]
TRAP_IRQHandler         0x009391    0x1  Code  Gb  stm8l15x_it.o [1]
USART1_RX_TIM5_CC_IRQHandler
                        0x0093a7    0x1  Code  Gb  stm8l15x_it.o [1]
USART1_TX_TIM5_UPD_OVF_TRG_BRK_IRQHandler
                        0x0093a6    0x1  Code  Gb  stm8l15x_it.o [1]
Wait_Bit_n_clear        0x009250   0x16  Code  Lc  A7105_firmware_lib.o [1]
__DebugBreak            0x0093a9    0x1  Code  Gb  __dbg_break.o [3]
__exit                  0x00927a   0x14  Code  Gb  __dbg_xxexit.o [3]
__iar_copy_init2        0x0090da         Code  Gb  init_small.o [4]
__iar_data_init2        0x009266   0x14  Code  Gb  init.o [4]
__iar_program_start     0x0092da         Code  Gb  cstartup.o [4]
__iar_unhandled_exception
                        0x00938c         Code  Gb  unhandled_exception.o [4]
__iar_zero_init2        0x009196         Code  Gb  init_small.o [4]
__intvec                0x008000         Data  Gb  interrupt.o [4]
__low_level_init        0x009386    0x3  Code  Gb  low_level_init.o [4]
_exit                   0x00936e         Code  Gb  cexit.o [4]
_interrupt_1            0x009391         Code  Gb  stm8l15x_it.o [1]
_interrupt_10           0x009238         Code  Gb  stm8l15x_it.o [1]
_interrupt_11           0x0091d0         Code  Gb  stm8l15x_it.o [1]
_interrupt_12           0x009398         Code  Gb  stm8l15x_it.o [1]
_interrupt_13           0x00921f         Code  Gb  stm8l15x_it.o [1]
_interrupt_14           0x009399         Code  Gb  stm8l15x_it.o [1]
_interrupt_15           0x00939a         Code  Gb  stm8l15x_it.o [1]
_interrupt_16           0x00939b         Code  Gb  stm8l15x_it.o [1]
_interrupt_17           0x009178         Code  Gb  stm8l15x_it.o [1]
_interrupt_18           0x00939c         Code  Gb  stm8l15x_it.o [1]
_interrupt_19           0x00939d         Code  Gb  stm8l15x_it.o [1]
_interrupt_20           0x00939e         Code  Gb  stm8l15x_it.o [1]
_interrupt_21           0x00939f         Code  Gb  stm8l15x_it.o [1]
_interrupt_22           0x0093a0         Code  Gb  stm8l15x_it.o [1]
_interrupt_23           0x0093a1         Code  Gb  stm8l15x_it.o [1]
_interrupt_24           0x0093a2         Code  Gb  stm8l15x_it.o [1]
_interrupt_25           0x0093a3         Code  Gb  stm8l15x_it.o [1]
_interrupt_26           0x0093a4         Code  Gb  stm8l15x_it.o [1]
_interrupt_27           0x008fcb         Code  Gb  stm8l15x_it.o [1]
_interrupt_28           0x0093a5         Code  Gb  stm8l15x_it.o [1]
_interrupt_29           0x0093a6         Code  Gb  stm8l15x_it.o [1]
_interrupt_3            0x009392         Code  Gb  stm8l15x_it.o [1]
_interrupt_30           0x0093a7         Code  Gb  stm8l15x_it.o [1]
_interrupt_31           0x0093a8         Code  Gb  stm8l15x_it.o [1]
_interrupt_4            0x009393         Code  Gb  stm8l15x_it.o [1]
_interrupt_5            0x009394         Code  Gb  stm8l15x_it.o [1]
_interrupt_6            0x009206         Code  Gb  stm8l15x_it.o [1]
_interrupt_7            0x009395         Code  Gb  stm8l15x_it.o [1]
_interrupt_8            0x009396         Code  Gb  stm8l15x_it.o [1]
_interrupt_9            0x009397         Code  Gb  stm8l15x_it.o [1]
check_sum               0x000194    0x1  Data  Lc  simple_protocol.o [1]
count                   0x000193    0x1  Data  Lc  simple_protocol.o [1]
counter                 0x000190    0x2  Data  Gb  timing.o [1]
data_received_flag      0x000195    0x1  Data  Lc  simple_protocol.o [1]
digital_tube_set        0x00857c   0x85  Code  Gb  LCD_driver.o [1]
exit                    0x009389    0x3  Code  Gb  exit.o [4]
header_time             0x000182    0x5  Data  Lc  simple_protocol.o [1]
icon_set                0x008601   0x1b  Code  Gb  LCD_driver.o [1]
icons                   0x000059   0x22  Data  Gb  LCD_driver.o [1]
idle_flag               0x0000eb    0x1  Data  Lc  simple_protocol.o [1]
idle_time               0x000187    0x5  Data  Lc  simple_protocol.o [1]
lcd_ram_buffer          0x000174    0xe  Data  Lc  LCD_driver.o [1]
main                    0x008080  0x251  Code  Gb  main.o [1]
mcu_init                0x009336    0xc  Code  Gb  main.o [1]
parameters_Config       0x008f98   0x33  Data  Gb  A7105_firmware_lib.o [1]
ram_offset              0x0000ec   0x70  Data  Gb  LCD_driver.o [1]
ram_offset_init         0x008f63   0x35  Code  Lc  LCD_driver.o [1]
receive_buffer          0x00015c   0x18  Data  Gb  simple_protocol.o [1]
receive_byte            0x008a0c   0xb1  Code  Lc  simple_protocol.o [1]
receive_byte::bit       0x000196    0x1  Data  Lc  simple_protocol.o [1]
receive_deal            0x0082d1  0x1a7  Code  Gb  simple_protocol.o [1]
receive_state           0x00018c    0x2  Data  Lc  simple_protocol.o [1]
segment_set             0x008478  0x104  Code  Lc  LCD_driver.o [1]
simple_protocol_data_received
                        0x0092ed   0x11  Code  Gb  simple_protocol.o [1]
timing_count_end        0x0090b2   0x28  Code  Gb  timing.o [1]
timing_get_count        0x00937f    0x4  Code  Lc  timing.o [1]
timing_set_counts       0x009102   0x22  Code  Gb  timing.o [1]
tubes                   0x00007b   0x70  Data  Gb  LCD_driver.o [1]
value_define            0x00000c   0x4d  Data  Gb  LCD_driver.o [1]


[1] = D:\local_svn\AYBR3000\AYBR3000_V2.0\AYBR3000_STM8\Project\Debug\Obj
[2] = command line
[3] = dbgstm8smd.a
[4] = dlstm8smn.a

  4 609 bytes of readonly  code memory
    425 bytes of readonly  data memory
    663 bytes of readwrite data memory

Errors: none
Warnings: none
