Loading plugins phase: Elapsed time ==> 0s.798ms
<CYPRESSTAG name="CyDsfit arguments...">
cydsfit arguments: -.fdsnotice -.fdswarpdepfile=warp_dependencies.txt -.fdselabdepfile=elab_dependencies.txt -.fdsbldfile=generated_files.txt -.fdsreffile=referenced_files.txt -p D:\local_svn\AYBR3000\AYBR3000_V2.0\AYBR3000\AYBR3000.cydsn\AYBR3000.cyprj -d CY8C4024LQI-S412 -s D:\local_svn\AYBR3000\AYBR3000_V2.0\AYBR3000\AYBR3000.cydsn\Generated_Source\PSoC4 -- -yv2 -q10 -ygs -o2 -v3 -.fftcfgtype=LE</CYPRESSTAG>
<CYPRESSTAG name="Design elaboration results...">
</CYPRESSTAG>
Elaboration phase: Elapsed time ==> 2s.454ms
<CYPRESSTAG name="HDL generation results...">
</CYPRESSTAG>
HDL generation phase: Elapsed time ==> 0s.086ms
<CYPRESSTAG name="Synthesis results...">

     | | | | | | |
   _________________
  -|               |-
  -|               |-
  -|               |-
  -|    CYPRESS    |-
  -|               |-
  -|               |-   Warp Verilog Synthesis Compiler: Version 6.3 IR 41
  -|               |-   Copyright (C) 1991-2001 Cypress Semiconductor
   |_______________|
     | | | | | | |

======================================================================
Compiling:  AYBR3000.v
Program  :   D:\Program Files (x86)\Cypress\PSoC Creator\4.0\PSoC Creator\warp\bin\warp.exe
Options  :    -yv2 -q10 -ygs -o2 -v3 -.fftcfgtype=LE -ya -.fftprj=D:\local_svn\AYBR3000\AYBR3000_V2.0\AYBR3000\AYBR3000.cydsn\AYBR3000.cyprj -dcpsoc3 AYBR3000.v -verilog
======================================================================

======================================================================
Compiling:  AYBR3000.v
Program  :   D:\Program Files (x86)\Cypress\PSoC Creator\4.0\PSoC Creator\warp\bin\warp.exe
Options  :    -yv2 -q10 -ygs -o2 -v3 -.fftcfgtype=LE -ya -.fftprj=D:\local_svn\AYBR3000\AYBR3000_V2.0\AYBR3000\AYBR3000.cydsn\AYBR3000.cyprj -dcpsoc3 AYBR3000.v -verilog
======================================================================

======================================================================
Compiling:  AYBR3000.v
Program  :   vlogfe
Options  :    -yv2 -q10 -ygs -o2 -v3 -.fftcfgtype=LE -ya -.fftprj=D:\local_svn\AYBR3000\AYBR3000_V2.0\AYBR3000\AYBR3000.cydsn\AYBR3000.cyprj -dcpsoc3 -verilog AYBR3000.v
======================================================================

vlogfe V6.3 IR 41:  Verilog parser
Sun Oct 29 20:40:41 2017


======================================================================
Compiling:  AYBR3000.v
Program  :   vpp
Options  :    -yv2 -q10 AYBR3000.v
======================================================================

vpp V6.3 IR 41:  Verilog Pre-Processor
Sun Oct 29 20:40:41 2017

Flattening file 'D:\Program Files (x86)\Cypress\PSoC Creator\4.0\PSoC Creator\psoc\content\cyprimitives\CyPrimitives.cylib\cy_analog_virtualmux_v1_0\cy_analog_virtualmux_v1_0.v'
Flattening file 'D:\Program Files (x86)\Cypress\PSoC Creator\4.0\PSoC Creator\psoc\content\cyprimitives\CyPrimitives.cylib\ZeroTerminal\ZeroTerminal.v'
Flattening file 'D:\Program Files (x86)\Cypress\PSoC Creator\4.0\PSoC Creator\psoc\content\cyprimitives\CyPrimitives.cylib\or_v1_0\or_v1_0.v'
Flattening file 'D:\Program Files (x86)\Cypress\PSoC Creator\4.0\PSoC Creator\psoc\content\cyprimitives\CyPrimitives.cylib\cy_virtualmux_v1_0\cy_virtualmux_v1_0.v'

vpp:  No errors.

Library 'work' => directory 'lcpsoc3'
General_symbol_table
General_symbol_table
Linking 'D:\Program Files (x86)\Cypress\PSoC Creator\4.0\PSoC Creator\warp\lib\common\std.vhd'.
Linking 'D:\Program Files (x86)\Cypress\PSoC Creator\4.0\PSoC Creator\warp\lib\common\cypress.vhd'.
Linking 'D:\Program Files (x86)\Cypress\PSoC Creator\4.0\PSoC Creator\warp\lib\common\work\cypress.vif'.
Linking 'D:\Program Files (x86)\Cypress\PSoC Creator\4.0\PSoC Creator\warp\lib\ieee\work\stdlogic.vif'.
Linking 'D:\Program Files (x86)\Cypress\PSoC Creator\4.0\PSoC Creator\warp\lib\common\stdlogic\lpmpkg.vif'.
Linking 'D:\Program Files (x86)\Cypress\PSoC Creator\4.0\PSoC Creator\warp\lib\common\stdlogic\rtlpkg.vif'.
Linking 'D:\Program Files (x86)\Cypress\PSoC Creator\4.0\PSoC Creator\warp\lib\common\stdlogic\mod_cnst.vif'.
Linking 'D:\Program Files (x86)\Cypress\PSoC Creator\4.0\PSoC Creator\warp\lib\common\stdlogic\mod_mthv.vif'.
Linking 'D:\Program Files (x86)\Cypress\PSoC Creator\4.0\PSoC Creator\warp\lib\common\stdlogic\mod_genv.vif'.
Using control file 'AYBR3000.ctl'.

vlogfe:  No errors.


======================================================================
Compiling:  AYBR3000.v
Program  :   tovif
Options  :    -yv2 -q10 -ygs -o2 -v3 -.fftcfgtype=LE -ya -.fftprj=D:\local_svn\AYBR3000\AYBR3000_V2.0\AYBR3000\AYBR3000.cydsn\AYBR3000.cyprj -dcpsoc3 -verilog AYBR3000.v
======================================================================

tovif V6.3 IR 41:  High-level synthesis
Sun Oct 29 20:40:42 2017

Linking 'D:\Program Files (x86)\Cypress\PSoC Creator\4.0\PSoC Creator\warp\lib\common\std.vhd'.
Linking 'D:\Program Files (x86)\Cypress\PSoC Creator\4.0\PSoC Creator\warp\lib\common\cypress.vhd'.
Linking 'D:\Program Files (x86)\Cypress\PSoC Creator\4.0\PSoC Creator\warp\lib\common\work\cypress.vif'.
Linking 'D:\Program Files (x86)\Cypress\PSoC Creator\4.0\PSoC Creator\warp\lib\ieee\work\stdlogic.vif'.
Linking 'D:\Program Files (x86)\Cypress\PSoC Creator\4.0\PSoC Creator\warp\lib\common\stdlogic\lpmpkg.vif'.
Linking 'D:\Program Files (x86)\Cypress\PSoC Creator\4.0\PSoC Creator\warp\lib\common\stdlogic\rtlpkg.vif'.
Linking 'D:\Program Files (x86)\Cypress\PSoC Creator\4.0\PSoC Creator\warp\lib\common\stdlogic\mod_cnst.vif'.
Linking 'D:\Program Files (x86)\Cypress\PSoC Creator\4.0\PSoC Creator\warp\lib\common\stdlogic\mod_mthv.vif'.
Linking 'D:\Program Files (x86)\Cypress\PSoC Creator\4.0\PSoC Creator\warp\lib\common\stdlogic\mod_genv.vif'.
Linking 'D:\local_svn\AYBR3000\AYBR3000_V2.0\AYBR3000\AYBR3000.cydsn\codegentemp\AYBR3000.ctl'.
Linking 'D:\Program Files (x86)\Cypress\PSoC Creator\4.0\PSoC Creator\psoc\content\cyprimitives\CyPrimitives.cylib\cy_analog_virtualmux_v1_0\cy_analog_virtualmux_v1_0.v'.
Linking 'D:\local_svn\AYBR3000\AYBR3000_V2.0\AYBR3000\AYBR3000.cydsn\codegentemp\AYBR3000.v'.
Linking 'D:\Program Files (x86)\Cypress\PSoC Creator\4.0\PSoC Creator\psoc\content\cyprimitives\CyPrimitives.cylib\ZeroTerminal\ZeroTerminal.v'.
Linking 'D:\Program Files (x86)\Cypress\PSoC Creator\4.0\PSoC Creator\psoc\content\cyprimitives\CyPrimitives.cylib\or_v1_0\or_v1_0.v'.
Linking 'D:\Program Files (x86)\Cypress\PSoC Creator\4.0\PSoC Creator\psoc\content\cyprimitives\CyPrimitives.cylib\cy_virtualmux_v1_0\cy_virtualmux_v1_0.v'.

tovif:  No errors.


======================================================================
Compiling:  AYBR3000.v
Program  :   topld
Options  :    -yv2 -q10 -ygs -o2 -v3 -.fftcfgtype=LE -ya -.fftprj=D:\local_svn\AYBR3000\AYBR3000_V2.0\AYBR3000\AYBR3000.cydsn\AYBR3000.cyprj -dcpsoc3 -verilog AYBR3000.v
======================================================================

topld V6.3 IR 41:  Synthesis and optimization
Sun Oct 29 20:40:42 2017

Linking 'D:\Program Files (x86)\Cypress\PSoC Creator\4.0\PSoC Creator\warp\lib\common\std.vhd'.
Linking 'D:\Program Files (x86)\Cypress\PSoC Creator\4.0\PSoC Creator\warp\lib\common\cypress.vhd'.
Linking 'D:\Program Files (x86)\Cypress\PSoC Creator\4.0\PSoC Creator\warp\lib\common\work\cypress.vif'.
Linking 'D:\Program Files (x86)\Cypress\PSoC Creator\4.0\PSoC Creator\warp\lib\ieee\work\stdlogic.vif'.
Linking 'D:\Program Files (x86)\Cypress\PSoC Creator\4.0\PSoC Creator\warp\lib\common\stdlogic\lpmpkg.vif'.
Linking 'D:\Program Files (x86)\Cypress\PSoC Creator\4.0\PSoC Creator\warp\lib\common\stdlogic\rtlpkg.vif'.
Linking 'D:\Program Files (x86)\Cypress\PSoC Creator\4.0\PSoC Creator\warp\lib\common\stdlogic\mod_cnst.vif'.
Linking 'D:\Program Files (x86)\Cypress\PSoC Creator\4.0\PSoC Creator\warp\lib\common\stdlogic\mod_mthv.vif'.
Linking 'D:\Program Files (x86)\Cypress\PSoC Creator\4.0\PSoC Creator\warp\lib\common\stdlogic\mod_genv.vif'.
Linking 'D:\local_svn\AYBR3000\AYBR3000_V2.0\AYBR3000\AYBR3000.cydsn\codegentemp\AYBR3000.ctl'.
Linking 'D:\Program Files (x86)\Cypress\PSoC Creator\4.0\PSoC Creator\psoc\content\cyprimitives\CyPrimitives.cylib\cy_analog_virtualmux_v1_0\cy_analog_virtualmux_v1_0.v'.
Linking 'D:\local_svn\AYBR3000\AYBR3000_V2.0\AYBR3000\AYBR3000.cydsn\codegentemp\AYBR3000.v'.
Linking 'D:\Program Files (x86)\Cypress\PSoC Creator\4.0\PSoC Creator\psoc\content\cyprimitives\CyPrimitives.cylib\ZeroTerminal\ZeroTerminal.v'.
Linking 'D:\Program Files (x86)\Cypress\PSoC Creator\4.0\PSoC Creator\psoc\content\cyprimitives\CyPrimitives.cylib\or_v1_0\or_v1_0.v'.
Linking 'D:\Program Files (x86)\Cypress\PSoC Creator\4.0\PSoC Creator\psoc\content\cyprimitives\CyPrimitives.cylib\cy_virtualmux_v1_0\cy_virtualmux_v1_0.v'.
Linking 'D:\Program Files (x86)\Cypress\PSoC Creator\4.0\PSoC Creator\warp\lib\lcpsoc3\stdlogic\cpsoc3.vif'.

----------------------------------------------------------
Detecting unused logic.
----------------------------------------------------------
    User names
	\key_touch:Net_147\
	\key_touch:Net_146\


Deleted 2 User equations/components.
Deleted 0 Synthesized equations/components.

------------------------------------------------------
Alias Detection
------------------------------------------------------
Aliasing \key_touch:Net_94\ to \key_touch:Net_95\
Aliasing \key_touch:Net_93\ to \key_touch:Net_95\
Aliasing \key_touch:Net_92\ to \key_touch:Net_95\
Aliasing \key_touch:tmpOE__Sns_net_10\ to \key_touch:tmpOE__Sns_net_11\
Aliasing \key_touch:tmpOE__Sns_net_9\ to \key_touch:tmpOE__Sns_net_11\
Aliasing \key_touch:tmpOE__Sns_net_8\ to \key_touch:tmpOE__Sns_net_11\
Aliasing \key_touch:tmpOE__Sns_net_7\ to \key_touch:tmpOE__Sns_net_11\
Aliasing \key_touch:tmpOE__Sns_net_6\ to \key_touch:tmpOE__Sns_net_11\
Aliasing \key_touch:tmpOE__Sns_net_5\ to \key_touch:tmpOE__Sns_net_11\
Aliasing \key_touch:tmpOE__Sns_net_4\ to \key_touch:tmpOE__Sns_net_11\
Aliasing \key_touch:tmpOE__Sns_net_3\ to \key_touch:tmpOE__Sns_net_11\
Aliasing \key_touch:tmpOE__Sns_net_2\ to \key_touch:tmpOE__Sns_net_11\
Aliasing \key_touch:tmpOE__Sns_net_1\ to \key_touch:tmpOE__Sns_net_11\
Aliasing \key_touch:tmpOE__Sns_net_0\ to \key_touch:tmpOE__Sns_net_11\
Aliasing zero to \key_touch:Net_95\
Aliasing one to \key_touch:tmpOE__Sns_net_11\
Aliasing \key_touch:Net_57\ to \key_touch:Net_95\
Aliasing \key_touch:Net_56\ to \key_touch:Net_95\
Aliasing \key_touch:Net_55\ to \key_touch:Net_95\
Aliasing \key_touch:Net_54\ to \key_touch:Net_95\
Aliasing \key_touch:Net_44\ to \key_touch:Net_95\
Aliasing \key_touch:Net_46\ to \key_touch:Net_95\
Aliasing \key_touch:Net_47\ to \key_touch:Net_95\
Aliasing \key_touch:Net_48\ to \key_touch:Net_95\
Aliasing \key_touch:tmpOE__Cmod_net_0\ to \key_touch:tmpOE__Sns_net_11\
Aliasing \Timer_1:Net_75\ to \key_touch:Net_95\
Aliasing \Timer_1:Net_69\ to \key_touch:tmpOE__Sns_net_11\
Aliasing \Timer_1:Net_66\ to \key_touch:Net_95\
Aliasing \Timer_1:Net_82\ to \key_touch:Net_95\
Aliasing \Timer_1:Net_72\ to \key_touch:Net_95\
Aliasing tmpOE__WAKE_UP_net_0 to \key_touch:tmpOE__Sns_net_11\
Aliasing tmpOE__SIMPLE_CLOCK_net_0 to \key_touch:tmpOE__Sns_net_11\
Aliasing tmpOE__SIMPLE_DATA_net_0 to \key_touch:tmpOE__Sns_net_11\
Removing Lhs of wire \key_touch:Net_94\[29] = \key_touch:Net_95\[28]
Removing Lhs of wire \key_touch:Net_93\[33] = \key_touch:Net_95\[28]
Removing Lhs of wire \key_touch:Net_92\[52] = \key_touch:Net_95\[28]
Removing Lhs of wire \key_touch:tmpOE__Sns_net_10\[56] = \key_touch:tmpOE__Sns_net_11\[55]
Removing Lhs of wire \key_touch:tmpOE__Sns_net_9\[57] = \key_touch:tmpOE__Sns_net_11\[55]
Removing Lhs of wire \key_touch:tmpOE__Sns_net_8\[58] = \key_touch:tmpOE__Sns_net_11\[55]
Removing Lhs of wire \key_touch:tmpOE__Sns_net_7\[59] = \key_touch:tmpOE__Sns_net_11\[55]
Removing Lhs of wire \key_touch:tmpOE__Sns_net_6\[60] = \key_touch:tmpOE__Sns_net_11\[55]
Removing Lhs of wire \key_touch:tmpOE__Sns_net_5\[61] = \key_touch:tmpOE__Sns_net_11\[55]
Removing Lhs of wire \key_touch:tmpOE__Sns_net_4\[62] = \key_touch:tmpOE__Sns_net_11\[55]
Removing Lhs of wire \key_touch:tmpOE__Sns_net_3\[63] = \key_touch:tmpOE__Sns_net_11\[55]
Removing Lhs of wire \key_touch:tmpOE__Sns_net_2\[64] = \key_touch:tmpOE__Sns_net_11\[55]
Removing Lhs of wire \key_touch:tmpOE__Sns_net_1\[65] = \key_touch:tmpOE__Sns_net_11\[55]
Removing Lhs of wire \key_touch:tmpOE__Sns_net_0\[66] = \key_touch:tmpOE__Sns_net_11\[55]
Removing Rhs of wire zero[67] = \key_touch:Net_95\[28]
Removing Rhs of wire one[93] = \key_touch:tmpOE__Sns_net_11\[55]
Removing Lhs of wire \key_touch:Net_57\[98] = zero[67]
Removing Lhs of wire \key_touch:Net_56\[99] = zero[67]
Removing Lhs of wire \key_touch:Net_55\[100] = zero[67]
Removing Lhs of wire \key_touch:Net_54\[101] = zero[67]
Removing Lhs of wire \key_touch:Net_44\[103] = zero[67]
Removing Lhs of wire \key_touch:Net_46\[104] = zero[67]
Removing Lhs of wire \key_touch:Net_47\[105] = zero[67]
Removing Lhs of wire \key_touch:Net_48\[106] = zero[67]
Removing Lhs of wire \key_touch:tmpOE__Cmod_net_0\[108] = one[93]
Removing Lhs of wire \Timer_1:Net_81\[119] = Net_35[131]
Removing Lhs of wire \Timer_1:Net_75\[120] = zero[67]
Removing Lhs of wire \Timer_1:Net_69\[121] = one[93]
Removing Lhs of wire \Timer_1:Net_66\[122] = zero[67]
Removing Lhs of wire \Timer_1:Net_82\[123] = zero[67]
Removing Lhs of wire \Timer_1:Net_72\[124] = zero[67]
Removing Lhs of wire tmpOE__WAKE_UP_net_0[135] = one[93]
Removing Lhs of wire tmpOE__SIMPLE_CLOCK_net_0[141] = one[93]
Removing Lhs of wire tmpOE__SIMPLE_DATA_net_0[147] = one[93]

------------------------------------------------------
Aliased 0 equations, 34 wires.
------------------------------------------------------

----------------------------------------------------------
Circuit simplification
----------------------------------------------------------

Substituting virtuals - pass 1:


----------------------------------------------------------
Circuit simplification results:

	Expanded 0 signals.
	Turned 0 signals into soft nodes.
	Maximum default expansion cost was set at 3.
----------------------------------------------------------

topld:  No errors.

CYPRESS_DIR    : D:\Program Files (x86)\Cypress\PSoC Creator\4.0\PSoC Creator\warp
Warp Program   : D:\Program Files (x86)\Cypress\PSoC Creator\4.0\PSoC Creator\warp\bin\warp.exe
Warp Arguments : -yv2 -q10 -ygs -o2 -v3 -.fftcfgtype=LE -ya -.fftprj=D:\local_svn\AYBR3000\AYBR3000_V2.0\AYBR3000\AYBR3000.cydsn\AYBR3000.cyprj -dcpsoc3 AYBR3000.v -verilog
</CYPRESSTAG>
Warp synthesis phase: Elapsed time ==> 0s.678ms
<CYPRESSTAG name="Fitter results...">
<CYPRESSTAG name="Fitter startup details...">
cyp3fit: V4.0.0.432, Family: PSoC3, Started at: Sunday, 29 October 2017 20:40:42
Options: -yv2 -q10 -ygs -o2 -v3 -.fftcfgtype=LE -ya -.fftprj=D:\local_svn\AYBR3000\AYBR3000_V2.0\AYBR3000\AYBR3000.cydsn\AYBR3000.cyprj -d CY8C4024LQI-S412 AYBR3000.v -verilog
</CYPRESSTAG>
<CYPRESSTAG name="Design parsing">
Design parsing phase: Elapsed time ==> 0s.017ms
</CYPRESSTAG>
<CYPRESSTAG name="Tech Mapping">
<CYPRESSTAG name="Initial Mapping" icon="FILE_RPT_TECHM">

Removing unused cells resulting from optimization
Done removing unused cells.
<CYPRESSTAG name="Global Clock Selection" icon="FILE_RPT_TECHM">
    Fixed Function Clock 2: Automatic-assigning  clock 'key_touch_ModClk'. Signal=\key_touch:Net_1423_ff2\
    Fixed Function Clock 3: Automatic-assigning  clock 'Clock_1'. Signal=Net_35_ff3
<CYPRESSTAG name="UDB Clock/Enable Remapping Results">
</CYPRESSTAG>
</CYPRESSTAG>

Removing unused cells resulting from optimization
Done removing unused cells.
<CYPRESSTAG name="Duplicate Macrocell detection">
</CYPRESSTAG>
</CYPRESSTAG>
<CYPRESSTAG name="Duplicate Macrocell detection">
</CYPRESSTAG>
<CYPRESSTAG name="Design Equations" icon="FILE_RPT_EQUATION">

------------------------------------------------------------
Design Equations
------------------------------------------------------------
    <CYPRESSTAG name="Pin listing">

    ------------------------------------------------------------
    Pin listing
    ------------------------------------------------------------

    Pin : Name = \key_touch:Sns(0)\
        Attributes:
            Alias: Button0_Sns0
            In Group/Port: True
            In Sync Option: AUTO
            Out Sync Option: AUTO
            Interrupt generated: False
            Interrupt mode: NONE
            Drive mode: HI_Z_ANALOG
            VTrip: EITHER
            Slew: FAST
            Input Sync needed: False
            Output Sync needed: False
            SC shield enabled: False
            POR State: ANY
            LCD Mode: COMMON
            Register Mode: RegComb
            CaSense Mode: NEITHER
            Treat as pin: True
            Is OE Registered: False
            Uses Analog: True
            Can contain Digital: False
            Is SIO: False
            SIO Output Buf: NONREGULATED
            SIO Input Buf: SINGLE_ENDED
            SIO HiFreq: LOW
            SIO Hyst: DISABLED
            SIO Vtrip: MULTIPLIER_0_5
            SIO Multiplier Index: 0
            SIO RefSel: VCC_IO
            Required Capabilitites: ANALOG
            Initial Value: 0
            IO Voltage: 0
        PORT MAP (
            pa_out => \key_touch:Sns(0)\__PA ,
            analog_term => \key_touch:Net_2_0\ ,
            pad => \key_touch:Sns(0)_PAD\ );
        Properties:
        {
        }

    Pin : Name = \key_touch:Sns(1)\
        Attributes:
            Alias: Button1_Sns0
            In Group/Port: True
            In Sync Option: AUTO
            Out Sync Option: AUTO
            Interrupt generated: False
            Interrupt mode: NONE
            Drive mode: HI_Z_ANALOG
            VTrip: EITHER
            Slew: FAST
            Input Sync needed: False
            Output Sync needed: False
            SC shield enabled: False
            POR State: ANY
            LCD Mode: COMMON
            Register Mode: RegComb
            CaSense Mode: NEITHER
            Treat as pin: True
            Is OE Registered: False
            Uses Analog: True
            Can contain Digital: False
            Is SIO: False
            SIO Output Buf: NONREGULATED
            SIO Input Buf: SINGLE_ENDED
            SIO HiFreq: LOW
            SIO Hyst: DISABLED
            SIO Vtrip: MULTIPLIER_0_5
            SIO Multiplier Index: 0
            SIO RefSel: VCC_IO
            Required Capabilitites: ANALOG
            Initial Value: 1
            IO Voltage: 0
        PORT MAP (
            pa_out => \key_touch:Sns(1)\__PA ,
            analog_term => \key_touch:Net_2_0\ ,
            pad => \key_touch:Sns(1)_PAD\ );
        Properties:
        {
        }

    Pin : Name = \key_touch:Sns(2)\
        Attributes:
            Alias: Button2_Sns0
            In Group/Port: True
            In Sync Option: AUTO
            Out Sync Option: AUTO
            Interrupt generated: False
            Interrupt mode: NONE
            Drive mode: HI_Z_ANALOG
            VTrip: EITHER
            Slew: FAST
            Input Sync needed: False
            Output Sync needed: False
            SC shield enabled: False
            POR State: ANY
            LCD Mode: COMMON
            Register Mode: RegComb
            CaSense Mode: NEITHER
            Treat as pin: True
            Is OE Registered: False
            Uses Analog: True
            Can contain Digital: False
            Is SIO: False
            SIO Output Buf: NONREGULATED
            SIO Input Buf: SINGLE_ENDED
            SIO HiFreq: LOW
            SIO Hyst: DISABLED
            SIO Vtrip: MULTIPLIER_0_5
            SIO Multiplier Index: 0
            SIO RefSel: VCC_IO
            Required Capabilitites: ANALOG
            Initial Value: 1
            IO Voltage: 0
        PORT MAP (
            pa_out => \key_touch:Sns(2)\__PA ,
            analog_term => \key_touch:Net_2_0\ ,
            pad => \key_touch:Sns(2)_PAD\ );
        Properties:
        {
        }

    Pin : Name = \key_touch:Sns(3)\
        Attributes:
            Alias: Button3_Sns0
            In Group/Port: True
            In Sync Option: AUTO
            Out Sync Option: AUTO
            Interrupt generated: False
            Interrupt mode: NONE
            Drive mode: HI_Z_ANALOG
            VTrip: EITHER
            Slew: FAST
            Input Sync needed: False
            Output Sync needed: False
            SC shield enabled: False
            POR State: ANY
            LCD Mode: COMMON
            Register Mode: RegComb
            CaSense Mode: NEITHER
            Treat as pin: True
            Is OE Registered: False
            Uses Analog: True
            Can contain Digital: False
            Is SIO: False
            SIO Output Buf: NONREGULATED
            SIO Input Buf: SINGLE_ENDED
            SIO HiFreq: LOW
            SIO Hyst: DISABLED
            SIO Vtrip: MULTIPLIER_0_5
            SIO Multiplier Index: 0
            SIO RefSel: VCC_IO
            Required Capabilitites: ANALOG
            Initial Value: 1
            IO Voltage: 0
        PORT MAP (
            pa_out => \key_touch:Sns(3)\__PA ,
            analog_term => \key_touch:Net_2_0\ ,
            pad => \key_touch:Sns(3)_PAD\ );
        Properties:
        {
        }

    Pin : Name = \key_touch:Sns(4)\
        Attributes:
            Alias: Button4_Sns0
            In Group/Port: True
            In Sync Option: AUTO
            Out Sync Option: AUTO
            Interrupt generated: False
            Interrupt mode: NONE
            Drive mode: HI_Z_ANALOG
            VTrip: EITHER
            Slew: FAST
            Input Sync needed: False
            Output Sync needed: False
            SC shield enabled: False
            POR State: ANY
            LCD Mode: COMMON
            Register Mode: RegComb
            CaSense Mode: NEITHER
            Treat as pin: True
            Is OE Registered: False
            Uses Analog: True
            Can contain Digital: False
            Is SIO: False
            SIO Output Buf: NONREGULATED
            SIO Input Buf: SINGLE_ENDED
            SIO HiFreq: LOW
            SIO Hyst: DISABLED
            SIO Vtrip: MULTIPLIER_0_5
            SIO Multiplier Index: 0
            SIO RefSel: VCC_IO
            Required Capabilitites: ANALOG
            Initial Value: 1
            IO Voltage: 0
        PORT MAP (
            pa_out => \key_touch:Sns(4)\__PA ,
            analog_term => \key_touch:Net_2_0\ ,
            pad => \key_touch:Sns(4)_PAD\ );
        Properties:
        {
        }

    Pin : Name = \key_touch:Sns(5)\
        Attributes:
            Alias: Button5_Sns0
            In Group/Port: True
            In Sync Option: AUTO
            Out Sync Option: AUTO
            Interrupt generated: False
            Interrupt mode: NONE
            Drive mode: HI_Z_ANALOG
            VTrip: EITHER
            Slew: FAST
            Input Sync needed: False
            Output Sync needed: False
            SC shield enabled: False
            POR State: ANY
            LCD Mode: COMMON
            Register Mode: RegComb
            CaSense Mode: NEITHER
            Treat as pin: True
            Is OE Registered: False
            Uses Analog: True
            Can contain Digital: False
            Is SIO: False
            SIO Output Buf: NONREGULATED
            SIO Input Buf: SINGLE_ENDED
            SIO HiFreq: LOW
            SIO Hyst: DISABLED
            SIO Vtrip: MULTIPLIER_0_5
            SIO Multiplier Index: 0
            SIO RefSel: VCC_IO
            Required Capabilitites: ANALOG
            Initial Value: 1
            IO Voltage: 0
        PORT MAP (
            pa_out => \key_touch:Sns(5)\__PA ,
            analog_term => \key_touch:Net_2_0\ ,
            pad => \key_touch:Sns(5)_PAD\ );
        Properties:
        {
        }

    Pin : Name = \key_touch:Sns(6)\
        Attributes:
            Alias: Button6_Sns0
            In Group/Port: True
            In Sync Option: AUTO
            Out Sync Option: AUTO
            Interrupt generated: False
            Interrupt mode: NONE
            Drive mode: HI_Z_ANALOG
            VTrip: EITHER
            Slew: FAST
            Input Sync needed: False
            Output Sync needed: False
            SC shield enabled: False
            POR State: ANY
            LCD Mode: COMMON
            Register Mode: RegComb
            CaSense Mode: NEITHER
            Treat as pin: True
            Is OE Registered: False
            Uses Analog: True
            Can contain Digital: False
            Is SIO: False
            SIO Output Buf: NONREGULATED
            SIO Input Buf: SINGLE_ENDED
            SIO HiFreq: LOW
            SIO Hyst: DISABLED
            SIO Vtrip: MULTIPLIER_0_5
            SIO Multiplier Index: 0
            SIO RefSel: VCC_IO
            Required Capabilitites: ANALOG
            Initial Value: 1
            IO Voltage: 0
        PORT MAP (
            pa_out => \key_touch:Sns(6)\__PA ,
            analog_term => \key_touch:Net_2_0\ ,
            pad => \key_touch:Sns(6)_PAD\ );
        Properties:
        {
        }

    Pin : Name = \key_touch:Sns(7)\
        Attributes:
            Alias: Button7_Sns0
            In Group/Port: True
            In Sync Option: AUTO
            Out Sync Option: AUTO
            Interrupt generated: False
            Interrupt mode: NONE
            Drive mode: HI_Z_ANALOG
            VTrip: EITHER
            Slew: FAST
            Input Sync needed: False
            Output Sync needed: False
            SC shield enabled: False
            POR State: ANY
            LCD Mode: COMMON
            Register Mode: RegComb
            CaSense Mode: NEITHER
            Treat as pin: True
            Is OE Registered: False
            Uses Analog: True
            Can contain Digital: False
            Is SIO: False
            SIO Output Buf: NONREGULATED
            SIO Input Buf: SINGLE_ENDED
            SIO HiFreq: LOW
            SIO Hyst: DISABLED
            SIO Vtrip: MULTIPLIER_0_5
            SIO Multiplier Index: 0
            SIO RefSel: VCC_IO
            Required Capabilitites: ANALOG
            Initial Value: 1
            IO Voltage: 0
        PORT MAP (
            pa_out => \key_touch:Sns(7)\__PA ,
            analog_term => \key_touch:Net_2_0\ ,
            pad => \key_touch:Sns(7)_PAD\ );
        Properties:
        {
        }

    Pin : Name = \key_touch:Sns(8)\
        Attributes:
            Alias: Button8_Sns0
            In Group/Port: True
            In Sync Option: AUTO
            Out Sync Option: AUTO
            Interrupt generated: False
            Interrupt mode: NONE
            Drive mode: HI_Z_ANALOG
            VTrip: EITHER
            Slew: FAST
            Input Sync needed: False
            Output Sync needed: False
            SC shield enabled: False
            POR State: ANY
            LCD Mode: COMMON
            Register Mode: RegComb
            CaSense Mode: NEITHER
            Treat as pin: True
            Is OE Registered: False
            Uses Analog: True
            Can contain Digital: False
            Is SIO: False
            SIO Output Buf: NONREGULATED
            SIO Input Buf: SINGLE_ENDED
            SIO HiFreq: LOW
            SIO Hyst: DISABLED
            SIO Vtrip: MULTIPLIER_0_5
            SIO Multiplier Index: 0
            SIO RefSel: VCC_IO
            Required Capabilitites: ANALOG
            Initial Value: 1
            IO Voltage: 0
        PORT MAP (
            pa_out => \key_touch:Sns(8)\__PA ,
            analog_term => \key_touch:Net_2_0\ ,
            pad => \key_touch:Sns(8)_PAD\ );
        Properties:
        {
        }

    Pin : Name = \key_touch:Sns(9)\
        Attributes:
            Alias: Button9_Sns0
            In Group/Port: True
            In Sync Option: AUTO
            Out Sync Option: AUTO
            Interrupt generated: False
            Interrupt mode: NONE
            Drive mode: HI_Z_ANALOG
            VTrip: EITHER
            Slew: FAST
            Input Sync needed: False
            Output Sync needed: False
            SC shield enabled: False
            POR State: ANY
            LCD Mode: COMMON
            Register Mode: RegComb
            CaSense Mode: NEITHER
            Treat as pin: True
            Is OE Registered: False
            Uses Analog: True
            Can contain Digital: False
            Is SIO: False
            SIO Output Buf: NONREGULATED
            SIO Input Buf: SINGLE_ENDED
            SIO HiFreq: LOW
            SIO Hyst: DISABLED
            SIO Vtrip: MULTIPLIER_0_5
            SIO Multiplier Index: 0
            SIO RefSel: VCC_IO
            Required Capabilitites: ANALOG
            Initial Value: 1
            IO Voltage: 0
        PORT MAP (
            pa_out => \key_touch:Sns(9)\__PA ,
            analog_term => \key_touch:Net_2_0\ ,
            pad => \key_touch:Sns(9)_PAD\ );
        Properties:
        {
        }

    Pin : Name = \key_touch:Sns(10)\
        Attributes:
            Alias: Button10_Sns0
            In Group/Port: True
            In Sync Option: AUTO
            Out Sync Option: AUTO
            Interrupt generated: False
            Interrupt mode: NONE
            Drive mode: HI_Z_ANALOG
            VTrip: EITHER
            Slew: FAST
            Input Sync needed: False
            Output Sync needed: False
            SC shield enabled: False
            POR State: ANY
            LCD Mode: COMMON
            Register Mode: RegComb
            CaSense Mode: NEITHER
            Treat as pin: True
            Is OE Registered: False
            Uses Analog: True
            Can contain Digital: False
            Is SIO: False
            SIO Output Buf: NONREGULATED
            SIO Input Buf: SINGLE_ENDED
            SIO HiFreq: LOW
            SIO Hyst: DISABLED
            SIO Vtrip: MULTIPLIER_0_5
            SIO Multiplier Index: 0
            SIO RefSel: VCC_IO
            Required Capabilitites: ANALOG
            Initial Value: 1
            IO Voltage: 0
        PORT MAP (
            pa_out => \key_touch:Sns(10)\__PA ,
            analog_term => \key_touch:Net_2_0\ ,
            pad => \key_touch:Sns(10)_PAD\ );
        Properties:
        {
        }

    Pin : Name = \key_touch:Sns(11)\
        Attributes:
            Alias: Button11_Sns0
            In Group/Port: True
            In Sync Option: AUTO
            Out Sync Option: AUTO
            Interrupt generated: False
            Interrupt mode: NONE
            Drive mode: HI_Z_ANALOG
            VTrip: EITHER
            Slew: FAST
            Input Sync needed: False
            Output Sync needed: False
            SC shield enabled: False
            POR State: ANY
            LCD Mode: COMMON
            Register Mode: RegComb
            CaSense Mode: NEITHER
            Treat as pin: True
            Is OE Registered: False
            Uses Analog: True
            Can contain Digital: False
            Is SIO: False
            SIO Output Buf: NONREGULATED
            SIO Input Buf: SINGLE_ENDED
            SIO HiFreq: LOW
            SIO Hyst: DISABLED
            SIO Vtrip: MULTIPLIER_0_5
            SIO Multiplier Index: 0
            SIO RefSel: VCC_IO
            Required Capabilitites: ANALOG
            Initial Value: 1
            IO Voltage: 0
        PORT MAP (
            pa_out => \key_touch:Sns(11)\__PA ,
            analog_term => \key_touch:Net_2_0\ ,
            pad => \key_touch:Sns(11)_PAD\ );
        Properties:
        {
        }

    Pin : Name = \key_touch:Cmod(0)\
        Attributes:
            Alias: Cmod
            In Group/Port: True
            In Sync Option: AUTO
            Out Sync Option: AUTO
            Interrupt generated: False
            Interrupt mode: NONE
            Drive mode: HI_Z_ANALOG
            VTrip: EITHER
            Slew: FAST
            Input Sync needed: False
            Output Sync needed: False
            SC shield enabled: False
            POR State: ANY
            LCD Mode: COMMON
            Register Mode: RegComb
            CaSense Mode: NEITHER
            Treat as pin: True
            Is OE Registered: False
            Uses Analog: True
            Can contain Digital: False
            Is SIO: False
            SIO Output Buf: NONREGULATED
            SIO Input Buf: SINGLE_ENDED
            SIO HiFreq: LOW
            SIO Hyst: DISABLED
            SIO Vtrip: MULTIPLIER_0_5
            SIO Multiplier Index: 0
            SIO RefSel: VCC_IO
            Required Capabilitites: ANALOG
            Initial Value: 0
            IO Voltage: 0
        PORT MAP (
            pa_out => \key_touch:Cmod(0)\__PA ,
            analog_term => \key_touch:Net_314\ ,
            pad => \key_touch:Cmod(0)_PAD\ );
        Properties:
        {
        }

    Pin : Name = WAKE_UP(0)
        Attributes:
            In Group/Port: True
            In Sync Option: AUTO
            Out Sync Option: NOSYNC
            Interrupt generated: False
            Interrupt mode: NONE
            Drive mode: CMOS_OUT
            VTrip: EITHER
            Slew: FAST
            Input Sync needed: False
            Output Sync needed: False
            SC shield enabled: False
            POR State: ANY
            LCD Mode: COMMON
            Register Mode: RegComb
            CaSense Mode: NEITHER
            Treat as pin: True
            Is OE Registered: False
            Uses Analog: False
            Can contain Digital: True
            Is SIO: False
            SIO Output Buf: NONREGULATED
            SIO Input Buf: SINGLE_ENDED
            SIO HiFreq: LOW
            SIO Hyst: DISABLED
            SIO Vtrip: MULTIPLIER_0_5
            SIO Multiplier Index: 0
            SIO RefSel: VCC_IO
            Required Capabilitites: DIGITAL
            Initial Value: 0
            IO Voltage: 0
        PORT MAP (
            pa_out => WAKE_UP(0)__PA ,
            pad => WAKE_UP(0)_PAD );
        Properties:
        {
        }

    Pin : Name = SIMPLE_CLOCK(0)
        Attributes:
            In Group/Port: True
            In Sync Option: AUTO
            Out Sync Option: NOSYNC
            Interrupt generated: False
            Interrupt mode: NONE
            Drive mode: CMOS_OUT
            VTrip: EITHER
            Slew: FAST
            Input Sync needed: False
            Output Sync needed: False
            SC shield enabled: False
            POR State: ANY
            LCD Mode: COMMON
            Register Mode: RegComb
            CaSense Mode: NEITHER
            Treat as pin: True
            Is OE Registered: False
            Uses Analog: False
            Can contain Digital: True
            Is SIO: False
            SIO Output Buf: NONREGULATED
            SIO Input Buf: SINGLE_ENDED
            SIO HiFreq: LOW
            SIO Hyst: DISABLED
            SIO Vtrip: MULTIPLIER_0_5
            SIO Multiplier Index: 0
            SIO RefSel: VCC_IO
            Required Capabilitites: DIGITAL
            Initial Value: 0
            IO Voltage: 0
        PORT MAP (
            pa_out => SIMPLE_CLOCK(0)__PA ,
            pad => SIMPLE_CLOCK(0)_PAD );
        Properties:
        {
        }

    Pin : Name = SIMPLE_DATA(0)
        Attributes:
            In Group/Port: True
            In Sync Option: AUTO
            Out Sync Option: NOSYNC
            Interrupt generated: False
            Interrupt mode: NONE
            Drive mode: CMOS_OUT
            VTrip: EITHER
            Slew: FAST
            Input Sync needed: False
            Output Sync needed: False
            SC shield enabled: False
            POR State: ANY
            LCD Mode: COMMON
            Register Mode: RegComb
            CaSense Mode: NEITHER
            Treat as pin: True
            Is OE Registered: False
            Uses Analog: False
            Can contain Digital: True
            Is SIO: False
            SIO Output Buf: NONREGULATED
            SIO Input Buf: SINGLE_ENDED
            SIO HiFreq: LOW
            SIO Hyst: DISABLED
            SIO Vtrip: MULTIPLIER_0_5
            SIO Multiplier Index: 0
            SIO RefSel: VCC_IO
            Required Capabilitites: DIGITAL
            Initial Value: 0
            IO Voltage: 0
        PORT MAP (
            pa_out => SIMPLE_DATA(0)__PA ,
            pad => SIMPLE_DATA(0)_PAD );
        Properties:
        {
        }
    </CYPRESSTAG>
    <CYPRESSTAG name="Macrocell listing" icon="FILE_RPT_EQUATION">
    </CYPRESSTAG>
    <CYPRESSTAG name="Datapath listing">
    </CYPRESSTAG>
    <CYPRESSTAG name="Status register listing">
    </CYPRESSTAG>
    <CYPRESSTAG name="StatusI register listing">
    </CYPRESSTAG>
    <CYPRESSTAG name="Sync listing">
    </CYPRESSTAG>
    <CYPRESSTAG name="Control register listing">
    </CYPRESSTAG>
    <CYPRESSTAG name="Count7 listing">
    </CYPRESSTAG>
    <CYPRESSTAG name="DRQ listing">
    </CYPRESSTAG>
    <CYPRESSTAG name="Interrupt listing">

    ------------------------------------------------------------
    Interrupt listing
    ------------------------------------------------------------

    interrupt: Name =\key_touch:ISR\
        PORT MAP (
            interrupt => \key_touch:Net_120\ );
        Properties:
        {
            int_type = "10"
            is_nmi = 0
        }

    interrupt: Name =time_1ms_ISR
        PORT MAP (
            interrupt => Net_25 );
        Properties:
        {
            int_type = "10"
            is_nmi = 0
        }
    </CYPRESSTAG>
</CYPRESSTAG>
<CYPRESSTAG name="Technology mapping summary" expanded>

------------------------------------------------------------
Technology mapping summary
------------------------------------------------------------

Resource Type                 : Used : Free :  Max :  % Used
============================================================
Interrupts                    :    2 :   14 :   16 : 12.50 %
IO                            :   18 :    9 :   27 : 66.67 %
Segment LCD                   :    0 :    1 :    1 :  0.00 %
CapSense                      :    1 :    0 :    1 : 100.00 %
Serial Communication (SCB)    :    0 :    2 :    2 :  0.00 %
Timer/Counter/PWM             :    1 :    4 :    5 : 20.00 %
Smart IO Ports                :    0 :    2 :    2 :  0.00 %
Comparator                    :    1 :    0 :    1 : 100.00 %
LP Comparator                 :    0 :    2 :    2 :  0.00 %
DAC                           :      :      :      :        
  7-bit IDAC                  :    2 :    0 :    2 : 100.00 %
</CYPRESSTAG>
Technology Mapping: Elapsed time ==> 0s.029ms
Tech Mapping phase: Elapsed time ==> 0s.047ms
</CYPRESSTAG>
<CYPRESSTAG name="Analog Placement">
<CYPRESSTAG name="Analog Placement">
Elapsed time ==> 0.2388227s
</CYPRESSTAG>
Analog Placement phase: Elapsed time ==> 0s.421ms
</CYPRESSTAG>
<CYPRESSTAG name="Analog Routing">
<CYPRESSTAG name="Analog Routing">
Route success=True, Iterations=1 Elapsed=0.0066474 secs
</CYPRESSTAG>
Analog Routing phase: Elapsed time ==> 0s.008ms
</CYPRESSTAG>
<CYPRESSTAG name="Analog Code Generation">
============ Analog Final Answer Routes ============
Dump of CyAnalogRoutingResultsDB
Map of net to items {
  Net: \key_touch:Net_150\ {
  }
  Net: \key_touch:Net_2_0\ {
    CSD0_sense_internal
    swh_7
    sense0
    BYA
    amuxbusa
    P2_P42
    p2_2
    P2_P43
    p2_3
    P3_P40
    p3_0
    P2_P45
    p2_5
    P3_P41
    p3_1
    P2_P46
    p2_6
    P2_P47
    p2_7
    P0_P42
    p0_2
    P0_P43
    p0_3
    P4_P40
    p4_0
    P0_P41
    p0_1
    P0_P40
    p0_0
    P4_P42
    p4_2
    idac1_out
    IAIB
    idac0_out
    swhv_3
  }
}
Map of item to net {
  CSD0_sense_internal                              -> \key_touch:Net_2_0\
  swh_7                                            -> \key_touch:Net_2_0\
  sense0                                           -> \key_touch:Net_2_0\
  BYA                                              -> \key_touch:Net_2_0\
  amuxbusa                                         -> \key_touch:Net_2_0\
  P2_P42                                           -> \key_touch:Net_2_0\
  p2_2                                             -> \key_touch:Net_2_0\
  P2_P43                                           -> \key_touch:Net_2_0\
  p2_3                                             -> \key_touch:Net_2_0\
  P3_P40                                           -> \key_touch:Net_2_0\
  p3_0                                             -> \key_touch:Net_2_0\
  P2_P45                                           -> \key_touch:Net_2_0\
  p2_5                                             -> \key_touch:Net_2_0\
  P3_P41                                           -> \key_touch:Net_2_0\
  p3_1                                             -> \key_touch:Net_2_0\
  P2_P46                                           -> \key_touch:Net_2_0\
  p2_6                                             -> \key_touch:Net_2_0\
  P2_P47                                           -> \key_touch:Net_2_0\
  p2_7                                             -> \key_touch:Net_2_0\
  P0_P42                                           -> \key_touch:Net_2_0\
  p0_2                                             -> \key_touch:Net_2_0\
  P0_P43                                           -> \key_touch:Net_2_0\
  p0_3                                             -> \key_touch:Net_2_0\
  P4_P40                                           -> \key_touch:Net_2_0\
  p4_0                                             -> \key_touch:Net_2_0\
  P0_P41                                           -> \key_touch:Net_2_0\
  p0_1                                             -> \key_touch:Net_2_0\
  P0_P40                                           -> \key_touch:Net_2_0\
  p0_0                                             -> \key_touch:Net_2_0\
  P4_P42                                           -> \key_touch:Net_2_0\
  p4_2                                             -> \key_touch:Net_2_0\
  idac1_out                                        -> \key_touch:Net_2_0\
  IAIB                                             -> \key_touch:Net_2_0\
  idac0_out                                        -> \key_touch:Net_2_0\
  swhv_3                                           -> \key_touch:Net_2_0\
}
Mux Info {
}
Analog Code Generation phase: Elapsed time ==> 0s.035ms
</CYPRESSTAG>
<CYPRESSTAG name="Digital Placement">
<CYPRESSTAG name="Detailed placement messages">
I2076: Total run-time: 0.1 sec.

</CYPRESSTAG>
<CYPRESSTAG name="PLD Packing">
<CYPRESSTAG name="PLD Packing Summary">
No PLDs were packed.
</CYPRESSTAG>
PLD Packing: Elapsed time ==> 0s.001ms
</CYPRESSTAG>
<CYPRESSTAG name="Partitioning">
<CYPRESSTAG name="Initial Partitioning Summary">
Initial Partitioning Summary not displayed at this verbose level.</CYPRESSTAG>
<CYPRESSTAG name="Final Partitioning Summary">
Final Partitioning Summary not displayed at this verbose level.</CYPRESSTAG>
Partitioning: Elapsed time ==> 0s.021ms
</CYPRESSTAG>
<CYPRESSTAG name="Final Placement Summary">

------------------------------------------------------------
Final Placement Summary
------------------------------------------------------------

       Resource Type :      Count : Avg Inputs : Avg Outputs
    ========================================================
                 UDB :          0 :       0.00 :       0.00
<CYPRESSTAG name="Final Placement Details">
<CYPRESSTAG name="Component Details">

------------------------------------------------------------
Component Placement Details
------------------------------------------------------------
Intr container @ [IntrContainer=(0)]: 
  Intr@ [IntrContainer=(0)][IntrId=(10)] 
    interrupt: Name =\key_touch:ISR\
        PORT MAP (
            interrupt => \key_touch:Net_120\ );
        Properties:
        {
            int_type = "10"
            is_nmi = 0
        }
  Intr@ [IntrContainer=(0)][IntrId=(11)] 
    interrupt: Name =time_1ms_ISR
        PORT MAP (
            interrupt => Net_25 );
        Properties:
        {
            int_type = "10"
            is_nmi = 0
        }
Port 0 contains the following IO cells:
[IoId=0]: 
Pin : Name = \key_touch:Sns(0)\
    Attributes:
        Alias: Button0_Sns0
        In Group/Port: True
        In Sync Option: AUTO
        Out Sync Option: AUTO
        Interrupt generated: False
        Interrupt mode: NONE
        Drive mode: HI_Z_ANALOG
        VTrip: EITHER
        Slew: FAST
        Input Sync needed: False
        Output Sync needed: False
        SC shield enabled: False
        POR State: ANY
        LCD Mode: COMMON
        Register Mode: RegComb
        CaSense Mode: NEITHER
        Treat as pin: True
        Is OE Registered: False
        Uses Analog: True
        Can contain Digital: False
        Is SIO: False
        SIO Output Buf: NONREGULATED
        SIO Input Buf: SINGLE_ENDED
        SIO HiFreq: LOW
        SIO Hyst: DISABLED
        SIO Vtrip: MULTIPLIER_0_5
        SIO Multiplier Index: 0
        SIO RefSel: VCC_IO
        Required Capabilitites: ANALOG
        Initial Value: 0
        IO Voltage: 0
    PORT MAP (
        pa_out => \key_touch:Sns(0)\__PA ,
        analog_term => \key_touch:Net_2_0\ ,
        pad => \key_touch:Sns(0)_PAD\ );
    Properties:
    {
    }

[IoId=1]: 
Pin : Name = \key_touch:Sns(1)\
    Attributes:
        Alias: Button1_Sns0
        In Group/Port: True
        In Sync Option: AUTO
        Out Sync Option: AUTO
        Interrupt generated: False
        Interrupt mode: NONE
        Drive mode: HI_Z_ANALOG
        VTrip: EITHER
        Slew: FAST
        Input Sync needed: False
        Output Sync needed: False
        SC shield enabled: False
        POR State: ANY
        LCD Mode: COMMON
        Register Mode: RegComb
        CaSense Mode: NEITHER
        Treat as pin: True
        Is OE Registered: False
        Uses Analog: True
        Can contain Digital: False
        Is SIO: False
        SIO Output Buf: NONREGULATED
        SIO Input Buf: SINGLE_ENDED
        SIO HiFreq: LOW
        SIO Hyst: DISABLED
        SIO Vtrip: MULTIPLIER_0_5
        SIO Multiplier Index: 0
        SIO RefSel: VCC_IO
        Required Capabilitites: ANALOG
        Initial Value: 1
        IO Voltage: 0
    PORT MAP (
        pa_out => \key_touch:Sns(1)\__PA ,
        analog_term => \key_touch:Net_2_0\ ,
        pad => \key_touch:Sns(1)_PAD\ );
    Properties:
    {
    }

[IoId=2]: 
Pin : Name = \key_touch:Sns(2)\
    Attributes:
        Alias: Button2_Sns0
        In Group/Port: True
        In Sync Option: AUTO
        Out Sync Option: AUTO
        Interrupt generated: False
        Interrupt mode: NONE
        Drive mode: HI_Z_ANALOG
        VTrip: EITHER
        Slew: FAST
        Input Sync needed: False
        Output Sync needed: False
        SC shield enabled: False
        POR State: ANY
        LCD Mode: COMMON
        Register Mode: RegComb
        CaSense Mode: NEITHER
        Treat as pin: True
        Is OE Registered: False
        Uses Analog: True
        Can contain Digital: False
        Is SIO: False
        SIO Output Buf: NONREGULATED
        SIO Input Buf: SINGLE_ENDED
        SIO HiFreq: LOW
        SIO Hyst: DISABLED
        SIO Vtrip: MULTIPLIER_0_5
        SIO Multiplier Index: 0
        SIO RefSel: VCC_IO
        Required Capabilitites: ANALOG
        Initial Value: 1
        IO Voltage: 0
    PORT MAP (
        pa_out => \key_touch:Sns(2)\__PA ,
        analog_term => \key_touch:Net_2_0\ ,
        pad => \key_touch:Sns(2)_PAD\ );
    Properties:
    {
    }

[IoId=3]: 
Pin : Name = \key_touch:Sns(3)\
    Attributes:
        Alias: Button3_Sns0
        In Group/Port: True
        In Sync Option: AUTO
        Out Sync Option: AUTO
        Interrupt generated: False
        Interrupt mode: NONE
        Drive mode: HI_Z_ANALOG
        VTrip: EITHER
        Slew: FAST
        Input Sync needed: False
        Output Sync needed: False
        SC shield enabled: False
        POR State: ANY
        LCD Mode: COMMON
        Register Mode: RegComb
        CaSense Mode: NEITHER
        Treat as pin: True
        Is OE Registered: False
        Uses Analog: True
        Can contain Digital: False
        Is SIO: False
        SIO Output Buf: NONREGULATED
        SIO Input Buf: SINGLE_ENDED
        SIO HiFreq: LOW
        SIO Hyst: DISABLED
        SIO Vtrip: MULTIPLIER_0_5
        SIO Multiplier Index: 0
        SIO RefSel: VCC_IO
        Required Capabilitites: ANALOG
        Initial Value: 1
        IO Voltage: 0
    PORT MAP (
        pa_out => \key_touch:Sns(3)\__PA ,
        analog_term => \key_touch:Net_2_0\ ,
        pad => \key_touch:Sns(3)_PAD\ );
    Properties:
    {
    }

Port 1 contains the following IO cells:
[IoId=0]: 
Pin : Name = SIMPLE_CLOCK(0)
    Attributes:
        In Group/Port: True
        In Sync Option: AUTO
        Out Sync Option: NOSYNC
        Interrupt generated: False
        Interrupt mode: NONE
        Drive mode: CMOS_OUT
        VTrip: EITHER
        Slew: FAST
        Input Sync needed: False
        Output Sync needed: False
        SC shield enabled: False
        POR State: ANY
        LCD Mode: COMMON
        Register Mode: RegComb
        CaSense Mode: NEITHER
        Treat as pin: True
        Is OE Registered: False
        Uses Analog: False
        Can contain Digital: True
        Is SIO: False
        SIO Output Buf: NONREGULATED
        SIO Input Buf: SINGLE_ENDED
        SIO HiFreq: LOW
        SIO Hyst: DISABLED
        SIO Vtrip: MULTIPLIER_0_5
        SIO Multiplier Index: 0
        SIO RefSel: VCC_IO
        Required Capabilitites: DIGITAL
        Initial Value: 0
        IO Voltage: 0
    PORT MAP (
        pa_out => SIMPLE_CLOCK(0)__PA ,
        pad => SIMPLE_CLOCK(0)_PAD );
    Properties:
    {
    }

[IoId=1]: 
Pin : Name = SIMPLE_DATA(0)
    Attributes:
        In Group/Port: True
        In Sync Option: AUTO
        Out Sync Option: NOSYNC
        Interrupt generated: False
        Interrupt mode: NONE
        Drive mode: CMOS_OUT
        VTrip: EITHER
        Slew: FAST
        Input Sync needed: False
        Output Sync needed: False
        SC shield enabled: False
        POR State: ANY
        LCD Mode: COMMON
        Register Mode: RegComb
        CaSense Mode: NEITHER
        Treat as pin: True
        Is OE Registered: False
        Uses Analog: False
        Can contain Digital: True
        Is SIO: False
        SIO Output Buf: NONREGULATED
        SIO Input Buf: SINGLE_ENDED
        SIO HiFreq: LOW
        SIO Hyst: DISABLED
        SIO Vtrip: MULTIPLIER_0_5
        SIO Multiplier Index: 0
        SIO RefSel: VCC_IO
        Required Capabilitites: DIGITAL
        Initial Value: 0
        IO Voltage: 0
    PORT MAP (
        pa_out => SIMPLE_DATA(0)__PA ,
        pad => SIMPLE_DATA(0)_PAD );
    Properties:
    {
    }

Port 2 contains the following IO cells:
[IoId=1]: 
Pin : Name = WAKE_UP(0)
    Attributes:
        In Group/Port: True
        In Sync Option: AUTO
        Out Sync Option: NOSYNC
        Interrupt generated: False
        Interrupt mode: NONE
        Drive mode: CMOS_OUT
        VTrip: EITHER
        Slew: FAST
        Input Sync needed: False
        Output Sync needed: False
        SC shield enabled: False
        POR State: ANY
        LCD Mode: COMMON
        Register Mode: RegComb
        CaSense Mode: NEITHER
        Treat as pin: True
        Is OE Registered: False
        Uses Analog: False
        Can contain Digital: True
        Is SIO: False
        SIO Output Buf: NONREGULATED
        SIO Input Buf: SINGLE_ENDED
        SIO HiFreq: LOW
        SIO Hyst: DISABLED
        SIO Vtrip: MULTIPLIER_0_5
        SIO Multiplier Index: 0
        SIO RefSel: VCC_IO
        Required Capabilitites: DIGITAL
        Initial Value: 0
        IO Voltage: 0
    PORT MAP (
        pa_out => WAKE_UP(0)__PA ,
        pad => WAKE_UP(0)_PAD );
    Properties:
    {
    }

[IoId=2]: 
Pin : Name = \key_touch:Sns(6)\
    Attributes:
        Alias: Button6_Sns0
        In Group/Port: True
        In Sync Option: AUTO
        Out Sync Option: AUTO
        Interrupt generated: False
        Interrupt mode: NONE
        Drive mode: HI_Z_ANALOG
        VTrip: EITHER
        Slew: FAST
        Input Sync needed: False
        Output Sync needed: False
        SC shield enabled: False
        POR State: ANY
        LCD Mode: COMMON
        Register Mode: RegComb
        CaSense Mode: NEITHER
        Treat as pin: True
        Is OE Registered: False
        Uses Analog: True
        Can contain Digital: False
        Is SIO: False
        SIO Output Buf: NONREGULATED
        SIO Input Buf: SINGLE_ENDED
        SIO HiFreq: LOW
        SIO Hyst: DISABLED
        SIO Vtrip: MULTIPLIER_0_5
        SIO Multiplier Index: 0
        SIO RefSel: VCC_IO
        Required Capabilitites: ANALOG
        Initial Value: 1
        IO Voltage: 0
    PORT MAP (
        pa_out => \key_touch:Sns(6)\__PA ,
        analog_term => \key_touch:Net_2_0\ ,
        pad => \key_touch:Sns(6)_PAD\ );
    Properties:
    {
    }

[IoId=3]: 
Pin : Name = \key_touch:Sns(7)\
    Attributes:
        Alias: Button7_Sns0
        In Group/Port: True
        In Sync Option: AUTO
        Out Sync Option: AUTO
        Interrupt generated: False
        Interrupt mode: NONE
        Drive mode: HI_Z_ANALOG
        VTrip: EITHER
        Slew: FAST
        Input Sync needed: False
        Output Sync needed: False
        SC shield enabled: False
        POR State: ANY
        LCD Mode: COMMON
        Register Mode: RegComb
        CaSense Mode: NEITHER
        Treat as pin: True
        Is OE Registered: False
        Uses Analog: True
        Can contain Digital: False
        Is SIO: False
        SIO Output Buf: NONREGULATED
        SIO Input Buf: SINGLE_ENDED
        SIO HiFreq: LOW
        SIO Hyst: DISABLED
        SIO Vtrip: MULTIPLIER_0_5
        SIO Multiplier Index: 0
        SIO RefSel: VCC_IO
        Required Capabilitites: ANALOG
        Initial Value: 1
        IO Voltage: 0
    PORT MAP (
        pa_out => \key_touch:Sns(7)\__PA ,
        analog_term => \key_touch:Net_2_0\ ,
        pad => \key_touch:Sns(7)_PAD\ );
    Properties:
    {
    }

[IoId=5]: 
Pin : Name = \key_touch:Sns(8)\
    Attributes:
        Alias: Button8_Sns0
        In Group/Port: True
        In Sync Option: AUTO
        Out Sync Option: AUTO
        Interrupt generated: False
        Interrupt mode: NONE
        Drive mode: HI_Z_ANALOG
        VTrip: EITHER
        Slew: FAST
        Input Sync needed: False
        Output Sync needed: False
        SC shield enabled: False
        POR State: ANY
        LCD Mode: COMMON
        Register Mode: RegComb
        CaSense Mode: NEITHER
        Treat as pin: True
        Is OE Registered: False
        Uses Analog: True
        Can contain Digital: False
        Is SIO: False
        SIO Output Buf: NONREGULATED
        SIO Input Buf: SINGLE_ENDED
        SIO HiFreq: LOW
        SIO Hyst: DISABLED
        SIO Vtrip: MULTIPLIER_0_5
        SIO Multiplier Index: 0
        SIO RefSel: VCC_IO
        Required Capabilitites: ANALOG
        Initial Value: 1
        IO Voltage: 0
    PORT MAP (
        pa_out => \key_touch:Sns(8)\__PA ,
        analog_term => \key_touch:Net_2_0\ ,
        pad => \key_touch:Sns(8)_PAD\ );
    Properties:
    {
    }

[IoId=6]: 
Pin : Name = \key_touch:Sns(9)\
    Attributes:
        Alias: Button9_Sns0
        In Group/Port: True
        In Sync Option: AUTO
        Out Sync Option: AUTO
        Interrupt generated: False
        Interrupt mode: NONE
        Drive mode: HI_Z_ANALOG
        VTrip: EITHER
        Slew: FAST
        Input Sync needed: False
        Output Sync needed: False
        SC shield enabled: False
        POR State: ANY
        LCD Mode: COMMON
        Register Mode: RegComb
        CaSense Mode: NEITHER
        Treat as pin: True
        Is OE Registered: False
        Uses Analog: True
        Can contain Digital: False
        Is SIO: False
        SIO Output Buf: NONREGULATED
        SIO Input Buf: SINGLE_ENDED
        SIO HiFreq: LOW
        SIO Hyst: DISABLED
        SIO Vtrip: MULTIPLIER_0_5
        SIO Multiplier Index: 0
        SIO RefSel: VCC_IO
        Required Capabilitites: ANALOG
        Initial Value: 1
        IO Voltage: 0
    PORT MAP (
        pa_out => \key_touch:Sns(9)\__PA ,
        analog_term => \key_touch:Net_2_0\ ,
        pad => \key_touch:Sns(9)_PAD\ );
    Properties:
    {
    }

[IoId=7]: 
Pin : Name = \key_touch:Sns(10)\
    Attributes:
        Alias: Button10_Sns0
        In Group/Port: True
        In Sync Option: AUTO
        Out Sync Option: AUTO
        Interrupt generated: False
        Interrupt mode: NONE
        Drive mode: HI_Z_ANALOG
        VTrip: EITHER
        Slew: FAST
        Input Sync needed: False
        Output Sync needed: False
        SC shield enabled: False
        POR State: ANY
        LCD Mode: COMMON
        Register Mode: RegComb
        CaSense Mode: NEITHER
        Treat as pin: True
        Is OE Registered: False
        Uses Analog: True
        Can contain Digital: False
        Is SIO: False
        SIO Output Buf: NONREGULATED
        SIO Input Buf: SINGLE_ENDED
        SIO HiFreq: LOW
        SIO Hyst: DISABLED
        SIO Vtrip: MULTIPLIER_0_5
        SIO Multiplier Index: 0
        SIO RefSel: VCC_IO
        Required Capabilitites: ANALOG
        Initial Value: 1
        IO Voltage: 0
    PORT MAP (
        pa_out => \key_touch:Sns(10)\__PA ,
        analog_term => \key_touch:Net_2_0\ ,
        pad => \key_touch:Sns(10)_PAD\ );
    Properties:
    {
    }

Port 3 contains the following IO cells:
[IoId=0]: 
Pin : Name = \key_touch:Sns(11)\
    Attributes:
        Alias: Button11_Sns0
        In Group/Port: True
        In Sync Option: AUTO
        Out Sync Option: AUTO
        Interrupt generated: False
        Interrupt mode: NONE
        Drive mode: HI_Z_ANALOG
        VTrip: EITHER
        Slew: FAST
        Input Sync needed: False
        Output Sync needed: False
        SC shield enabled: False
        POR State: ANY
        LCD Mode: COMMON
        Register Mode: RegComb
        CaSense Mode: NEITHER
        Treat as pin: True
        Is OE Registered: False
        Uses Analog: True
        Can contain Digital: False
        Is SIO: False
        SIO Output Buf: NONREGULATED
        SIO Input Buf: SINGLE_ENDED
        SIO HiFreq: LOW
        SIO Hyst: DISABLED
        SIO Vtrip: MULTIPLIER_0_5
        SIO Multiplier Index: 0
        SIO RefSel: VCC_IO
        Required Capabilitites: ANALOG
        Initial Value: 1
        IO Voltage: 0
    PORT MAP (
        pa_out => \key_touch:Sns(11)\__PA ,
        analog_term => \key_touch:Net_2_0\ ,
        pad => \key_touch:Sns(11)_PAD\ );
    Properties:
    {
    }

[IoId=1]: 
Pin : Name = \key_touch:Sns(5)\
    Attributes:
        Alias: Button5_Sns0
        In Group/Port: True
        In Sync Option: AUTO
        Out Sync Option: AUTO
        Interrupt generated: False
        Interrupt mode: NONE
        Drive mode: HI_Z_ANALOG
        VTrip: EITHER
        Slew: FAST
        Input Sync needed: False
        Output Sync needed: False
        SC shield enabled: False
        POR State: ANY
        LCD Mode: COMMON
        Register Mode: RegComb
        CaSense Mode: NEITHER
        Treat as pin: True
        Is OE Registered: False
        Uses Analog: True
        Can contain Digital: False
        Is SIO: False
        SIO Output Buf: NONREGULATED
        SIO Input Buf: SINGLE_ENDED
        SIO HiFreq: LOW
        SIO Hyst: DISABLED
        SIO Vtrip: MULTIPLIER_0_5
        SIO Multiplier Index: 0
        SIO RefSel: VCC_IO
        Required Capabilitites: ANALOG
        Initial Value: 1
        IO Voltage: 0
    PORT MAP (
        pa_out => \key_touch:Sns(5)\__PA ,
        analog_term => \key_touch:Net_2_0\ ,
        pad => \key_touch:Sns(5)_PAD\ );
    Properties:
    {
    }

Port 4 contains the following IO cells:
[IoId=0]: 
Pin : Name = \key_touch:Sns(4)\
    Attributes:
        Alias: Button4_Sns0
        In Group/Port: True
        In Sync Option: AUTO
        Out Sync Option: AUTO
        Interrupt generated: False
        Interrupt mode: NONE
        Drive mode: HI_Z_ANALOG
        VTrip: EITHER
        Slew: FAST
        Input Sync needed: False
        Output Sync needed: False
        SC shield enabled: False
        POR State: ANY
        LCD Mode: COMMON
        Register Mode: RegComb
        CaSense Mode: NEITHER
        Treat as pin: True
        Is OE Registered: False
        Uses Analog: True
        Can contain Digital: False
        Is SIO: False
        SIO Output Buf: NONREGULATED
        SIO Input Buf: SINGLE_ENDED
        SIO HiFreq: LOW
        SIO Hyst: DISABLED
        SIO Vtrip: MULTIPLIER_0_5
        SIO Multiplier Index: 0
        SIO RefSel: VCC_IO
        Required Capabilitites: ANALOG
        Initial Value: 1
        IO Voltage: 0
    PORT MAP (
        pa_out => \key_touch:Sns(4)\__PA ,
        analog_term => \key_touch:Net_2_0\ ,
        pad => \key_touch:Sns(4)_PAD\ );
    Properties:
    {
    }

[IoId=2]: 
Pin : Name = \key_touch:Cmod(0)\
    Attributes:
        Alias: Cmod
        In Group/Port: True
        In Sync Option: AUTO
        Out Sync Option: AUTO
        Interrupt generated: False
        Interrupt mode: NONE
        Drive mode: HI_Z_ANALOG
        VTrip: EITHER
        Slew: FAST
        Input Sync needed: False
        Output Sync needed: False
        SC shield enabled: False
        POR State: ANY
        LCD Mode: COMMON
        Register Mode: RegComb
        CaSense Mode: NEITHER
        Treat as pin: True
        Is OE Registered: False
        Uses Analog: True
        Can contain Digital: False
        Is SIO: False
        SIO Output Buf: NONREGULATED
        SIO Input Buf: SINGLE_ENDED
        SIO HiFreq: LOW
        SIO Hyst: DISABLED
        SIO Vtrip: MULTIPLIER_0_5
        SIO Multiplier Index: 0
        SIO RefSel: VCC_IO
        Required Capabilitites: ANALOG
        Initial Value: 0
        IO Voltage: 0
    PORT MAP (
        pa_out => \key_touch:Cmod(0)\__PA ,
        analog_term => \key_touch:Net_2_0\ ,
        pad => \key_touch:Cmod(0)_PAD\ );
    Properties:
    {
    }

Clock group 0: 
    Clock Block @ F(Clock,0): 
    m0s8clockblockcell: Name =ClockBlock
        PORT MAP (
            hfclk => ClockBlock_HFCLK ,
            imo => ClockBlock_IMO ,
            ext => ClockBlock_EXTCLK ,
            sysclk => ClockBlock_SYSCLK ,
            ilo => ClockBlock_ILO ,
            lfclk => ClockBlock_LFCLK ,
            wco => ClockBlock_WCO ,
            ff_div_2 => \key_touch:Net_1423_ff2\ ,
            ff_div_3 => Net_35_ff3 );
        Properties:
        {
        }
SPC group 0: empty
WDT group 0: empty
LP Comparator group 0: empty
Serial Communication (SCB) group 0: empty
CapSense group 0: 
    PSoC4 CapSense @ F(CSD,0): 
    p4csdcell: Name =\key_touch:CSD\
        PORT MAP (
            source => \key_touch:Net_2_0\ ,
            shield => \key_touch:Net_122\ ,
            csh => \key_touch:Net_84\ ,
            cmod => \key_touch:Net_86\ ,
            shield_pad => \key_touch:Net_15\ ,
            vref_ext => \key_touch:Net_150\ ,
            sense_out => \key_touch:Net_317\ ,
            sample_out => \key_touch:Net_316\ ,
            csh_tank_en => \key_touch:Net_323\ ,
            cmod_en => \key_touch:Net_322\ ,
            hscmp => \key_touch:Net_321\ ,
            sampling => \key_touch:Net_318\ ,
            adc_on => \key_touch:Net_319\ ,
            count_15 => \key_touch:Net_320_15\ ,
            count_14 => \key_touch:Net_320_14\ ,
            count_13 => \key_touch:Net_320_13\ ,
            count_12 => \key_touch:Net_320_12\ ,
            count_11 => \key_touch:Net_320_11\ ,
            count_10 => \key_touch:Net_320_10\ ,
            count_9 => \key_touch:Net_320_9\ ,
            count_8 => \key_touch:Net_320_8\ ,
            count_7 => \key_touch:Net_320_7\ ,
            count_6 => \key_touch:Net_320_6\ ,
            count_5 => \key_touch:Net_320_5\ ,
            count_4 => \key_touch:Net_320_4\ ,
            count_3 => \key_touch:Net_320_3\ ,
            count_2 => \key_touch:Net_320_2\ ,
            count_1 => \key_touch:Net_320_1\ ,
            count_0 => \key_touch:Net_320_0\ ,
            clk => \key_touch:Net_1423_ff2\ ,
            irq => \key_touch:Net_120\ );
        Properties:
        {
            adc_channel_count = 1
            cy_registers = ""
            is_capsense = 1
            is_cmod_charge = 0
            is_csh_charge = 0
            is_mutual = 0
            rx_count = 1
            sensors_count = 12
            shield_count = 1
            tx_count = 1
        }
7-bit IDAC group 0: 
    PSoC4 7-bit IDAC @ F(CSIDAC7,0): 
    p4csidacV2cell: Name =\key_touch:IDACMod\
        PORT MAP (
            iout => \key_touch:Net_2_0\ );
        Properties:
        {
            cy_registers = ""
            leg3_needed = 0
        }
    PSoC4 7-bit IDAC @ F(CSIDAC7,1): 
    p4csidacV2cell: Name =\key_touch:IDACComp\
        PORT MAP (
            iout => \key_touch:Net_2_0\ );
        Properties:
        {
            cy_registers = ""
            leg3_needed = 1
        }
Timer/Counter/PWM group 0: 
    Tcpwm Block @ F(TCPWM,0): 
    m0s8tcpwmcell: Name =\Timer_1:cy_m0s8_tcpwm_1\
        PORT MAP (
            clock => Net_35_ff3 ,
            capture => zero ,
            count => one ,
            reload => zero ,
            stop => zero ,
            start => zero ,
            tr_underflow => Net_27 ,
            tr_overflow => Net_26 ,
            tr_compare_match => Net_28 ,
            line_out => Net_29 ,
            line_out_compl => Net_30 ,
            interrupt => Net_25 );
        Properties:
        {
            cy_registers = ""
        }
Segment LCD group 0: empty
CLK_GEN group 0: 
    M0S8 Clock Gen Block @ F(CLK_GEN,0): 
    m0s8clockgenblockcell: Name =ClockGenBlock
        PORT MAP (
             );
        Properties:
        {
        }
LPCOMPBLOCK group 0: empty
GANGED_PICU group 0: empty
WCO group 0: empty
Smart IO Ports group 0: empty
</CYPRESSTAG>
<CYPRESSTAG name="Port Configuration Details">

------------------------------------------------------------
Port Configuration report
------------------------------------------------------------
     |     |       | Interrupt |                  |                     | 
Port | Pin | Fixed |      Type |       Drive Mode |                Name | Connections
-----+-----+-------+-----------+------------------+---------------------+----------------------------
   0 |   0 |     * |      NONE |      HI_Z_ANALOG |  \key_touch:Sns(0)\ | Analog(\key_touch:Net_2_0\)
     |   1 |     * |      NONE |      HI_Z_ANALOG |  \key_touch:Sns(1)\ | Analog(\key_touch:Net_2_0\)
     |   2 |     * |      NONE |      HI_Z_ANALOG |  \key_touch:Sns(2)\ | Analog(\key_touch:Net_2_0\)
     |   3 |     * |      NONE |      HI_Z_ANALOG |  \key_touch:Sns(3)\ | Analog(\key_touch:Net_2_0\)
-----+-----+-------+-----------+------------------+---------------------+----------------------------
   1 |   0 |     * |      NONE |         CMOS_OUT |     SIMPLE_CLOCK(0) | 
     |   1 |     * |      NONE |         CMOS_OUT |      SIMPLE_DATA(0) | 
-----+-----+-------+-----------+------------------+---------------------+----------------------------
   2 |   1 |     * |      NONE |         CMOS_OUT |          WAKE_UP(0) | 
     |   2 |     * |      NONE |      HI_Z_ANALOG |  \key_touch:Sns(6)\ | Analog(\key_touch:Net_2_0\)
     |   3 |     * |      NONE |      HI_Z_ANALOG |  \key_touch:Sns(7)\ | Analog(\key_touch:Net_2_0\)
     |   5 |     * |      NONE |      HI_Z_ANALOG |  \key_touch:Sns(8)\ | Analog(\key_touch:Net_2_0\)
     |   6 |     * |      NONE |      HI_Z_ANALOG |  \key_touch:Sns(9)\ | Analog(\key_touch:Net_2_0\)
     |   7 |     * |      NONE |      HI_Z_ANALOG | \key_touch:Sns(10)\ | Analog(\key_touch:Net_2_0\)
-----+-----+-------+-----------+------------------+---------------------+----------------------------
   3 |   0 |     * |      NONE |      HI_Z_ANALOG | \key_touch:Sns(11)\ | Analog(\key_touch:Net_2_0\)
     |   1 |     * |      NONE |      HI_Z_ANALOG |  \key_touch:Sns(5)\ | Analog(\key_touch:Net_2_0\)
-----+-----+-------+-----------+------------------+---------------------+----------------------------
   4 |   0 |     * |      NONE |      HI_Z_ANALOG |  \key_touch:Sns(4)\ | Analog(\key_touch:Net_2_0\)
     |   2 |     * |      NONE |      HI_Z_ANALOG | \key_touch:Cmod(0)\ | Analog(\key_touch:Net_2_0\)
-----------------------------------------------------------------------------------------------------
</CYPRESSTAG>
</CYPRESSTAG>
</CYPRESSTAG>
Digital component placer commit/Report: Elapsed time ==> 0s.003ms
Digital Placement phase: Elapsed time ==> 0s.277ms
</CYPRESSTAG>
<CYPRESSTAG name="Digital Routing">
Info: pft.M0077: There is no timing information available for the selected device. Static timing checks will not be applied and digital routing will not be timing-driven. (App=cydsfit)
Routing successful.
Digital Routing phase: Elapsed time ==> 0s.319ms
</CYPRESSTAG>
<CYPRESSTAG name="Bitstream Generation">
Bitstream Generation phase: Elapsed time ==> 0s.233ms
</CYPRESSTAG>
<CYPRESSTAG name="Bitstream Verification">
Bitstream Verification phase: Elapsed time ==> 0s.005ms
</CYPRESSTAG>
<CYPRESSTAG name="Static timing analysis">
No timing parameter file available for CY8C4024LQI-S412
Static timing analysis phase: Elapsed time ==> 0s.007ms
</CYPRESSTAG>
<CYPRESSTAG name="Data reporting">
Data reporting phase: Elapsed time ==> 0s.000ms
</CYPRESSTAG>
<CYPRESSTAG name="Database update...">
Design database save phase: Elapsed time ==> 0s.296ms
</CYPRESSTAG>
cydsfit: Elapsed time ==> 1s.706ms
</CYPRESSTAG>
Fitter phase: Elapsed time ==> 1s.708ms
API generation phase: Elapsed time ==> 3s.153ms
Dependency generation phase: Elapsed time ==> 0s.019ms
Cleanup phase: Elapsed time ==> 0s.001ms
