Archive member included because of file (symbol)

.\CortexM0p\ARM_GCC_493\Debug\AYBR3000.a(cyfitter_cfg.o)
                              .\CortexM0p\ARM_GCC_493\Debug\Cm0plusStart.o (cyfitter_cfg)
.\CortexM0p\ARM_GCC_493\Debug\AYBR3000.a(key_touch_Control.o)
                              .\CortexM0p\ARM_GCC_493\Debug\main.o (key_touch_Start)
.\CortexM0p\ARM_GCC_493\Debug\AYBR3000.a(key_touch_Processing.o)
                              .\CortexM0p\ARM_GCC_493\Debug\AYBR3000.a(key_touch_Control.o) (key_touch_DpInitialize)
.\CortexM0p\ARM_GCC_493\Debug\AYBR3000.a(key_touch_Structure.o)
                              .\CortexM0p\ARM_GCC_493\Debug\AYBR3000.a(key_touch_Control.o) (key_touch_DsInitialize)
.\CortexM0p\ARM_GCC_493\Debug\AYBR3000.a(key_touch_Tuner.o)
                              .\CortexM0p\ARM_GCC_493\Debug\AYBR3000.a(key_touch_Control.o) (key_touch_TuInitialize)
.\CortexM0p\ARM_GCC_493\Debug\AYBR3000.a(key_touch_Filter.o)
                              .\CortexM0p\ARM_GCC_493\Debug\AYBR3000.a(key_touch_Control.o) (key_touch_FtInitialize)
.\CortexM0p\ARM_GCC_493\Debug\AYBR3000.a(key_touch_Sensing.o)
                              .\CortexM0p\ARM_GCC_493\Debug\main.o (key_touch_IsBusy)
.\CortexM0p\ARM_GCC_493\Debug\AYBR3000.a(key_touch_SensingCSD_LL.o)
                              .\CortexM0p\ARM_GCC_493\Debug\AYBR3000.a(key_touch_Sensing.o) (key_touch_SsCSDInitialize)
.\CortexM0p\ARM_GCC_493\Debug\AYBR3000.a(Timer_1.o)
                              .\CortexM0p\ARM_GCC_493\Debug\main.o (Timer_1_Start)
.\CortexM0p\ARM_GCC_493\Debug\AYBR3000.a(SDIO.o)
                              .\CortexM0p\ARM_GCC_493\Debug\A7105_driver.o (SDIO_Write)
.\CortexM0p\ARM_GCC_493\Debug\AYBR3000.a(SCK.o)
                              .\CortexM0p\ARM_GCC_493\Debug\A7105_driver.o (SCK_Write)
.\CortexM0p\ARM_GCC_493\Debug\AYBR3000.a(GIO1.o)
                              .\CortexM0p\ARM_GCC_493\Debug\main.o (GIO1_Write)
.\CortexM0p\ARM_GCC_493\Debug\AYBR3000.a(SCS.o)
                              .\CortexM0p\ARM_GCC_493\Debug\A7105_driver.o (SCS_Write)
.\CortexM0p\ARM_GCC_493\Debug\AYBR3000.a(key_touch_ISR.o)
                              .\CortexM0p\ARM_GCC_493\Debug\AYBR3000.a(key_touch_Sensing.o) (key_touch_ISR_StartEx)
.\CortexM0p\ARM_GCC_493\Debug\AYBR3000.a(CyLib.o)
                              .\CortexM0p\ARM_GCC_493\Debug\AYBR3000.a(key_touch_SensingCSD_LL.o) (CyIntEnable)
.\CortexM0p\ARM_GCC_493\Debug\AYBR3000.a(cyPm.o)
                              .\CortexM0p\ARM_GCC_493\Debug\AYBR3000.a(key_touch_Control.o) (CySysPmSleep)
.\CortexM0p\ARM_GCC_493\Debug\AYBR3000.a(CyLFClk.o)
                              .\CortexM0p\ARM_GCC_493\Debug\AYBR3000.a(CyLib.o) (CySysClkWcoEnabled)
.\CortexM0p\ARM_GCC_493\Debug\AYBR3000.a(time_1ms_ISR.o)
                              .\CortexM0p\ARM_GCC_493\Debug\main.o (time_1ms_ISR_StartEx)
.\CortexM0p\ARM_GCC_493\Debug\AYBR3000.a(EZI2C.o)
                              .\CortexM0p\ARM_GCC_493\Debug\main.o (EZI2C_Start)
.\CortexM0p\ARM_GCC_493\Debug\AYBR3000.a(EZI2C_EZI2C.o)
                              .\CortexM0p\ARM_GCC_493\Debug\AYBR3000.a(EZI2C.o) (EZI2C_EzI2CInit)
.\CortexM0p\ARM_GCC_493\Debug\AYBR3000.a(EZI2C_EZI2C_INT.o)
                              .\CortexM0p\ARM_GCC_493\Debug\AYBR3000.a(EZI2C_EZI2C.o) (EZI2C_EZI2C_STRETCH_ISR)
.\CortexM0p\ARM_GCC_493\Debug\AYBR3000.a(GIO1_ISR.o)
                              .\CortexM0p\ARM_GCC_493\Debug\main.o (GIO1_ISR_Enable)
.\CortexM0p\ARM_GCC_493\Debug\AYBR3000.a(CyBootAsmGnu.o)
                              .\CortexM0p\ARM_GCC_493\Debug\AYBR3000.a(key_touch_SensingCSD_LL.o) (CyDelayCycles)
.\CortexM0p\ARM_GCC_493\Debug\AYBR3000.a(key_touch_INT.o)
                              .\CortexM0p\ARM_GCC_493\Debug\AYBR3000.a(key_touch_SensingCSD_LL.o) (key_touch_CSDPostSingleScan)
.\CortexM0p\ARM_GCC_493\Debug\AYBR3000.a(CyFlash.o)
                              .\CortexM0p\ARM_GCC_493\Debug\AYBR3000.a(CyLib.o) (CySysFlashSetWaitCycles)
D:\Program Files (x86)\Cypress\PSoC Creator\4.0\PSoC Creator\psoc\content\cycomponentlibrary\CyComponentLibrary.cylib\CapSense_P4_v3_10\PSoC4\Library\Capsense_P4Library_GCCp.a(CapSense_SmartSense_LL_v3_10.o)
                              .\CortexM0p\ARM_GCC_493\Debug\AYBR3000.a(key_touch_Sensing.o) (SmartSense_TunePrescalers)
D:\Program Files (x86)\Cypress\PSoC Creator\4.0\PSoC Creator\psoc\content\cycomponentlibrary\CyComponentLibrary.cylib\CapSense_P4_v3_10\PSoC4\Library\Capsense_P4Library_GCCp.a(CapSense_SmartSense_SL_v3_10.o)
                              .\CortexM0p\ARM_GCC_493\Debug\AYBR3000.a(key_touch_Processing.o) (SmartSense_UpdateThresholds)
d:/program files (x86)/cypress/psoc creator/4.0/psoc creator/import/gnu/arm/4.9.3/bin/../lib/gcc/arm-none-eabi/4.9.3/armv6-m\libgcc.a(_udivsi3.o)
                              .\CortexM0p\ARM_GCC_493\Debug\AYBR3000.a(key_touch_Sensing.o) (__aeabi_uidiv)
[...]
Memory Configuration

Name             Origin             Length             Attributes
rom              0x00000000         0x00004000         xr
ram              0x20000000         0x00000800         xrw
*default*        0x00000000         0xffffffff

Linker script and memory map

LOAD d:/program files (x86)/cypress/psoc creator/4.0/psoc creator/import/gnu/arm/4.9.3/bin/../lib/gcc/arm-none-eabi/4.9.3/armv6-m/crti.o
LOAD d:/program files (x86)/cypress/psoc creator/4.0/psoc creator/import/gnu/arm/4.9.3/bin/../lib/gcc/arm-none-eabi/4.9.3/armv6-m/crtbegin.o
LOAD d:/program files (x86)/cypress/psoc creator/4.0/psoc creator/import/gnu/arm/4.9.3/bin/../lib/gcc/arm-none-eabi/4.9.3/../../../../arm-none-eabi/lib/armv6-m/crt0.o
START GROUP
LOAD .\CortexM0p\ARM_GCC_493\Debug\main.o
LOAD .\CortexM0p\ARM_GCC_493\Debug\A7105_driver.o
LOAD .\CortexM0p\ARM_GCC_493\Debug\A7105_firmware_lib.o
LOAD .\CortexM0p\ARM_GCC_493\Debug\simple_protocol.o
LOAD .\CortexM0p\ARM_GCC_493\Debug\timing.o
LOAD .\CortexM0p\ARM_GCC_493\Debug\key.o
LOAD .\CortexM0p\ARM_GCC_493\Debug\cymetadata.o
LOAD .\CortexM0p\ARM_GCC_493\Debug\Cm0plusStart.o
LOAD .\CortexM0p\ARM_GCC_493\Debug\AYBR3000.a
LOAD D:\Program Files (x86)\Cypress\PSoC Creator\4.0\PSoC Creator\psoc\content\cycomponentlibrary\CyComponentLibrary.cylib\CapSense_P4_v3_10\PSoC4\Library\Capsense_P4Library_GCCp.a
END GROUP
START GROUP
LOAD d:/program files (x86)/cypress/psoc creator/4.0/psoc creator/import/gnu/arm/4.9.3/bin/../lib/gcc/arm-none-eabi/4.9.3/armv6-m\libgcc.a
LOAD d:/program files (x86)/cypress/psoc creator/4.0/psoc creator/import/gnu/arm/4.9.3/bin/../lib/gcc/arm-none-eabi/4.9.3/../../../../arm-none-eabi/lib/armv6-m\libg_nano.a
LOAD d:/program files (x86)/cypress/psoc creator/4.0/psoc creator/import/gnu/arm/4.9.3/bin/../lib/gcc/arm-none-eabi/4.9.3/../../../../arm-none-eabi/lib/armv6-m\libc_nano.a
END GROUP
START GROUP
LOAD d:/program files (x86)/cypress/psoc creator/4.0/psoc creator/import/gnu/arm/4.9.3/bin/../lib/gcc/arm-none-eabi/4.9.3/armv6-m\libgcc.a
LOAD d:/program files (x86)/cypress/psoc creator/4.0/psoc creator/import/gnu/arm/4.9.3/bin/../lib/gcc/arm-none-eabi/4.9.3/../../../../arm-none-eabi/lib/armv6-m\libc_nano.a
END GROUP
LOAD d:/program files (x86)/cypress/psoc creator/4.0/psoc creator/import/gnu/arm/4.9.3/bin/../lib/gcc/arm-none-eabi/4.9.3/armv6-m/crtend.o
LOAD d:/program files (x86)/cypress/psoc creator/4.0/psoc creator/import/gnu/arm/4.9.3/bin/../lib/gcc/arm-none-eabi/4.9.3/armv6-m/crtn.o
START GROUP
LOAD d:/program files (x86)/cypress/psoc creator/4.0/psoc creator/import/gnu/arm/4.9.3/bin/../lib/gcc/arm-none-eabi/4.9.3/armv6-m\libgcc.a
LOAD d:/program files (x86)/cypress/psoc creator/4.0/psoc creator/import/gnu/arm/4.9.3/bin/../lib/gcc/arm-none-eabi/4.9.3/../../../../arm-none-eabi/lib/armv6-m\libc.a
LOAD d:/program files (x86)/cypress/psoc creator/4.0/psoc creator/import/gnu/arm/4.9.3/bin/../lib/gcc/arm-none-eabi/4.9.3/../../../../arm-none-eabi/lib/armv6-m\libnosys.a
END GROUP
                0x00000000                CY_APPL_ORIGIN = 0x0
                0x00000080                CY_FLASH_ROW_SIZE = 0x80
                0x00000001                CY_APPL_NUM = 0x1
                0x00000001                CY_APPL_MAX = 0x1
                0x00000040                CY_METADATA_SIZE = 0x40
                0x00000000                CY_APPL_LOADABLE = 0x0
                0x00000000                CY_CHECKSUM_EXCLUDE_SIZE = ALIGN (0x0, CY_FLASH_ROW_SIZE)
                0x00000000                CY_APP_FOR_STACK_AND_COPIER = 0x0
                0x200004c8                PROVIDE (__cy_heap_start, _end)
                0x00000001                PROVIDE (__cy_region_num, ((__cy_regions_end - __cy_regions) / 0x10))
                0x20000800                PROVIDE (__cy_stack, (ORIGIN (ram) + 0x800))
                0x20000600                PROVIDE (__cy_heap_end, (__cy_stack - 0x200))

.cybootloader   0x00000000        0x0
 *(.cybootloader)
                0x00000000                appl1_start = CY_APPL_ORIGIN?CY_APPL_ORIGIN:ALIGN (CY_FLASH_ROW_SIZE)
                0x00001f80                appl2_start = (appl1_start + ALIGN ((((0x4000 - appl1_start) - (0x2 * CY_FLASH_ROW_SIZE)) / 0x2), CY_FLASH_ROW_SIZE))
                0x00000000                appl_start = (CY_APPL_NUM == 0x1)?appl1_start:appl2_start
                0x00000001                cy_project_type_bootloader = (appl_start == 0x0)?0x1:0x0
                0x00000000                cy_project_type_app_for_stack_and_copier = (CY_APP_FOR_STACK_AND_COPIER == 0x1)?0x1:0x0

.text           0x00000000     0x3252
 CREATE_OBJECT_SYMBOLS
                0x00000000                PROVIDE (__cy_interrupt_vector, RomVectors)
 *(.romvectors)
 .romvectors    0x00000000       0x10 .\CortexM0p\ARM_GCC_493\Debug\Cm0plusStart.o
                0x00000000                RomVectors
                0x00000001                ASSERT ((. != __cy_interrupt_vector), No interrupt vector)
                0x00000001                ASSERT (CY_APPL_ORIGIN?(SIZEOF (.cybootloader) <= CY_APPL_ORIGIN):0x1, Wrong image location)
                0x00000010                PROVIDE (__cy_reset, Reset)
 *(.text.Reset)
 .text.Reset    0x00000010        0xc .\CortexM0p\ARM_GCC_493\Debug\Cm0plusStart.o
                0x00000010                Reset
                0x00000001                ASSERT ((. != __cy_reset), No reset code)
 *(.psocinit)
 .psocinit      0x0000001c      0x12c .\CortexM0p\ARM_GCC_493\Debug\AYBR3000.a(cyfitter_cfg.o)
                0x0000009c                cyfitter_cfg
                0x00000148                . = MAX (., 0x100)
 *(.text .text.* .gnu.linkonce.t.*)
 .text          0x00000148       0x60 d:/program files (x86)/cypress/psoc creator/4.0/psoc creator/import/gnu/arm/4.9.3/bin/../lib/gcc/arm-none-eabi/4.9.3/armv6-m/crtbegin.o
 .text.make_data
                0x000001a8       0x6c .\CortexM0p\ARM_GCC_493\Debug\main.o
 .text.ID_check_ok
                0x00000214       0x20 .\CortexM0p\ARM_GCC_493\Debug\main.o
 .text.beij_timer
                0x00000234       0x78 .\CortexM0p\ARM_GCC_493\Debug\main.o
 .text.key_deal
                0x000002ac      0x538 .\CortexM0p\ARM_GCC_493\Debug\main.o
 .text.match_code_mode
                0x000007e4       0xa8 .\CortexM0p\ARM_GCC_493\Debug\main.o
 .text.time_1ms_Interrupt
                0x0000088c       0x1c .\CortexM0p\ARM_GCC_493\Debug\main.o
                0x0000088c                time_1ms_Interrupt
 .text.gio1_interrupt
                0x000008a8       0x10 .\CortexM0p\ARM_GCC_493\Debug\main.o
                0x000008a8                gio1_interrupt
 .text.main     0x000008b8      0x10c .\CortexM0p\ARM_GCC_493\Debug\main.o
                0x000008b8                main
 .text.buffer_length_ok
                0x000009c4        0xc .\CortexM0p\ARM_GCC_493\Debug\A7105_driver.o
 .text.CRC_check_ok
                0x000009d0       0x14 .\CortexM0p\ARM_GCC_493\Debug\A7105_driver.o
 .text.A7105_init
                0x000009e4       0x60 .\CortexM0p\ARM_GCC_493\Debug\A7105_driver.o
                0x000009e4                A7105_init
 .text.send_data_by_A7105
                0x00000a44       0x38 .\CortexM0p\ARM_GCC_493\Debug\A7105_driver.o
                0x00000a44                send_data_by_A7105
 .text.receive_data_by_A7105
                0x00000a7c       0x60 .\CortexM0p\ARM_GCC_493\Debug\A7105_driver.o
                0x00000a7c                receive_data_by_A7105
 .text.ByteSend
                0x00000adc       0x3c .\CortexM0p\ARM_GCC_493\Debug\A7105_firmware_lib.o
 .text.ByteRead
                0x00000b18       0x48 .\CortexM0p\ARM_GCC_493\Debug\A7105_firmware_lib.o
 .text.A7105_WriteReg
                0x00000b60       0x24 .\CortexM0p\ARM_GCC_493\Debug\A7105_firmware_lib.o
                0x00000b60                A7105_WriteReg
 .text.A7105_ReadReg
                0x00000b84       0x24 .\CortexM0p\ARM_GCC_493\Debug\A7105_firmware_lib.o
                0x00000b84                A7105_ReadReg
 .text.StrobeCmd
                0x00000ba8       0x18 .\CortexM0p\ARM_GCC_493\Debug\A7105_firmware_lib.o
                0x00000ba8                StrobeCmd
 .text.A7105_WriteID
                0x00000bc0       0x30 .\CortexM0p\ARM_GCC_493\Debug\A7105_firmware_lib.o
                0x00000bc0                A7105_WriteID
 .text.A7105_Reset
                0x00000bf0        0xc .\CortexM0p\ARM_GCC_493\Debug\A7105_firmware_lib.o
                0x00000bf0                A7105_Reset
 .text.A7105_Config
                0x00000bfc       0x50 .\CortexM0p\ARM_GCC_493\Debug\A7105_firmware_lib.o
                0x00000bfc                A7105_Config
 .text.A7105_Calibration
                0x00000c4c       0xcc .\CortexM0p\ARM_GCC_493\Debug\A7105_firmware_lib.o
                0x00000c4c                A7105_Calibration
 .text.WriteFIFO
                0x00000d18       0x38 .\CortexM0p\ARM_GCC_493\Debug\A7105_firmware_lib.o
                0x00000d18                WriteFIFO
 .text.ReadFIFO
                0x00000d50       0x30 .\CortexM0p\ARM_GCC_493\Debug\A7105_firmware_lib.o
                0x00000d50                ReadFIFO
 .text.A7105_read_wtr
                0x00000d80        0xc .\CortexM0p\ARM_GCC_493\Debug\A7105_firmware_lib.o
                0x00000d80                A7105_read_wtr
 .text.A7105_update_wtr
                0x00000d8c        0xc .\CortexM0p\ARM_GCC_493\Debug\A7105_firmware_lib.o
                0x00000d8c                A7105_update_wtr
 .text.simple_protocol_init
                0x00000d98       0x20 .\CortexM0p\ARM_GCC_493\Debug\simple_protocol.o
                0x00000d98                simple_protocol_init
 .text.simple_protocol_process
                0x00000db8        0x4 .\CortexM0p\ARM_GCC_493\Debug\simple_protocol.o
                0x00000db8                simple_protocol_process
 .text.timing_get_count
                0x00000dbc        0xc .\CortexM0p\ARM_GCC_493\Debug\timing.o
 .text.timing_count
                0x00000dc8       0x10 .\CortexM0p\ARM_GCC_493\Debug\timing.o
                0x00000dc8                timing_count
 .text.timing_set_counts
                0x00000dd8       0x14 .\CortexM0p\ARM_GCC_493\Debug\timing.o
                0x00000dd8                timing_set_counts
 .text.timing_count_end
                0x00000dec       0x20 .\CortexM0p\ARM_GCC_493\Debug\timing.o
                0x00000dec                timing_count_end
 .text.key_init
                0x00000e0c       0x28 .\CortexM0p\ARM_GCC_493\Debug\key.o
                0x00000e0c                key_init
 .text.key_scan
                0x00000e34      0x210 .\CortexM0p\ARM_GCC_493\Debug\key.o
                0x00000e34                key_scan
 .text.key_is_short_pressed
                0x00001044       0x20 .\CortexM0p\ARM_GCC_493\Debug\key.o
                0x00001044                key_is_short_pressed
 .text.key_is_long_pressed
                0x00001064       0x20 .\CortexM0p\ARM_GCC_493\Debug\key.o
                0x00001064                key_is_long_pressed
 .text.IntDefaultHandler
                0x00001084       0x10 .\CortexM0p\ARM_GCC_493\Debug\Cm0plusStart.o
                0x00001084                IntDefaultHandler
 .text.Start_c  0x00001094       0x48 .\CortexM0p\ARM_GCC_493\Debug\Cm0plusStart.o
                0x00001094                Start_c
 .text.initialize_psoc
                0x000010dc       0x48 .\CortexM0p\ARM_GCC_493\Debug\Cm0plusStart.o
                0x000010dc                initialize_psoc
 .text.SetAnalogRoutingPumps
                0x00001124       0x38 .\CortexM0p\ARM_GCC_493\Debug\AYBR3000.a(cyfitter_cfg.o)
                0x00001124                SetAnalogRoutingPumps
 .text.AnalogSetDefault
                0x0000115c       0x14 .\CortexM0p\ARM_GCC_493\Debug\AYBR3000.a(cyfitter_cfg.o)
 .text.key_touch_Initialize
                0x00001170       0x28 .\CortexM0p\ARM_GCC_493\Debug\AYBR3000.a(key_touch_Control.o)
                0x00001170                key_touch_Initialize
 .text.key_touch_Start
                0x00001198       0x50 .\CortexM0p\ARM_GCC_493\Debug\AYBR3000.a(key_touch_Control.o)
                0x00001198                key_touch_Start
 .text.key_touch_ProcessAllWidgets
                0x000011e8       0x48 .\CortexM0p\ARM_GCC_493\Debug\AYBR3000.a(key_touch_Control.o)
                0x000011e8                key_touch_ProcessAllWidgets
 .text.key_touch_DpInitialize
                0x00001230       0x5c .\CortexM0p\ARM_GCC_493\Debug\AYBR3000.a(key_touch_Processing.o)
                0x00001230                key_touch_DpInitialize
 .text.key_touch_DpUpdateThresholds
                0x0000128c       0x34 .\CortexM0p\ARM_GCC_493\Debug\AYBR3000.a(key_touch_Processing.o)
                0x0000128c                key_touch_DpUpdateThresholds
 .text.key_touch_DpUpdateDifferences
                0x000012c0       0x14 .\CortexM0p\ARM_GCC_493\Debug\AYBR3000.a(key_touch_Processing.o)
                0x000012c0                key_touch_DpUpdateDifferences
 .text.key_touch_DpProcessCsdWidgetRawCounts
                0x000012d4       0x5c .\CortexM0p\ARM_GCC_493\Debug\AYBR3000.a(key_touch_Processing.o)
                0x000012d4                key_touch_DpProcessCsdWidgetRawCounts
 .text.key_touch_DpProcessButton
                0x00001330       0x64 .\CortexM0p\ARM_GCC_493\Debug\AYBR3000.a(key_touch_Processing.o)
                0x00001330                key_touch_DpProcessButton
 .text.key_touch_DpProcessCsdWidgetStatus
                0x00001394       0x58 .\CortexM0p\ARM_GCC_493\Debug\AYBR3000.a(key_touch_Processing.o)
                0x00001394                key_touch_DpProcessCsdWidgetStatus
 .text.key_touch_DsInitialize
                0x000013ec       0x70 .\CortexM0p\ARM_GCC_493\Debug\AYBR3000.a(key_touch_Structure.o)
                0x000013ec                key_touch_DsInitialize
 .text.key_touch_IsWidgetActive
                0x0000145c       0x24 .\CortexM0p\ARM_GCC_493\Debug\AYBR3000.a(key_touch_Structure.o)
                0x0000145c                key_touch_IsWidgetActive
 .text.key_touch_TuInitialize
                0x00001480       0x14 .\CortexM0p\ARM_GCC_493\Debug\AYBR3000.a(key_touch_Tuner.o)
                0x00001480                key_touch_TuInitialize
 .text.key_touch_RunTuner
                0x00001494       0xe8 .\CortexM0p\ARM_GCC_493\Debug\AYBR3000.a(key_touch_Tuner.o)
                0x00001494                key_touch_RunTuner
 .text.key_touch_FtInitialize
                0x0000157c       0x48 .\CortexM0p\ARM_GCC_493\Debug\AYBR3000.a(key_touch_Filter.o)
                0x0000157c                key_touch_FtInitialize
 .text.key_touch_FtInitializeBaselineChannel
                0x000015c4       0x1c .\CortexM0p\ARM_GCC_493\Debug\AYBR3000.a(key_touch_Filter.o)
                0x000015c4                key_touch_FtInitializeBaselineChannel
 .text.key_touch_InitializeSensorBaseline
                0x000015e0       0x30 .\CortexM0p\ARM_GCC_493\Debug\AYBR3000.a(key_touch_Filter.o)
                0x000015e0                key_touch_InitializeSensorBaseline
 .text.key_touch_InitializeWidgetBaseline
                0x00001610       0x24 .\CortexM0p\ARM_GCC_493\Debug\AYBR3000.a(key_touch_Filter.o)
                0x00001610                key_touch_InitializeWidgetBaseline
 .text.key_touch_InitializeAllBaselines
                0x00001634       0x18 .\CortexM0p\ARM_GCC_493\Debug\AYBR3000.a(key_touch_Filter.o)
                0x00001634                key_touch_InitializeAllBaselines
 .text.key_touch_FtIIR1stOrder
                0x0000164c       0x14 .\CortexM0p\ARM_GCC_493\Debug\AYBR3000.a(key_touch_Filter.o)
                0x0000164c                key_touch_FtIIR1stOrder
 .text.key_touch_FtUpdateBaseline
                0x00001660       0x94 .\CortexM0p\ARM_GCC_493\Debug\AYBR3000.a(key_touch_Filter.o)
                0x00001660                key_touch_FtUpdateBaseline
 .text.key_touch_SsSetDirectClockMode
                0x000016f4       0x14 .\CortexM0p\ARM_GCC_493\Debug\AYBR3000.a(key_touch_Sensing.o)
 .text.key_touch_IsBusy
                0x00001708       0x10 .\CortexM0p\ARM_GCC_493\Debug\AYBR3000.a(key_touch_Sensing.o)
                0x00001708                key_touch_IsBusy
 .text.key_touch_SetupWidget
                0x00001718       0x44 .\CortexM0p\ARM_GCC_493\Debug\AYBR3000.a(key_touch_Sensing.o)
                0x00001718                key_touch_SetupWidget
 .text.key_touch_Scan
                0x0000175c       0x1c .\CortexM0p\ARM_GCC_493\Debug\AYBR3000.a(key_touch_Sensing.o)
                0x0000175c                key_touch_Scan
 .text.key_touch_ScanAllWidgets
                0x00001778       0x48 .\CortexM0p\ARM_GCC_493\Debug\AYBR3000.a(key_touch_Sensing.o)
                0x00001778                key_touch_ScanAllWidgets
 .text.key_touch_SsPostAllWidgetsScan
                0x000017c0       0x68 .\CortexM0p\ARM_GCC_493\Debug\AYBR3000.a(key_touch_Sensing.o)
                0x000017c0                key_touch_SsPostAllWidgetsScan
 .text.key_touch_SsSetModClkClockDivider
                0x00001828       0x30 .\CortexM0p\ARM_GCC_493\Debug\AYBR3000.a(key_touch_Sensing.o)
                0x00001828                key_touch_SsSetModClkClockDivider
 .text.key_touch_SsSetSnsClockDivider
                0x00001858       0x14 .\CortexM0p\ARM_GCC_493\Debug\AYBR3000.a(key_touch_Sensing.o)
                0x00001858                key_touch_SsSetSnsClockDivider
 .text.key_touch_SsClearCSDSensors
                0x0000186c       0x38 .\CortexM0p\ARM_GCC_493\Debug\AYBR3000.a(key_touch_Sensing.o)
                0x0000186c                key_touch_SsClearCSDSensors
 .text.key_touch_SsCSDGetColSnsClkDivider
                0x000018a4       0x10 .\CortexM0p\ARM_GCC_493\Debug\AYBR3000.a(key_touch_Sensing.o)
                0x000018a4                key_touch_SsCSDGetColSnsClkDivider
 .text.key_touch_SsCSDCalcPrsSize
                0x000018b4       0x28 .\CortexM0p\ARM_GCC_493\Debug\AYBR3000.a(key_touch_Sensing.o)
                0x000018b4                key_touch_SsCSDCalcPrsSize
 .text.key_touch_SsSetWidgetSenseClkSrc
                0x000018dc       0xd8 .\CortexM0p\ARM_GCC_493\Debug\AYBR3000.a(key_touch_Sensing.o)
 .text.key_touch_SsAutoTune
                0x000019b4      0x140 .\CortexM0p\ARM_GCC_493\Debug\AYBR3000.a(key_touch_Sensing.o)
                0x000019b4                key_touch_SsAutoTune
 .text.key_touch_SsInitializeSourceSenseClk
                0x00001af4       0x20 .\CortexM0p\ARM_GCC_493\Debug\AYBR3000.a(key_touch_Sensing.o)
                0x00001af4                key_touch_SsInitializeSourceSenseClk
 .text.key_touch_SsInitialize
                0x00001b14       0x10 .\CortexM0p\ARM_GCC_493\Debug\AYBR3000.a(key_touch_Sensing.o)
                0x00001b14                key_touch_SsInitialize
 .text.key_touch_SsCSDSetFilterDelay
                0x00001b24       0x14 .\CortexM0p\ARM_GCC_493\Debug\AYBR3000.a(key_touch_SensingCSD_LL.o)
 .text.key_touch_SsCSDConfigIDACs
                0x00001b38       0x1c .\CortexM0p\ARM_GCC_493\Debug\AYBR3000.a(key_touch_SensingCSD_LL.o)
 .text.key_touch_SsCSDRestoreIdacMode
                0x00001b54       0x30 .\CortexM0p\ARM_GCC_493\Debug\AYBR3000.a(key_touch_SensingCSD_LL.o)
 .text.key_touch_SsCSDCalibrateCheck
                0x00001b84       0x44 .\CortexM0p\ARM_GCC_493\Debug\AYBR3000.a(key_touch_SensingCSD_LL.o)
 .text.key_touch_SsCSDSetModeSnsClockDivider
                0x00001bc8       0x10 .\CortexM0p\ARM_GCC_493\Debug\AYBR3000.a(key_touch_SensingCSD_LL.o)
                0x00001bc8                key_touch_SsCSDSetModeSnsClockDivider
 .text.key_touch_SsCSDInitialize
                0x00001bd8      0x120 .\CortexM0p\ARM_GCC_493\Debug\AYBR3000.a(key_touch_SensingCSD_LL.o)
                0x00001bd8                key_touch_SsCSDInitialize
 .text.key_touch_SsCSDSetUpIdacs
                0x00001cf8       0x44 .\CortexM0p\ARM_GCC_493\Debug\AYBR3000.a(key_touch_SensingCSD_LL.o)
                0x00001cf8                key_touch_SsCSDSetUpIdacs
 .text.key_touch_SsCSDGetNumberOfConversions
                0x00001d3c       0x40 .\CortexM0p\ARM_GCC_493\Debug\AYBR3000.a(key_touch_SensingCSD_LL.o)
                0x00001d3c                key_touch_SsCSDGetNumberOfConversions
 .text.key_touch_SsCSDConfigClock
                0x00001d7c       0x48 .\CortexM0p\ARM_GCC_493\Debug\AYBR3000.a(key_touch_SensingCSD_LL.o)
                0x00001d7c                key_touch_SsCSDConfigClock
 .text.key_touch_SsCSDCalculateScanDuration
                0x00001dc4       0x1c .\CortexM0p\ARM_GCC_493\Debug\AYBR3000.a(key_touch_SensingCSD_LL.o)
                0x00001dc4                key_touch_SsCSDCalculateScanDuration
 .text.key_touch_SsCSDStartSample
                0x00001de0      0x10c .\CortexM0p\ARM_GCC_493\Debug\AYBR3000.a(key_touch_SensingCSD_LL.o)
                0x00001de0                key_touch_SsCSDStartSample
 .text.key_touch_CSDScanExt
                0x00001eec       0x1c .\CortexM0p\ARM_GCC_493\Debug\AYBR3000.a(key_touch_SensingCSD_LL.o)
                0x00001eec                key_touch_CSDScanExt
 .text.key_touch_CSDConnectSns
                0x00001f08       0x34 .\CortexM0p\ARM_GCC_493\Debug\AYBR3000.a(key_touch_SensingCSD_LL.o)
                0x00001f08                key_touch_CSDConnectSns
 .text.key_touch_CSDScan
                0x00001f3c       0x6c .\CortexM0p\ARM_GCC_493\Debug\AYBR3000.a(key_touch_SensingCSD_LL.o)
                0x00001f3c                key_touch_CSDScan
 .text.key_touch_SsCSDConnectSensorExt
                0x00001fa8       0x24 .\CortexM0p\ARM_GCC_493\Debug\AYBR3000.a(key_touch_SensingCSD_LL.o)
                0x00001fa8                key_touch_SsCSDConnectSensorExt
 .text.key_touch_CSDDisconnectSns
                0x00001fcc       0x40 .\CortexM0p\ARM_GCC_493\Debug\AYBR3000.a(key_touch_SensingCSD_LL.o)
                0x00001fcc                key_touch_CSDDisconnectSns
 .text.key_touch_SsCSDElectrodeCheck
                0x0000200c       0x24 .\CortexM0p\ARM_GCC_493\Debug\AYBR3000.a(key_touch_SensingCSD_LL.o)
                0x0000200c                key_touch_SsCSDElectrodeCheck
 .text.key_touch_CSDSetupWidget
                0x00002030       0x50 .\CortexM0p\ARM_GCC_493\Debug\AYBR3000.a(key_touch_SensingCSD_LL.o)
                0x00002030                key_touch_CSDSetupWidget
 .text.key_touch_CSDSetupWidgetExt
                0x00002080       0x68 .\CortexM0p\ARM_GCC_493\Debug\AYBR3000.a(key_touch_SensingCSD_LL.o)
                0x00002080                key_touch_CSDSetupWidgetExt
 .text.key_touch_SsCSDSetSingleIdacMode
                0x000020e8       0x2c .\CortexM0p\ARM_GCC_493\Debug\AYBR3000.a(key_touch_SensingCSD_LL.o)
                0x000020e8                key_touch_SsCSDSetSingleIdacMode
 .text.key_touch_SsCSDCalibrateOneSensor
                0x00002114       0xe0 .\CortexM0p\ARM_GCC_493\Debug\AYBR3000.a(key_touch_SensingCSD_LL.o)
 .text.key_touch_CSDCalibrateWidget
                0x000021f4       0xf8 .\CortexM0p\ARM_GCC_493\Debug\AYBR3000.a(key_touch_SensingCSD_LL.o)
                0x000021f4                key_touch_CSDCalibrateWidget
 .text.Timer_1_WriteCounter
                0x000022ec       0x10 .\CortexM0p\ARM_GCC_493\Debug\AYBR3000.a(Timer_1.o)
                0x000022ec                Timer_1_WriteCounter
 .text.Timer_1_WritePeriod
                0x000022fc       0x10 .\CortexM0p\ARM_GCC_493\Debug\AYBR3000.a(Timer_1.o)
                0x000022fc                Timer_1_WritePeriod
 .text.Timer_1_TriggerCommand
                0x0000230c       0x1c .\CortexM0p\ARM_GCC_493\Debug\AYBR3000.a(Timer_1.o)
                0x0000230c                Timer_1_TriggerCommand
 .text.Timer_1_Enable
                0x00002328       0x24 .\CortexM0p\ARM_GCC_493\Debug\AYBR3000.a(Timer_1.o)
                0x00002328                Timer_1_Enable
 .text.Timer_1_SetInterruptMode
                0x0000234c        0xc .\CortexM0p\ARM_GCC_493\Debug\AYBR3000.a(Timer_1.o)
                0x0000234c                Timer_1_SetInterruptMode
 .text.Timer_1_Init
                0x00002358       0x30 .\CortexM0p\ARM_GCC_493\Debug\AYBR3000.a(Timer_1.o)
                0x00002358                Timer_1_Init
 .text.Timer_1_Start
                0x00002388       0x20 .\CortexM0p\ARM_GCC_493\Debug\AYBR3000.a(Timer_1.o)
                0x00002388                Timer_1_Start
 .text.Timer_1_ClearInterrupt
                0x000023a8        0xc .\CortexM0p\ARM_GCC_493\Debug\AYBR3000.a(Timer_1.o)
                0x000023a8                Timer_1_ClearInterrupt
 .text.SDIO_Write
                0x000023b4       0x18 .\CortexM0p\ARM_GCC_493\Debug\AYBR3000.a(SDIO.o)
                0x000023b4                SDIO_Write
 .text.SDIO_Read
                0x000023cc       0x10 .\CortexM0p\ARM_GCC_493\Debug\AYBR3000.a(SDIO.o)
                0x000023cc                SDIO_Read
 .text.SCK_Write
                0x000023dc       0x18 .\CortexM0p\ARM_GCC_493\Debug\AYBR3000.a(SCK.o)
                0x000023dc                SCK_Write
 .text.GIO1_Write
                0x000023f4       0x18 .\CortexM0p\ARM_GCC_493\Debug\AYBR3000.a(GIO1.o)
                0x000023f4                GIO1_Write
 .text.GIO1_Read
                0x0000240c       0x10 .\CortexM0p\ARM_GCC_493\Debug\AYBR3000.a(GIO1.o)
                0x0000240c                GIO1_Read
 .text.GIO1_ClearInterrupt
                0x0000241c       0x14 .\CortexM0p\ARM_GCC_493\Debug\AYBR3000.a(GIO1.o)
                0x0000241c                GIO1_ClearInterrupt
 .text.SCS_Write
                0x00002430       0x18 .\CortexM0p\ARM_GCC_493\Debug\AYBR3000.a(SCS.o)
                0x00002430                SCS_Write
 .text.key_touch_ISR_SetVector
                0x00002448        0xc .\CortexM0p\ARM_GCC_493\Debug\AYBR3000.a(key_touch_ISR.o)
                0x00002448                key_touch_ISR_SetVector
 .text.key_touch_ISR_SetPriority
                0x00002454       0x24 .\CortexM0p\ARM_GCC_493\Debug\AYBR3000.a(key_touch_ISR.o)
                0x00002454                key_touch_ISR_SetPriority
 .text.key_touch_ISR_Enable
                0x00002478       0x10 .\CortexM0p\ARM_GCC_493\Debug\AYBR3000.a(key_touch_ISR.o)
                0x00002478                key_touch_ISR_Enable
 .text.key_touch_ISR_Disable
                0x00002488       0x10 .\CortexM0p\ARM_GCC_493\Debug\AYBR3000.a(key_touch_ISR.o)
                0x00002488                key_touch_ISR_Disable
 .text.key_touch_ISR_StartEx
                0x00002498       0x1c .\CortexM0p\ARM_GCC_493\Debug\AYBR3000.a(key_touch_ISR.o)
                0x00002498                key_touch_ISR_StartEx
 .text.CySysClkImoDisableWcoLock
                0x000024b4       0x14 .\CortexM0p\ARM_GCC_493\Debug\AYBR3000.a(CyLib.o)
                0x000024b4                CySysClkImoDisableWcoLock
 .text.CySysClkImoGetWcoLock
                0x000024c8       0x14 .\CortexM0p\ARM_GCC_493\Debug\AYBR3000.a(CyLib.o)
                0x000024c8                CySysClkImoGetWcoLock
 .text.CyIntEnable
                0x000024dc       0x14 .\CortexM0p\ARM_GCC_493\Debug\AYBR3000.a(CyLib.o)
                0x000024dc                CyIntEnable
 .text.CyIntDisable
                0x000024f0       0x14 .\CortexM0p\ARM_GCC_493\Debug\AYBR3000.a(CyLib.o)
                0x000024f0                CyIntDisable
 .text.CyIntClearPending
                0x00002504       0x14 .\CortexM0p\ARM_GCC_493\Debug\AYBR3000.a(CyLib.o)
                0x00002504                CyIntClearPending
 .text.CyHalt   0x00002518        0x4 .\CortexM0p\ARM_GCC_493\Debug\AYBR3000.a(CyLib.o)
                0x00002518                CyHalt
 .text.CyIntSetVector
                0x0000251c       0x24 .\CortexM0p\ARM_GCC_493\Debug\AYBR3000.a(CyLib.o)
                0x0000251c                CyIntSetVector
 .text.CyIntSetPriority
                0x00002540       0x4c .\CortexM0p\ARM_GCC_493\Debug\AYBR3000.a(CyLib.o)
                0x00002540                CyIntSetPriority
 .text.CyDelay  0x0000258c       0x30 .\CortexM0p\ARM_GCC_493\Debug\AYBR3000.a(CyLib.o)
                0x0000258c                CyDelay
 .text.CySysClkImoEnableWcoLock
                0x000025bc       0xcc .\CortexM0p\ARM_GCC_493\Debug\AYBR3000.a(CyLib.o)
                0x000025bc                CySysClkImoEnableWcoLock
 .text.CySysClkWriteImoFreq
                0x00002688       0xd8 .\CortexM0p\ARM_GCC_493\Debug\AYBR3000.a(CyLib.o)
                0x00002688                CySysClkWriteImoFreq
 .text.CySysPmSleep
                0x00002760       0x1c .\CortexM0p\ARM_GCC_493\Debug\AYBR3000.a(cyPm.o)
                0x00002760                CySysPmSleep
 .text.CySysClkWcoEnabled
                0x0000277c       0x14 .\CortexM0p\ARM_GCC_493\Debug\AYBR3000.a(CyLFClk.o)
                0x0000277c                CySysClkWcoEnabled
 .text.CySysWdtDisable
                0x00002790       0x10 .\CortexM0p\ARM_GCC_493\Debug\AYBR3000.a(CyLFClk.o)
                0x00002790                CySysWdtDisable
 .text.time_1ms_ISR_SetVector
                0x000027a0        0xc .\CortexM0p\ARM_GCC_493\Debug\AYBR3000.a(time_1ms_ISR.o)
                0x000027a0                time_1ms_ISR_SetVector
 .text.time_1ms_ISR_SetPriority
                0x000027ac       0x20 .\CortexM0p\ARM_GCC_493\Debug\AYBR3000.a(time_1ms_ISR.o)
                0x000027ac                time_1ms_ISR_SetPriority
 .text.time_1ms_ISR_Enable
                0x000027cc       0x10 .\CortexM0p\ARM_GCC_493\Debug\AYBR3000.a(time_1ms_ISR.o)
                0x000027cc                time_1ms_ISR_Enable
 .text.time_1ms_ISR_Disable
                0x000027dc       0x10 .\CortexM0p\ARM_GCC_493\Debug\AYBR3000.a(time_1ms_ISR.o)
                0x000027dc                time_1ms_ISR_Disable
 .text.time_1ms_ISR_StartEx
                0x000027ec       0x1c .\CortexM0p\ARM_GCC_493\Debug\AYBR3000.a(time_1ms_ISR.o)
                0x000027ec                time_1ms_ISR_StartEx
 .text.EZI2C_ScbEnableIntr
                0x00002808        0xc .\CortexM0p\ARM_GCC_493\Debug\AYBR3000.a(EZI2C.o)
 .text.EZI2C_Init
                0x00002814        0x8 .\CortexM0p\ARM_GCC_493\Debug\AYBR3000.a(EZI2C.o)
                0x00002814                EZI2C_Init
 .text.EZI2C_Enable
                0x0000281c       0x18 .\CortexM0p\ARM_GCC_493\Debug\AYBR3000.a(EZI2C.o)
                0x0000281c                EZI2C_Enable
 .text.EZI2C_Start
                0x00002834       0x20 .\CortexM0p\ARM_GCC_493\Debug\AYBR3000.a(EZI2C.o)
                0x00002834                EZI2C_Start
 .text.EZI2C_EzI2CInit
                0x00002854       0xc4 .\CortexM0p\ARM_GCC_493\Debug\AYBR3000.a(EZI2C_EZI2C.o)
                0x00002854                EZI2C_EzI2CInit
 .text.EZI2C_EzI2CSetBuffer1
                0x00002918       0x30 .\CortexM0p\ARM_GCC_493\Debug\AYBR3000.a(EZI2C_EZI2C.o)
                0x00002918                EZI2C_EzI2CSetBuffer1
 .text.EZI2C_EZI2C_STRETCH_ISR
                0x00002948      0x348 .\CortexM0p\ARM_GCC_493\Debug\AYBR3000.a(EZI2C_EZI2C_INT.o)
                0x00002948                EZI2C_EZI2C_STRETCH_ISR
 .text.GIO1_ISR_SetVector
                0x00002c90        0xc .\CortexM0p\ARM_GCC_493\Debug\AYBR3000.a(GIO1_ISR.o)
                0x00002c90                GIO1_ISR_SetVector
 .text.GIO1_ISR_SetPriority
                0x00002c9c       0x24 .\CortexM0p\ARM_GCC_493\Debug\AYBR3000.a(GIO1_ISR.o)
                0x00002c9c                GIO1_ISR_SetPriority
 .text.GIO1_ISR_Enable
                0x00002cc0        0xc .\CortexM0p\ARM_GCC_493\Debug\AYBR3000.a(GIO1_ISR.o)
                0x00002cc0                GIO1_ISR_Enable
 .text.GIO1_ISR_Disable
                0x00002ccc        0xc .\CortexM0p\ARM_GCC_493\Debug\AYBR3000.a(GIO1_ISR.o)
                0x00002ccc                GIO1_ISR_Disable
 .text.GIO1_ISR_StartEx
                0x00002cd8       0x1c .\CortexM0p\ARM_GCC_493\Debug\AYBR3000.a(GIO1_ISR.o)
                0x00002cd8                GIO1_ISR_StartEx
 .text.GIO1_ISR_ClearPending
                0x00002cf4        0xc .\CortexM0p\ARM_GCC_493\Debug\AYBR3000.a(GIO1_ISR.o)
                0x00002cf4                GIO1_ISR_ClearPending
 .text          0x00002d00       0x20 .\CortexM0p\ARM_GCC_493\Debug\AYBR3000.a(CyBootAsmGnu.o)
                0x00002d00                CyDelayCycles
                0x00002d12                CyEnterCriticalSection
                0x00002d1a                CyExitCriticalSection
 .text.key_touch_CSDPostSingleScan
                0x00002d20       0x74 .\CortexM0p\ARM_GCC_493\Debug\AYBR3000.a(key_touch_INT.o)
                0x00002d20                key_touch_CSDPostSingleScan
 .text.key_touch_CSDPostMultiScan
                0x00002d94      0x108 .\CortexM0p\ARM_GCC_493\Debug\AYBR3000.a(key_touch_INT.o)
                0x00002d94                key_touch_CSDPostMultiScan
 .text.CySysFlashSetWaitCycles
                0x00002e9c       0x54 .\CortexM0p\ARM_GCC_493\Debug\AYBR3000.a(CyFlash.o)
                0x00002e9c                CySysFlashSetWaitCycles
 .text.SmartSense_TunePrescalers
                0x00002ef0       0x68 D:\Program Files (x86)\Cypress\PSoC Creator\4.0\PSoC Creator\psoc\content\cycomponentlibrary\CyComponentLibrary.cylib\CapSense_P4_v3_10\PSoC4\Library\Capsense_P4Library_GCCp.a(CapSense_SmartSense_LL_v3_10.o)
                0x00002ef0                SmartSense_TunePrescalers
 .text.SmartSense_TuneSensitivity
                0x00002f58       0x74 D:\Program Files (x86)\Cypress\PSoC Creator\4.0\PSoC Creator\psoc\content\cycomponentlibrary\CyComponentLibrary.cylib\CapSense_P4_v3_10\PSoC4\Library\Capsense_P4Library_GCCp.a(CapSense_SmartSense_LL_v3_10.o)
                0x00002f58                SmartSense_TuneSensitivity
 .text.SmartSense_UpdateThresholds
                0x00002fcc       0x40 D:\Program Files (x86)\Cypress\PSoC Creator\4.0\PSoC Creator\psoc\content\cycomponentlibrary\CyComponentLibrary.cylib\CapSense_P4_v3_10\PSoC4\Library\Capsense_P4Library_GCCp.a(CapSense_SmartSense_SL_v3_10.o)
                0x00002fcc                SmartSense_UpdateThresholds
 .text.SmartSense_InitializeNoiseEnvelope
                0x0000300c       0x18 D:\Program Files (x86)\Cypress\PSoC Creator\4.0\PSoC Creator\psoc\content\cycomponentlibrary\CyComponentLibrary.cylib\CapSense_P4_v3_10\PSoC4\Library\Capsense_P4Library_GCCp.a(CapSense_SmartSense_SL_v3_10.o)
                0x0000300c                SmartSense_InitializeNoiseEnvelope
 .text.SmartSense_RunNoiseEnvelope
                0x00003024       0x8e D:\Program Files (x86)\Cypress\PSoC Creator\4.0\PSoC Creator\psoc\content\cycomponentlibrary\CyComponentLibrary.cylib\CapSense_P4_v3_10\PSoC4\Library\Capsense_P4Library_GCCp.a(CapSense_SmartSense_SL_v3_10.o)
                0x00003024                SmartSense_RunNoiseEnvelope
 *fill*         0x000030b2        0x2 
 .text          0x000030b4      0x120 d:/program files (x86)/cypress/psoc creator/4.0/psoc creator/import/gnu/arm/4.9.3/bin/../lib/gcc/arm-none-eabi/4.9.3/armv6-m\libgcc.a(_udivsi3.o)
                0x000030b4                __aeabi_uidiv
                0x000030b4                __udivsi3
                0x000031c0                __aeabi_uidivmod
 .text          0x000031d4        0x4 d:/program files (x86)/cypress/psoc creator/4.0/psoc creator/import/gnu/arm/4.9.3/bin/../lib/gcc/arm-none-eabi/4.9.3/armv6-m\libgcc.a(_dvmd_tls.o)
                0x000031d4                __aeabi_idiv0
                0x000031d4                __aeabi_ldiv0
 .text.__errno  0x000031d8        0xc d:/program files (x86)/cypress/psoc creator/4.0/psoc creator/import/gnu/arm/4.9.3/bin/../lib/gcc/arm-none-eabi/4.9.3/../../../../arm-none-eabi/lib/armv6-m\libg_nano.a(lib_a-errno.o)
                0x000031d8                __errno
 .text.__libc_init_array
                0x000031e4       0x4c d:/program files (x86)/cypress/psoc creator/4.0/psoc creator/import/gnu/arm/4.9.3/bin/../lib/gcc/arm-none-eabi/4.9.3/../../../../arm-none-eabi/lib/armv6-m\libg_nano.a(lib_a-init.o)
                0x000031e4                __libc_init_array
 .text.memcpy   0x00003230       0x12 d:/program files (x86)/cypress/psoc creator/4.0/psoc creator/import/gnu/arm/4.9.3/bin/../lib/gcc/arm-none-eabi/4.9.3/../../../../arm-none-eabi/lib/armv6-m\libg_nano.a(lib_a-memcpy.o)
                0x00003230                memcpy
 .text.memset   0x00003242       0x10 d:/program files (x86)/cypress/psoc creator/4.0/psoc creator/import/gnu/arm/4.9.3/bin/../lib/gcc/arm-none-eabi/4.9.3/../../../../arm-none-eabi/lib/armv6-m\libg_nano.a(lib_a-memset.o)
                0x00003242                memset
 *(.plt)
 *(.gnu.warning)
 *(.glue_7t)
 .glue_7t       0x00000000        0x0 linker stubs
 *(.glue_7)
 .glue_7        0x00000000        0x0 linker stubs
 *(.vfp11_veneer)
 .vfp11_veneer  0x00000000        0x0 linker stubs
 *(.bootloader)
 *(.ARM.extab* .gnu.linkonce.armextab.*)
 *(.gcc_except_table)

.v4_bx          0x00003254        0x0
 .v4_bx         0x00000000        0x0 linker stubs

.iplt           0x00003254        0x0
 .iplt          0x00000000        0x0 d:/program files (x86)/cypress/psoc creator/4.0/psoc creator/import/gnu/arm/4.9.3/bin/../lib/gcc/arm-none-eabi/4.9.3/armv6-m/crtbegin.o

.eh_frame_hdr
 *(.eh_frame_hdr)

.eh_frame       0x00003254        0x4
 *(.eh_frame)
 .eh_frame      0x00003254        0x0 d:/program files (x86)/cypress/psoc creator/4.0/psoc creator/import/gnu/arm/4.9.3/bin/../lib/gcc/arm-none-eabi/4.9.3/armv6-m/crtbegin.o
 .eh_frame      0x00003254        0x4 d:/program files (x86)/cypress/psoc creator/4.0/psoc creator/import/gnu/arm/4.9.3/bin/../lib/gcc/arm-none-eabi/4.9.3/armv6-m/crtend.o
                0x00003258                PROVIDE (__exidx_start, .)

.ARM.exidx
 *(.ARM.exidx* .gnu.linkonce.armexidx.*)
                0x00003258                __exidx_end = .

.rodata         0x00003258      0x4b8
 *(.rodata .rodata.* .gnu.linkonce.r.*)
 .rodata        0x00003258       0x30 .\CortexM0p\ARM_GCC_493\Debug\main.o
 .rodata        0x00003288       0x38 .\CortexM0p\ARM_GCC_493\Debug\A7105_firmware_lib.o
                0x00003288                ID_Tab
                0x0000328c                parameters_Config
 .rodata        0x000032c0       0x30 .\CortexM0p\ARM_GCC_493\Debug\key.o
 .rodata        0x000032f0      0x3b4 .\CortexM0p\ARM_GCC_493\Debug\AYBR3000.a(key_touch_Structure.o)
                0x000032fc                key_touch_dsFlash
                0x00003554                key_touch_ioList
 .rodata        0x000036a4       0x18 .\CortexM0p\ARM_GCC_493\Debug\AYBR3000.a(key_touch_Tuner.o)
 .rodata        0x000036bc        0x1 .\CortexM0p\ARM_GCC_493\Debug\AYBR3000.a(key_touch_Sensing.o)
                0x000036bc                key_touch_scanFreqIndex
 *fill*         0x000036bd        0x3 
 .rodata        0x000036c0       0x18 .\CortexM0p\ARM_GCC_493\Debug\AYBR3000.a(CyLib.o)
                0x000036c0                cyImoFreqMhz2DpllOffset
 .rodata.str1.1
                0x000036d8        0x2 d:/program files (x86)/cypress/psoc creator/4.0/psoc creator/import/gnu/arm/4.9.3/bin/../lib/gcc/arm-none-eabi/4.9.3/../../../../arm-none-eabi/lib/armv6-m\libg_nano.a(lib_a-impure.o)
                0x000036dc                . = ALIGN (0x4)
 *fill*         0x000036da        0x2 
 *(.init)
 .init          0x000036dc        0x4 d:/program files (x86)/cypress/psoc creator/4.0/psoc creator/import/gnu/arm/4.9.3/bin/../lib/gcc/arm-none-eabi/4.9.3/armv6-m/crti.o
                0x000036dc                _init
 .init          0x000036e0        0x8 d:/program files (x86)/cypress/psoc creator/4.0/psoc creator/import/gnu/arm/4.9.3/bin/../lib/gcc/arm-none-eabi/4.9.3/armv6-m/crtn.o
                0x000036e8                . = ALIGN (0x4)
                0x000036e8                __preinit_array_start = .
 *(.preinit_array)
                0x000036e8                __preinit_array_end = .
                0x000036e8                . = ALIGN (0x4)
                0x000036e8                __init_array_start = .
 *(SORT(.init_array.*))
 *(.init_array)
 .init_array    0x000036e8        0x4 d:/program files (x86)/cypress/psoc creator/4.0/psoc creator/import/gnu/arm/4.9.3/bin/../lib/gcc/arm-none-eabi/4.9.3/armv6-m/crtbegin.o
 .init_array    0x000036ec        0x4 .\CortexM0p\ARM_GCC_493\Debug\Cm0plusStart.o
                0x000036f0                __init_array_end = .
                0x000036f0                . = ALIGN (0x4)
 *(.fini)
 .fini          0x000036f0        0x4 d:/program files (x86)/cypress/psoc creator/4.0/psoc creator/import/gnu/arm/4.9.3/bin/../lib/gcc/arm-none-eabi/4.9.3/armv6-m/crti.o
                0x000036f0                _fini
 .fini          0x000036f4        0x8 d:/program files (x86)/cypress/psoc creator/4.0/psoc creator/import/gnu/arm/4.9.3/bin/../lib/gcc/arm-none-eabi/4.9.3/armv6-m/crtn.o
                0x000036fc                . = ALIGN (0x4)
                0x000036fc                __fini_array_start = .
 *(.fini_array)
 .fini_array    0x000036fc        0x4 d:/program files (x86)/cypress/psoc creator/4.0/psoc creator/import/gnu/arm/4.9.3/bin/../lib/gcc/arm-none-eabi/4.9.3/armv6-m/crtbegin.o
 *(SORT(.fini_array.*))
                0x00003700                __fini_array_end = .
                0x00003700                . = ALIGN (0x4)
 *crtbegin.o(.ctors)
 *(EXCLUDE_FILE(*crtend.o) .ctors)
 *(SORT(.ctors.*))
 *crtend.o(.ctors)
                0x00003700                . = ALIGN (0x4)
 *crtbegin.o(.dtors)
 *(EXCLUDE_FILE(*crtend.o) .dtors)
 *(SORT(.dtors.*))
 *crtend.o(.dtors)
                0x00003700                . = ALIGN (0x4)
                0x00003700                __cy_regions = .
                0x00003700        0x4 LONG 0x3710 __cy_region_init_ram
                0x00003704        0x4 LONG 0x20000088 __cy_region_start_data
                0x00003708        0x4 LONG 0xb0 __cy_region_init_size_ram
                0x0000370c        0x4 LONG 0x390 __cy_region_zero_size_ram
                0x00003710                __cy_regions_end = .
                0x00003710                . = ALIGN (0x8)
                0x00003710                _etext = .

.cy_checksum_exclude
                0x00003710        0x0
 *(.cy_checksum_exclude)

.ramvectors     0x20000000       0x80
                0x20000000                __cy_region_start_ram = .
 *(.ramvectors)
 .ramvectors    0x20000000       0x80 .\CortexM0p\ARM_GCC_493\Debug\Cm0plusStart.o
                0x20000000                CyRamVectors

.noinit         0x20000080        0x4
 *(.noinit)
 .noinit        0x20000080        0x4 .\CortexM0p\ARM_GCC_493\Debug\Cm0plusStart.o

.data           0x20000088       0xb0 load address 0x00003710
                0x20000088                __cy_region_start_data = .
 *(.jcr)
 .jcr           0x20000088        0x0 d:/program files (x86)/cypress/psoc creator/4.0/psoc creator/import/gnu/arm/4.9.3/bin/../lib/gcc/arm-none-eabi/4.9.3/armv6-m/crtbegin.o
 .jcr           0x20000088        0x4 d:/program files (x86)/cypress/psoc creator/4.0/psoc creator/import/gnu/arm/4.9.3/bin/../lib/gcc/arm-none-eabi/4.9.3/armv6-m/crtend.o
 *(.got.plt)
 *(.got)
 *(.shdata)
 *(.data .data.* .gnu.linkonce.d.*)
 .data          0x2000008c       0x2c .\CortexM0p\ARM_GCC_493\Debug\main.o
                0x2000008c                src_ID
                0x20000090                fenzhong
                0x20000094                beij_h
                0x20000098                xiaoshi
                0x2000009c                command_type
                0x200000a0                p_mutex_function
                0x200000a4                p_combine_function
                0x200000a8                wendu
                0x200000ac                dingshi
                0x200000b0                temp_fengnuan
                0x200000b1                temp_xin_feng_qn
                0x200000b2                time_zhi_mu
                0x200000b3                time_zhi_jing
                0x200000b4                time_xin_feng_qu_nuan
                0x200000b5                time_xin_feng
                0x200000b6                time_huan_qi
                0x200000b7                time_feng_nuan
 .data          0x200000b8        0x4 .\CortexM0p\ARM_GCC_493\Debug\AYBR3000.a(key_touch_SensingCSD_LL.o)
                0x200000b8                key_touch_configCsd
 .data          0x200000bc       0x14 .\CortexM0p\ARM_GCC_493\Debug\AYBR3000.a(CyLib.o)
                0x200000bc                CySysClkPumpConfig
                0x200000c0                cydelay32kMs
                0x200000c4                cydelayFreqKhz
                0x200000c8                cydelayFreqMhz
                0x200000cc                cydelayFreqHz
 .data.impure_data
                0x200000d0       0x60 d:/program files (x86)/cypress/psoc creator/4.0/psoc creator/import/gnu/arm/4.9.3/bin/../lib/gcc/arm-none-eabi/4.9.3/../../../../arm-none-eabi/lib/armv6-m\libg_nano.a(lib_a-impure.o)
 .data._impure_ptr
                0x20000130        0x4 d:/program files (x86)/cypress/psoc creator/4.0/psoc creator/import/gnu/arm/4.9.3/bin/../lib/gcc/arm-none-eabi/4.9.3/../../../../arm-none-eabi/lib/armv6-m\libg_nano.a(lib_a-impure.o)
                0x20000130                _impure_ptr
                0x20000138                . = ALIGN (0x8)
 *fill*         0x20000134        0x4 
 *(.ram)
                0x20000138                _edata = .

.igot.plt       0x20000138        0x0 load address 0x000037c0
 .igot.plt      0x00000000        0x0 d:/program files (x86)/cypress/psoc creator/4.0/psoc creator/import/gnu/arm/4.9.3/bin/../lib/gcc/arm-none-eabi/4.9.3/armv6-m/crtbegin.o

.bss            0x20000138      0x390 load address 0x000037c0
                0x20000138                PROVIDE (__bss_start__, .)
 *(.shbss)
 *(.bss .bss.* .gnu.linkonce.b.*)
 .bss           0x20000138       0x1c d:/program files (x86)/cypress/psoc creator/4.0/psoc creator/import/gnu/arm/4.9.3/bin/../lib/gcc/arm-none-eabi/4.9.3/armv6-m/crtbegin.o
 .bss           0x20000154       0x58 .\CortexM0p\ARM_GCC_493\Debug\main.o
                0x20000154                send_buffer
                0x2000016c                dest_ID
                0x20000171                beij_s
                0x20000172                beij_m
                0x20000174                send_show_buffer
                0x20000184                send_flag
                0x20000185                qiang_ruo_mode
                0x20000186                zhi_neng_mode
                0x20000187                match_code
                0x20000188                match_code_state
                0x2000018c                receive_buffer
                0x200001a4                timer_count
                0x200001a6                LCD_on_count
                0x200001a8                lcd_on
                0x200001a9                t
                0x200001aa                mutex_function_mode
 .bss           0x200001ac        0x1 .\CortexM0p\ARM_GCC_493\Debug\A7105_firmware_lib.o
                0x200001ac                A7105_wtr_status
 *fill*         0x200001ad        0x3 
 .bss           0x200001b0       0x74 .\CortexM0p\ARM_GCC_493\Debug\simple_protocol.o
 .bss           0x20000224        0x2 .\CortexM0p\ARM_GCC_493\Debug\timing.o
 *fill*         0x20000226        0x2 
 .bss           0x20000228       0x24 .\CortexM0p\ARM_GCC_493\Debug\key.o
                0x20000240                key_changed
 .bss           0x2000024c        0x1 .\CortexM0p\ARM_GCC_493\Debug\AYBR3000.a(key_touch_Control.o)
 *fill*         0x2000024d        0x3 
 .bss           0x20000250       0xc0 .\CortexM0p\ARM_GCC_493\Debug\AYBR3000.a(key_touch_Structure.o)
 .bss           0x20000310        0x4 .\CortexM0p\ARM_GCC_493\Debug\AYBR3000.a(key_touch_Tuner.o)
 .bss           0x20000314        0x4 .\CortexM0p\ARM_GCC_493\Debug\AYBR3000.a(key_touch_Sensing.o)
                0x20000314                key_touch_requestScanAllWidget
                0x20000315                key_touch_widgetIndex
                0x20000316                key_touch_prescalersTuningDone
                0x20000317                key_touch_sensorIndex
 .bss           0x20000318        0x1 .\CortexM0p\ARM_GCC_493\Debug\AYBR3000.a(key_touch_SensingCSD_LL.o)
 .bss           0x20000319        0x1 .\CortexM0p\ARM_GCC_493\Debug\AYBR3000.a(Timer_1.o)
                0x20000319                Timer_1_initVar
 *fill*         0x2000031a        0x2 
 .bss           0x2000031c        0x8 .\CortexM0p\ARM_GCC_493\Debug\AYBR3000.a(EZI2C.o)
                0x2000031c                EZI2C_initVar
                0x20000320                EZI2C_customIntrHandler
 .bss           0x20000324        0x2 .\CortexM0p\ARM_GCC_493\Debug\AYBR3000.a(EZI2C_EZI2C_INT.o)
 *(COMMON)
 *fill*         0x20000326        0x2 
 COMMON         0x20000328        0x6 .\CortexM0p\ARM_GCC_493\Debug\main.o
                0x20000328                match_code_wait
 *fill*         0x2000032e        0x2 
 COMMON         0x20000330      0x17c .\CortexM0p\ARM_GCC_493\Debug\AYBR3000.a(key_touch_Structure.o)
                0x20000330                key_touch_dsRam
 COMMON         0x200004ac        0x8 .\CortexM0p\ARM_GCC_493\Debug\AYBR3000.a(key_touch_Sensing.o)
                0x200004ac                key_touch_curSnsIOPtr
                0x200004b0                key_touch_curRamSnsPtr
 COMMON         0x200004b4       0x12 .\CortexM0p\ARM_GCC_493\Debug\AYBR3000.a(EZI2C_EZI2C.o)
                0x200004b4                EZI2C_offsetBuf1
                0x200004b6                EZI2C_indexBuf1
                0x200004b8                EZI2C_fsmState
                0x200004ba                EZI2C_protectBuf1
                0x200004bc                EZI2C_curStatus
                0x200004c0                EZI2C_dataBuffer1
                0x200004c4                EZI2C_bufSizeBuf1
                0x200004c8                . = ALIGN (0x8)
 *fill*         0x200004c6        0x2 
 *(.ram.b)
                0x200004c8                _end = .
                0x200004c8                __end = .
                0x200004c8                PROVIDE (end, .)
                0x200004c8                PROVIDE (__bss_end__, .)
                0x00003710                __cy_region_init_ram = LOADADDR (.data)
                0x000000b0                __cy_region_init_size_ram = (_edata - ADDR (.data))
                0x00000390                __cy_region_zero_size_ram = (_end - _edata)

.heap           0x200004c8       0x80 load address 0x000037c0
                0x200004c8                . = _end
                0x20000548                . = (. + 0x80)
 *fill*         0x200004c8       0x80 
                0x20000548                __cy_heap_limit = .

.stack          0x20000600      0x200
                0x20000600                __cy_stack_limit = .
                0x20000800                . = (. + 0x200)
 *fill*         0x20000600      0x200 
                0x00000001                ASSERT ((__cy_stack_limit >= __cy_heap_limit), region RAM overflowed with stack)
                0x00000000                cy_checksum_exclude_size = (CY_APPL_LOADABLE == 0x1)?SIZEOF (.cy_checksum_exclude):0x0
                0x00000001                ASSERT ((cy_checksum_exclude_size <= CY_CHECKSUM_EXCLUDE_SIZE), CY_BOOT: Section .cy_checksum_exclude size exceedes specified limit.)
                0x00003fc0                cyloadermeta_start = (cy_project_type_bootloader || cy_project_type_app_for_stack_and_copier)?(0x4000 - CY_METADATA_SIZE):0xf0000000

.cyloadermeta
 *(.cyloadermeta)
                0x00003fc0                cyloadablemeta_start = cy_project_type_app_for_stack_and_copier?((0x4000 - CY_FLASH_ROW_SIZE) - CY_METADATA_SIZE):((0x4000 - (CY_FLASH_ROW_SIZE * (CY_APPL_NUM - 0x1))) - CY_METADATA_SIZE)

.cyloadablemeta
 *(.cyloadablemeta)

.cyflashprotect
                0x90400000       0x10
 *(.cyflashprotect)
 .cyflashprotect
                0x90400000       0x10 .\CortexM0p\ARM_GCC_493\Debug\cymetadata.o
                0x90400000                cy_meta_flashprotect

.cymeta         0x90500000        0xc
 *(.cymeta)
 .cymeta        0x90500000        0xc .\CortexM0p\ARM_GCC_493\Debug\cymetadata.o
                0x90500000                cy_metadata

.cychipprotect  0x90600000        0x4
 *(.cychipprotect)
 .cychipprotect
                0x90600000        0x4 .\CortexM0p\ARM_GCC_493\Debug\cymetadata.o
                0x90600000                cy_meta_chipprotect

.rel.dyn        0x000037c0        0x0 load address 0x90600004
 .rel.iplt      0x00000000        0x0 d:/program files (x86)/cypress/psoc creator/4.0/psoc creator/import/gnu/arm/4.9.3/bin/../lib/gcc/arm-none-eabi/4.9.3/armv6-m/crtbegin.o

.stab
 *(.stab)

.stabstr
 *(.stabstr)

.debug
 *(.debug)

.line
 *(.line)

.debug_srcinfo
 *(.debug_srcinfo)

.debug_sfnames
 *(.debug_sfnames)

.debug_aranges  0x00000000      0xdf0
 *(.debug_aranges)
 .debug_aranges
                0x00000000       0x58 .\CortexM0p\ARM_GCC_493\Debug\main.o
 .debug_aranges
                0x00000058       0x50 .\CortexM0p\ARM_GCC_493\Debug\A7105_driver.o
 .debug_aranges
                0x000000a8       0x80 .\CortexM0p\ARM_GCC_493\Debug\A7105_firmware_lib.o
 .debug_aranges
                0x00000128       0x30 .\CortexM0p\ARM_GCC_493\Debug\simple_protocol.o
 .debug_aranges
                0x00000158       0x38 .\CortexM0p\ARM_GCC_493\Debug\timing.o
 .debug_aranges
                0x00000190       0x48 .\CortexM0p\ARM_GCC_493\Debug\key.o
 .debug_aranges
                0x000001d8       0x18 .\CortexM0p\ARM_GCC_493\Debug\cymetadata.o
 .debug_aranges
                0x000001f0       0x48 .\CortexM0p\ARM_GCC_493\Debug\Cm0plusStart.o
 .debug_aranges
                0x00000238       0x38 .\CortexM0p\ARM_GCC_493\Debug\AYBR3000.a(cyfitter_cfg.o)
 .debug_aranges
                0x00000270       0x68 .\CortexM0p\ARM_GCC_493\Debug\AYBR3000.a(key_touch_Control.o)
 .debug_aranges
                0x000002d8       0x50 .\CortexM0p\ARM_GCC_493\Debug\AYBR3000.a(key_touch_Processing.o)
 .debug_aranges
                0x00000328       0x50 .\CortexM0p\ARM_GCC_493\Debug\AYBR3000.a(key_touch_Structure.o)
 .debug_aranges
                0x00000378       0x28 .\CortexM0p\ARM_GCC_493\Debug\AYBR3000.a(key_touch_Tuner.o)
 .debug_aranges
                0x000003a0       0x80 .\CortexM0p\ARM_GCC_493\Debug\AYBR3000.a(key_touch_Filter.o)
 .debug_aranges
                0x00000420       0xb8 .\CortexM0p\ARM_GCC_493\Debug\AYBR3000.a(key_touch_Sensing.o)
 .debug_aranges
                0x000004d8       0xd0 .\CortexM0p\ARM_GCC_493\Debug\AYBR3000.a(key_touch_SensingCSD_LL.o)
 .debug_aranges
                0x000005a8      0x158 .\CortexM0p\ARM_GCC_493\Debug\AYBR3000.a(Timer_1.o)
 .debug_aranges
                0x00000700       0x48 .\CortexM0p\ARM_GCC_493\Debug\AYBR3000.a(SDIO.o)
 .debug_aranges
                0x00000748       0x48 .\CortexM0p\ARM_GCC_493\Debug\AYBR3000.a(SCK.o)
 .debug_aranges
                0x00000790       0x48 .\CortexM0p\ARM_GCC_493\Debug\AYBR3000.a(GIO1.o)
 .debug_aranges
                0x000007d8       0x48 .\CortexM0p\ARM_GCC_493\Debug\AYBR3000.a(SCS.o)
 .debug_aranges
                0x00000820       0x80 .\CortexM0p\ARM_GCC_493\Debug\AYBR3000.a(key_touch_ISR.o)
 .debug_aranges
                0x000008a0      0x190 .\CortexM0p\ARM_GCC_493\Debug\AYBR3000.a(CyLib.o)
 .debug_aranges
                0x00000a30       0x30 .\CortexM0p\ARM_GCC_493\Debug\AYBR3000.a(cyPm.o)
 .debug_aranges
                0x00000a60       0xd8 .\CortexM0p\ARM_GCC_493\Debug\AYBR3000.a(CyLFClk.o)
 .debug_aranges
                0x00000b38       0x80 .\CortexM0p\ARM_GCC_493\Debug\AYBR3000.a(time_1ms_ISR.o)
 .debug_aranges
                0x00000bb8       0x60 .\CortexM0p\ARM_GCC_493\Debug\AYBR3000.a(EZI2C.o)
 .debug_aranges
                0x00000c18       0x50 .\CortexM0p\ARM_GCC_493\Debug\AYBR3000.a(EZI2C_EZI2C.o)
 .debug_aranges
                0x00000c68       0x20 .\CortexM0p\ARM_GCC_493\Debug\AYBR3000.a(EZI2C_EZI2C_INT.o)
 .debug_aranges
                0x00000c88       0x80 .\CortexM0p\ARM_GCC_493\Debug\AYBR3000.a(GIO1_ISR.o)
 .debug_aranges
                0x00000d08       0x20 .\CortexM0p\ARM_GCC_493\Debug\AYBR3000.a(CyBootAsmGnu.o)
 .debug_aranges
                0x00000d28       0x28 .\CortexM0p\ARM_GCC_493\Debug\AYBR3000.a(key_touch_INT.o)
 .debug_aranges
                0x00000d50       0x48 .\CortexM0p\ARM_GCC_493\Debug\AYBR3000.a(CyFlash.o)
 .debug_aranges
                0x00000d98       0x28 D:\Program Files (x86)\Cypress\PSoC Creator\4.0\PSoC Creator\psoc\content\cycomponentlibrary\CyComponentLibrary.cylib\CapSense_P4_v3_10\PSoC4\Library\Capsense_P4Library_GCCp.a(CapSense_SmartSense_LL_v3_10.o)
 .debug_aranges
                0x00000dc0       0x30 D:\Program Files (x86)\Cypress\PSoC Creator\4.0\PSoC Creator\psoc\content\cycomponentlibrary\CyComponentLibrary.cylib\CapSense_P4_v3_10\PSoC4\Library\Capsense_P4Library_GCCp.a(CapSense_SmartSense_SL_v3_10.o)

.debug_pubnames
 *(.debug_pubnames)

.debug_info     0x00000000     0xccb0
 *(.debug_info .gnu.linkonce.wi.*)
 .debug_info    0x00000000      0xedf .\CortexM0p\ARM_GCC_493\Debug\main.o
 .debug_info    0x00000edf      0x685 .\CortexM0p\ARM_GCC_493\Debug\A7105_driver.o
 .debug_info    0x00001564      0xaa3 .\CortexM0p\ARM_GCC_493\Debug\A7105_firmware_lib.o
 .debug_info    0x00002007      0x28a .\CortexM0p\ARM_GCC_493\Debug\simple_protocol.o
 .debug_info    0x00002291      0x158 .\CortexM0p\ARM_GCC_493\Debug\timing.o
 .debug_info    0x000023e9      0x42d .\CortexM0p\ARM_GCC_493\Debug\key.o
 .debug_info    0x00002816       0xfe .\CortexM0p\ARM_GCC_493\Debug\cymetadata.o
 .debug_info    0x00002914      0x399 .\CortexM0p\ARM_GCC_493\Debug\Cm0plusStart.o
 .debug_info    0x00002cad      0x163 .\CortexM0p\ARM_GCC_493\Debug\AYBR3000.a(cyfitter_cfg.o)
 .debug_info    0x00002e10      0xbb5 .\CortexM0p\ARM_GCC_493\Debug\AYBR3000.a(key_touch_Control.o)
 .debug_info    0x000039c5      0xccf .\CortexM0p\ARM_GCC_493\Debug\AYBR3000.a(key_touch_Processing.o)
 .debug_info    0x00004694      0xd48 .\CortexM0p\ARM_GCC_493\Debug\AYBR3000.a(key_touch_Structure.o)
 .debug_info    0x000053dc      0x762 .\CortexM0p\ARM_GCC_493\Debug\AYBR3000.a(key_touch_Tuner.o)
 .debug_info    0x00005b3e      0xab5 .\CortexM0p\ARM_GCC_493\Debug\AYBR3000.a(key_touch_Filter.o)
 .debug_info    0x000065f3     0x1177 .\CortexM0p\ARM_GCC_493\Debug\AYBR3000.a(key_touch_Sensing.o)
 .debug_info    0x0000776a     0x10ec .\CortexM0p\ARM_GCC_493\Debug\AYBR3000.a(key_touch_SensingCSD_LL.o)
 .debug_info    0x00008856      0x8f1 .\CortexM0p\ARM_GCC_493\Debug\AYBR3000.a(Timer_1.o)
 .debug_info    0x00009147      0x19d .\CortexM0p\ARM_GCC_493\Debug\AYBR3000.a(SDIO.o)
 .debug_info    0x000092e4      0x19d .\CortexM0p\ARM_GCC_493\Debug\AYBR3000.a(SCK.o)
 .debug_info    0x00009481      0x19d .\CortexM0p\ARM_GCC_493\Debug\AYBR3000.a(GIO1.o)
 .debug_info    0x0000961e      0x19b .\CortexM0p\ARM_GCC_493\Debug\AYBR3000.a(SCS.o)
 .debug_info    0x000097b9      0x300 .\CortexM0p\ARM_GCC_493\Debug\AYBR3000.a(key_touch_ISR.o)
 .debug_info    0x00009ab9      0xbe1 .\CortexM0p\ARM_GCC_493\Debug\AYBR3000.a(CyLib.o)
 .debug_info    0x0000a69a      0x17b .\CortexM0p\ARM_GCC_493\Debug\AYBR3000.a(cyPm.o)
 .debug_info    0x0000a815      0x43f .\CortexM0p\ARM_GCC_493\Debug\AYBR3000.a(CyLFClk.o)
 .debug_info    0x0000ac54      0x300 .\CortexM0p\ARM_GCC_493\Debug\AYBR3000.a(time_1ms_ISR.o)
 .debug_info    0x0000af54      0x297 .\CortexM0p\ARM_GCC_493\Debug\AYBR3000.a(EZI2C.o)
 .debug_info    0x0000b1eb      0x347 .\CortexM0p\ARM_GCC_493\Debug\AYBR3000.a(EZI2C_EZI2C.o)
 .debug_info    0x0000b532      0x1df .\CortexM0p\ARM_GCC_493\Debug\AYBR3000.a(EZI2C_EZI2C_INT.o)
 .debug_info    0x0000b711      0x300 .\CortexM0p\ARM_GCC_493\Debug\AYBR3000.a(GIO1_ISR.o)
 .debug_info    0x0000ba11       0x8c .\CortexM0p\ARM_GCC_493\Debug\AYBR3000.a(CyBootAsmGnu.o)
 .debug_info    0x0000ba9d      0x939 .\CortexM0p\ARM_GCC_493\Debug\AYBR3000.a(key_touch_INT.o)
 .debug_info    0x0000c3d6      0x435 .\CortexM0p\ARM_GCC_493\Debug\AYBR3000.a(CyFlash.o)
 .debug_info    0x0000c80b      0x24c D:\Program Files (x86)\Cypress\PSoC Creator\4.0\PSoC Creator\psoc\content\cycomponentlibrary\CyComponentLibrary.cylib\CapSense_P4_v3_10\PSoC4\Library\Capsense_P4Library_GCCp.a(CapSense_SmartSense_LL_v3_10.o)
 .debug_info    0x0000ca57      0x259 D:\Program Files (x86)\Cypress\PSoC Creator\4.0\PSoC Creator\psoc\content\cycomponentlibrary\CyComponentLibrary.cylib\CapSense_P4_v3_10\PSoC4\Library\Capsense_P4Library_GCCp.a(CapSense_SmartSense_SL_v3_10.o)

.debug_abbrev   0x00000000     0x354a
 *(.debug_abbrev)
 .debug_abbrev  0x00000000      0x2db .\CortexM0p\ARM_GCC_493\Debug\main.o
 .debug_abbrev  0x000002db      0x166 .\CortexM0p\ARM_GCC_493\Debug\A7105_driver.o
 .debug_abbrev  0x00000441      0x2b5 .\CortexM0p\ARM_GCC_493\Debug\A7105_firmware_lib.o
 .debug_abbrev  0x000006f6      0x135 .\CortexM0p\ARM_GCC_493\Debug\simple_protocol.o
 .debug_abbrev  0x0000082b      0x101 .\CortexM0p\ARM_GCC_493\Debug\timing.o
 .debug_abbrev  0x0000092c      0x165 .\CortexM0p\ARM_GCC_493\Debug\key.o
 .debug_abbrev  0x00000a91       0x5d .\CortexM0p\ARM_GCC_493\Debug\cymetadata.o
 .debug_abbrev  0x00000aee      0x1df .\CortexM0p\ARM_GCC_493\Debug\Cm0plusStart.o
 .debug_abbrev  0x00000ccd       0xe2 .\CortexM0p\ARM_GCC_493\Debug\AYBR3000.a(cyfitter_cfg.o)
 .debug_abbrev  0x00000daf      0x280 .\CortexM0p\ARM_GCC_493\Debug\AYBR3000.a(key_touch_Control.o)
 .debug_abbrev  0x0000102f      0x204 .\CortexM0p\ARM_GCC_493\Debug\AYBR3000.a(key_touch_Processing.o)
 .debug_abbrev  0x00001233      0x237 .\CortexM0p\ARM_GCC_493\Debug\AYBR3000.a(key_touch_Structure.o)
 .debug_abbrev  0x0000146a      0x19a .\CortexM0p\ARM_GCC_493\Debug\AYBR3000.a(key_touch_Tuner.o)
 .debug_abbrev  0x00001604      0x2c8 .\CortexM0p\ARM_GCC_493\Debug\AYBR3000.a(key_touch_Filter.o)
 .debug_abbrev  0x000018cc      0x2ec .\CortexM0p\ARM_GCC_493\Debug\AYBR3000.a(key_touch_Sensing.o)
 .debug_abbrev  0x00001bb8      0x298 .\CortexM0p\ARM_GCC_493\Debug\AYBR3000.a(key_touch_SensingCSD_LL.o)
 .debug_abbrev  0x00001e50      0x133 .\CortexM0p\ARM_GCC_493\Debug\AYBR3000.a(Timer_1.o)
 .debug_abbrev  0x00001f83       0xc8 .\CortexM0p\ARM_GCC_493\Debug\AYBR3000.a(SDIO.o)
 .debug_abbrev  0x0000204b       0xc8 .\CortexM0p\ARM_GCC_493\Debug\AYBR3000.a(SCK.o)
 .debug_abbrev  0x00002113       0xc8 .\CortexM0p\ARM_GCC_493\Debug\AYBR3000.a(GIO1.o)
 .debug_abbrev  0x000021db       0xc8 .\CortexM0p\ARM_GCC_493\Debug\AYBR3000.a(SCS.o)
 .debug_abbrev  0x000022a3      0x1b4 .\CortexM0p\ARM_GCC_493\Debug\AYBR3000.a(key_touch_ISR.o)
 .debug_abbrev  0x00002457      0x236 .\CortexM0p\ARM_GCC_493\Debug\AYBR3000.a(CyLib.o)
 .debug_abbrev  0x0000268d       0xc6 .\CortexM0p\ARM_GCC_493\Debug\AYBR3000.a(cyPm.o)
 .debug_abbrev  0x00002753      0x1b6 .\CortexM0p\ARM_GCC_493\Debug\AYBR3000.a(CyLFClk.o)
 .debug_abbrev  0x00002909      0x1b4 .\CortexM0p\ARM_GCC_493\Debug\AYBR3000.a(time_1ms_ISR.o)
 .debug_abbrev  0x00002abd      0x143 .\CortexM0p\ARM_GCC_493\Debug\AYBR3000.a(EZI2C.o)
 .debug_abbrev  0x00002c00      0x170 .\CortexM0p\ARM_GCC_493\Debug\AYBR3000.a(EZI2C_EZI2C.o)
 .debug_abbrev  0x00002d70       0xc6 .\CortexM0p\ARM_GCC_493\Debug\AYBR3000.a(EZI2C_EZI2C_INT.o)
 .debug_abbrev  0x00002e36      0x1b4 .\CortexM0p\ARM_GCC_493\Debug\AYBR3000.a(GIO1_ISR.o)
 .debug_abbrev  0x00002fea       0x14 .\CortexM0p\ARM_GCC_493\Debug\AYBR3000.a(CyBootAsmGnu.o)
 .debug_abbrev  0x00002ffe      0x1ad .\CortexM0p\ARM_GCC_493\Debug\AYBR3000.a(key_touch_INT.o)
 .debug_abbrev  0x000031ab      0x1dd .\CortexM0p\ARM_GCC_493\Debug\AYBR3000.a(CyFlash.o)
 .debug_abbrev  0x00003388      0x112 D:\Program Files (x86)\Cypress\PSoC Creator\4.0\PSoC Creator\psoc\content\cycomponentlibrary\CyComponentLibrary.cylib\CapSense_P4_v3_10\PSoC4\Library\Capsense_P4Library_GCCp.a(CapSense_SmartSense_LL_v3_10.o)
 .debug_abbrev  0x0000349a       0xb0 D:\Program Files (x86)\Cypress\PSoC Creator\4.0\PSoC Creator\psoc\content\cycomponentlibrary\CyComponentLibrary.cylib\CapSense_P4_v3_10\PSoC4\Library\Capsense_P4Library_GCCp.a(CapSense_SmartSense_SL_v3_10.o)

.debug_line     0x00000000     0x3a52
 *(.debug_line)
 .debug_line    0x00000000      0x349 .\CortexM0p\ARM_GCC_493\Debug\main.o
 .debug_line    0x00000349      0x153 .\CortexM0p\ARM_GCC_493\Debug\A7105_driver.o
 .debug_line    0x0000049c      0x27f .\CortexM0p\ARM_GCC_493\Debug\A7105_firmware_lib.o
 .debug_line    0x0000071b       0xbd .\CortexM0p\ARM_GCC_493\Debug\simple_protocol.o
 .debug_line    0x000007d8       0x87 .\CortexM0p\ARM_GCC_493\Debug\timing.o
 .debug_line    0x0000085f      0x135 .\CortexM0p\ARM_GCC_493\Debug\key.o
 .debug_line    0x00000994       0x51 .\CortexM0p\ARM_GCC_493\Debug\cymetadata.o
 .debug_line    0x000009e5      0x260 .\CortexM0p\ARM_GCC_493\Debug\Cm0plusStart.o
 .debug_line    0x00000c45       0xc2 .\CortexM0p\ARM_GCC_493\Debug\AYBR3000.a(cyfitter_cfg.o)
 .debug_line    0x00000d07      0x244 .\CortexM0p\ARM_GCC_493\Debug\AYBR3000.a(key_touch_Control.o)
 .debug_line    0x00000f4b      0x32e .\CortexM0p\ARM_GCC_493\Debug\AYBR3000.a(key_touch_Processing.o)
 .debug_line    0x00001279      0x1dc .\CortexM0p\ARM_GCC_493\Debug\AYBR3000.a(key_touch_Structure.o)
 .debug_line    0x00001455      0x135 .\CortexM0p\ARM_GCC_493\Debug\AYBR3000.a(key_touch_Tuner.o)
 .debug_line    0x0000158a      0x234 .\CortexM0p\ARM_GCC_493\Debug\AYBR3000.a(key_touch_Filter.o)
 .debug_line    0x000017be      0x3d3 .\CortexM0p\ARM_GCC_493\Debug\AYBR3000.a(key_touch_Sensing.o)
 .debug_line    0x00001b91      0x3ee .\CortexM0p\ARM_GCC_493\Debug\AYBR3000.a(key_touch_SensingCSD_LL.o)
 .debug_line    0x00001f7f      0x37b .\CortexM0p\ARM_GCC_493\Debug\AYBR3000.a(Timer_1.o)
 .debug_line    0x000022fa       0xbc .\CortexM0p\ARM_GCC_493\Debug\AYBR3000.a(SDIO.o)
 .debug_line    0x000023b6       0xbb .\CortexM0p\ARM_GCC_493\Debug\AYBR3000.a(SCK.o)
 .debug_line    0x00002471       0xbc .\CortexM0p\ARM_GCC_493\Debug\AYBR3000.a(GIO1.o)
 .debug_line    0x0000252d       0xba .\CortexM0p\ARM_GCC_493\Debug\AYBR3000.a(SCS.o)
 .debug_line    0x000025e7      0x159 .\CortexM0p\ARM_GCC_493\Debug\AYBR3000.a(key_touch_ISR.o)
 .debug_line    0x00002740      0x4c7 .\CortexM0p\ARM_GCC_493\Debug\AYBR3000.a(CyLib.o)
 .debug_line    0x00002c07       0x98 .\CortexM0p\ARM_GCC_493\Debug\AYBR3000.a(cyPm.o)
 .debug_line    0x00002c9f      0x284 .\CortexM0p\ARM_GCC_493\Debug\AYBR3000.a(CyLFClk.o)
 .debug_line    0x00002f23      0x158 .\CortexM0p\ARM_GCC_493\Debug\AYBR3000.a(time_1ms_ISR.o)
 .debug_line    0x0000307b      0x128 .\CortexM0p\ARM_GCC_493\Debug\AYBR3000.a(EZI2C.o)
 .debug_line    0x000031a3      0x103 .\CortexM0p\ARM_GCC_493\Debug\AYBR3000.a(EZI2C_EZI2C.o)
 .debug_line    0x000032a6      0x13a .\CortexM0p\ARM_GCC_493\Debug\AYBR3000.a(EZI2C_EZI2C_INT.o)
 .debug_line    0x000033e0      0x154 .\CortexM0p\ARM_GCC_493\Debug\AYBR3000.a(GIO1_ISR.o)
 .debug_line    0x00003534       0x68 .\CortexM0p\ARM_GCC_493\Debug\AYBR3000.a(CyBootAsmGnu.o)
 .debug_line    0x0000359c      0x13f .\CortexM0p\ARM_GCC_493\Debug\AYBR3000.a(key_touch_INT.o)
 .debug_line    0x000036db      0x1e1 .\CortexM0p\ARM_GCC_493\Debug\AYBR3000.a(CyFlash.o)
 .debug_line    0x000038bc       0xb2 D:\Program Files (x86)\Cypress\PSoC Creator\4.0\PSoC Creator\psoc\content\cycomponentlibrary\CyComponentLibrary.cylib\CapSense_P4_v3_10\PSoC4\Library\Capsense_P4Library_GCCp.a(CapSense_SmartSense_LL_v3_10.o)
 .debug_line    0x0000396e       0xe4 D:\Program Files (x86)\Cypress\PSoC Creator\4.0\PSoC Creator\psoc\content\cycomponentlibrary\CyComponentLibrary.cylib\CapSense_P4_v3_10\PSoC4\Library\Capsense_P4Library_GCCp.a(CapSense_SmartSense_SL_v3_10.o)

.debug_frame    0x00000000     0x2214
 *(.debug_frame)
 .debug_frame   0x00000000       0xf0 .\CortexM0p\ARM_GCC_493\Debug\main.o
 .debug_frame   0x000000f0       0xd0 .\CortexM0p\ARM_GCC_493\Debug\A7105_driver.o
 .debug_frame   0x000001c0      0x184 .\CortexM0p\ARM_GCC_493\Debug\A7105_firmware_lib.o
 .debug_frame   0x00000344       0x4c .\CortexM0p\ARM_GCC_493\Debug\simple_protocol.o
 .debug_frame   0x00000390       0x6c .\CortexM0p\ARM_GCC_493\Debug\timing.o
 .debug_frame   0x000003fc       0xa4 .\CortexM0p\ARM_GCC_493\Debug\key.o
 .debug_frame   0x000004a0       0xbc .\CortexM0p\ARM_GCC_493\Debug\Cm0plusStart.o
 .debug_frame   0x0000055c       0x74 .\CortexM0p\ARM_GCC_493\Debug\AYBR3000.a(cyfitter_cfg.o)
 .debug_frame   0x000005d0      0x11c .\CortexM0p\ARM_GCC_493\Debug\AYBR3000.a(key_touch_Control.o)
 .debug_frame   0x000006ec       0xf4 .\CortexM0p\ARM_GCC_493\Debug\AYBR3000.a(key_touch_Processing.o)
 .debug_frame   0x000007e0       0xbc .\CortexM0p\ARM_GCC_493\Debug\AYBR3000.a(key_touch_Structure.o)
 .debug_frame   0x0000089c       0x40 .\CortexM0p\ARM_GCC_493\Debug\AYBR3000.a(key_touch_Tuner.o)
 .debug_frame   0x000008dc      0x198 .\CortexM0p\ARM_GCC_493\Debug\AYBR3000.a(key_touch_Filter.o)
 .debug_frame   0x00000a74      0x218 .\CortexM0p\ARM_GCC_493\Debug\AYBR3000.a(key_touch_Sensing.o)
 .debug_frame   0x00000c8c      0x298 .\CortexM0p\ARM_GCC_493\Debug\AYBR3000.a(key_touch_SensingCSD_LL.o)
 .debug_frame   0x00000f24      0x390 .\CortexM0p\ARM_GCC_493\Debug\AYBR3000.a(Timer_1.o)
 .debug_frame   0x000012b4       0x70 .\CortexM0p\ARM_GCC_493\Debug\AYBR3000.a(SDIO.o)
 .debug_frame   0x00001324       0x70 .\CortexM0p\ARM_GCC_493\Debug\AYBR3000.a(SCK.o)
 .debug_frame   0x00001394       0x70 .\CortexM0p\ARM_GCC_493\Debug\AYBR3000.a(GIO1.o)
 .debug_frame   0x00001404       0x70 .\CortexM0p\ARM_GCC_493\Debug\AYBR3000.a(SCS.o)
 .debug_frame   0x00001474      0x110 .\CortexM0p\ARM_GCC_493\Debug\AYBR3000.a(key_touch_ISR.o)
 .debug_frame   0x00001584      0x410 .\CortexM0p\ARM_GCC_493\Debug\AYBR3000.a(CyLib.o)
 .debug_frame   0x00001994       0x58 .\CortexM0p\ARM_GCC_493\Debug\AYBR3000.a(cyPm.o)
 .debug_frame   0x000019ec      0x1dc .\CortexM0p\ARM_GCC_493\Debug\AYBR3000.a(CyLFClk.o)
 .debug_frame   0x00001bc8      0x110 .\CortexM0p\ARM_GCC_493\Debug\AYBR3000.a(time_1ms_ISR.o)
 .debug_frame   0x00001cd8       0xe8 .\CortexM0p\ARM_GCC_493\Debug\AYBR3000.a(EZI2C.o)
 .debug_frame   0x00001dc0       0xa8 .\CortexM0p\ARM_GCC_493\Debug\AYBR3000.a(EZI2C_EZI2C.o)
 .debug_frame   0x00001e68       0x30 .\CortexM0p\ARM_GCC_493\Debug\AYBR3000.a(EZI2C_EZI2C_INT.o)
 .debug_frame   0x00001e98      0x110 .\CortexM0p\ARM_GCC_493\Debug\AYBR3000.a(GIO1_ISR.o)
 .debug_frame   0x00001fa8       0x40 .\CortexM0p\ARM_GCC_493\Debug\AYBR3000.a(key_touch_INT.o)
 .debug_frame   0x00001fe8       0xa8 .\CortexM0p\ARM_GCC_493\Debug\AYBR3000.a(CyFlash.o)
 .debug_frame   0x00002090       0x50 D:\Program Files (x86)\Cypress\PSoC Creator\4.0\PSoC Creator\psoc\content\cycomponentlibrary\CyComponentLibrary.cylib\CapSense_P4_v3_10\PSoC4\Library\Capsense_P4Library_GCCp.a(CapSense_SmartSense_LL_v3_10.o)
 .debug_frame   0x000020e0       0x58 D:\Program Files (x86)\Cypress\PSoC Creator\4.0\PSoC Creator\psoc\content\cycomponentlibrary\CyComponentLibrary.cylib\CapSense_P4_v3_10\PSoC4\Library\Capsense_P4Library_GCCp.a(CapSense_SmartSense_SL_v3_10.o)
 .debug_frame   0x00002138       0x20 d:/program files (x86)/cypress/psoc creator/4.0/psoc creator/import/gnu/arm/4.9.3/bin/../lib/gcc/arm-none-eabi/4.9.3/armv6-m\libgcc.a(_udivsi3.o)
 .debug_frame   0x00002158       0x20 d:/program files (x86)/cypress/psoc creator/4.0/psoc creator/import/gnu/arm/4.9.3/bin/../lib/gcc/arm-none-eabi/4.9.3/../../../../arm-none-eabi/lib/armv6-m\libg_nano.a(lib_a-errno.o)
 .debug_frame   0x00002178       0x28 d:/program files (x86)/cypress/psoc creator/4.0/psoc creator/import/gnu/arm/4.9.3/bin/../lib/gcc/arm-none-eabi/4.9.3/../../../../arm-none-eabi/lib/armv6-m\libg_nano.a(lib_a-exit.o)
 .debug_frame   0x000021a0       0x2c d:/program files (x86)/cypress/psoc creator/4.0/psoc creator/import/gnu/arm/4.9.3/bin/../lib/gcc/arm-none-eabi/4.9.3/../../../../arm-none-eabi/lib/armv6-m\libg_nano.a(lib_a-init.o)
 .debug_frame   0x000021cc       0x28 d:/program files (x86)/cypress/psoc creator/4.0/psoc creator/import/gnu/arm/4.9.3/bin/../lib/gcc/arm-none-eabi/4.9.3/../../../../arm-none-eabi/lib/armv6-m\libg_nano.a(lib_a-memcpy.o)
 .debug_frame   0x000021f4       0x20 d:/program files (x86)/cypress/psoc creator/4.0/psoc creator/import/gnu/arm/4.9.3/bin/../lib/gcc/arm-none-eabi/4.9.3/../../../../arm-none-eabi/lib/armv6-m\libg_nano.a(lib_a-memset.o)

.debug_str      0x00000000     0x41ef
 *(.debug_str)
 .debug_str     0x00000000      0xad1 .\CortexM0p\ARM_GCC_493\Debug\main.o
                                0xb5a (size before relaxing)
 .debug_str     0x00000ad1      0x388 .\CortexM0p\ARM_GCC_493\Debug\A7105_driver.o
                                0x5b0 (size before relaxing)
 .debug_str     0x00000e59       0xc4 .\CortexM0p\ARM_GCC_493\Debug\A7105_firmware_lib.o
                                0x585 (size before relaxing)
 .debug_str     0x00000f1d       0xaa .\CortexM0p\ARM_GCC_493\Debug\simple_protocol.o
                                0x2aa (size before relaxing)
 .debug_str     0x00000fc7       0x64 .\CortexM0p\ARM_GCC_493\Debug\timing.o
                                0x1a7 (size before relaxing)
 .debug_str     0x0000102b       0xc2 .\CortexM0p\ARM_GCC_493\Debug\key.o
                                0x376 (size before relaxing)
 .debug_str     0x000010ed       0x59 .\CortexM0p\ARM_GCC_493\Debug\cymetadata.o
                                0x1ce (size before relaxing)
 .debug_str     0x00001146      0x150 .\CortexM0p\ARM_GCC_493\Debug\Cm0plusStart.o
                                0x303 (size before relaxing)
 .debug_str     0x00001296       0x84 .\CortexM0p\ARM_GCC_493\Debug\AYBR3000.a(cyfitter_cfg.o)
                                0x20d (size before relaxing)
 .debug_str     0x0000131a      0x55d .\CortexM0p\ARM_GCC_493\Debug\AYBR3000.a(key_touch_Control.o)
                                0x9d0 (size before relaxing)
 .debug_str     0x00001877      0x1db .\CortexM0p\ARM_GCC_493\Debug\AYBR3000.a(key_touch_Processing.o)
                                0x910 (size before relaxing)
 .debug_str     0x00001a52      0x42e .\CortexM0p\ARM_GCC_493\Debug\AYBR3000.a(key_touch_Structure.o)
                                0xa93 (size before relaxing)
 .debug_str     0x00001e80      0x119 .\CortexM0p\ARM_GCC_493\Debug\AYBR3000.a(key_touch_Tuner.o)
                                0x6d1 (size before relaxing)
 .debug_str     0x00001f99      0x212 .\CortexM0p\ARM_GCC_493\Debug\AYBR3000.a(key_touch_Filter.o)
                                0x814 (size before relaxing)
 .debug_str     0x000021ab      0x572 .\CortexM0p\ARM_GCC_493\Debug\AYBR3000.a(key_touch_Sensing.o)
                                0xc51 (size before relaxing)
 .debug_str     0x0000271d      0x35a .\CortexM0p\ARM_GCC_493\Debug\AYBR3000.a(key_touch_SensingCSD_LL.o)
                                0xba5 (size before relaxing)
 .debug_str     0x00002a77      0x40d .\CortexM0p\ARM_GCC_493\Debug\AYBR3000.a(Timer_1.o)
                                0x5f9 (size before relaxing)
 .debug_str     0x00002e84       0x8f .\CortexM0p\ARM_GCC_493\Debug\AYBR3000.a(SDIO.o)
                                0x22f (size before relaxing)
 .debug_str     0x00002f13       0x6f .\CortexM0p\ARM_GCC_493\Debug\AYBR3000.a(SCK.o)
                                0x228 (size before relaxing)
 .debug_str     0x00002f82       0x57 .\CortexM0p\ARM_GCC_493\Debug\AYBR3000.a(GIO1.o)
                                0x22f (size before relaxing)
 .debug_str     0x00002fd9       0x6f .\CortexM0p\ARM_GCC_493\Debug\AYBR3000.a(SCS.o)
                                0x228 (size before relaxing)
 .debug_str     0x00003048      0x158 .\CortexM0p\ARM_GCC_493\Debug\AYBR3000.a(key_touch_ISR.o)
                                0x34e (size before relaxing)
 .debug_str     0x000031a0      0x4be .\CortexM0p\ARM_GCC_493\Debug\AYBR3000.a(CyLib.o)
                                0x717 (size before relaxing)
 .debug_str     0x0000365e       0x5f .\CortexM0p\ARM_GCC_493\Debug\AYBR3000.a(cyPm.o)
                                0x231 (size before relaxing)
 .debug_str     0x000036bd      0x2d0 .\CortexM0p\ARM_GCC_493\Debug\AYBR3000.a(CyLFClk.o)
                                0x4ae (size before relaxing)
 .debug_str     0x0000398d      0x133 .\CortexM0p\ARM_GCC_493\Debug\AYBR3000.a(time_1ms_ISR.o)
                                0x340 (size before relaxing)
 .debug_str     0x00003ac0      0x113 .\CortexM0p\ARM_GCC_493\Debug\AYBR3000.a(EZI2C.o)
                                0x2d2 (size before relaxing)
 .debug_str     0x00003bd3      0x11e .\CortexM0p\ARM_GCC_493\Debug\AYBR3000.a(EZI2C_EZI2C.o)
                                0x339 (size before relaxing)
 .debug_str     0x00003cf1       0x97 .\CortexM0p\ARM_GCC_493\Debug\AYBR3000.a(EZI2C_EZI2C_INT.o)
                                0x2c2 (size before relaxing)
 .debug_str     0x00003d88       0xc8 .\CortexM0p\ARM_GCC_493\Debug\AYBR3000.a(GIO1_ISR.o)
                                0x308 (size before relaxing)
 .debug_str     0x00003e50       0xa9 .\CortexM0p\ARM_GCC_493\Debug\AYBR3000.a(key_touch_INT.o)
                                0x775 (size before relaxing)
 .debug_str     0x00003ef9      0x11d .\CortexM0p\ARM_GCC_493\Debug\AYBR3000.a(CyFlash.o)
                                0x316 (size before relaxing)
 .debug_str     0x00004016      0x166 D:\Program Files (x86)\Cypress\PSoC Creator\4.0\PSoC Creator\psoc\content\cycomponentlibrary\CyComponentLibrary.cylib\CapSense_P4_v3_10\PSoC4\Library\Capsense_P4Library_GCCp.a(CapSense_SmartSense_LL_v3_10.o)
                                0x2b2 (size before relaxing)
 .debug_str     0x0000417c       0x73 D:\Program Files (x86)\Cypress\PSoC Creator\4.0\PSoC Creator\psoc\content\cycomponentlibrary\CyComponentLibrary.cylib\CapSense_P4_v3_10\PSoC4\Library\Capsense_P4Library_GCCp.a(CapSense_SmartSense_SL_v3_10.o)
                                0x30e (size before relaxing)

.debug_loc      0x00000000     0x4ccb
 *(.debug_loc)
 .debug_loc     0x00000000       0xf8 .\CortexM0p\ARM_GCC_493\Debug\main.o
 .debug_loc     0x000000f8      0x129 .\CortexM0p\ARM_GCC_493\Debug\A7105_driver.o
 .debug_loc     0x00000221      0x3f9 .\CortexM0p\ARM_GCC_493\Debug\A7105_firmware_lib.o
 .debug_loc     0x0000061a       0xc8 .\CortexM0p\ARM_GCC_493\Debug\simple_protocol.o
 .debug_loc     0x000006e2       0x79 .\CortexM0p\ARM_GCC_493\Debug\timing.o
 .debug_loc     0x0000075b      0x19b .\CortexM0p\ARM_GCC_493\Debug\key.o
 .debug_loc     0x000008f6      0x14f .\CortexM0p\ARM_GCC_493\Debug\Cm0plusStart.o
 .debug_loc     0x00000a45       0x35 .\CortexM0p\ARM_GCC_493\Debug\AYBR3000.a(cyfitter_cfg.o)
 .debug_loc     0x00000a7a      0x40d .\CortexM0p\ARM_GCC_493\Debug\AYBR3000.a(key_touch_Control.o)
 .debug_loc     0x00000e87      0x5c9 .\CortexM0p\ARM_GCC_493\Debug\AYBR3000.a(key_touch_Processing.o)
 .debug_loc     0x00001450      0x3c5 .\CortexM0p\ARM_GCC_493\Debug\AYBR3000.a(key_touch_Structure.o)
 .debug_loc     0x00001815      0x13d .\CortexM0p\ARM_GCC_493\Debug\AYBR3000.a(key_touch_Tuner.o)
 .debug_loc     0x00001952      0x8c1 .\CortexM0p\ARM_GCC_493\Debug\AYBR3000.a(key_touch_Filter.o)
 .debug_loc     0x00002213      0x724 .\CortexM0p\ARM_GCC_493\Debug\AYBR3000.a(key_touch_Sensing.o)
 .debug_loc     0x00002937      0x857 .\CortexM0p\ARM_GCC_493\Debug\AYBR3000.a(key_touch_SensingCSD_LL.o)
 .debug_loc     0x0000318e      0x547 .\CortexM0p\ARM_GCC_493\Debug\AYBR3000.a(Timer_1.o)
 .debug_loc     0x000036d5       0xa2 .\CortexM0p\ARM_GCC_493\Debug\AYBR3000.a(SDIO.o)
 .debug_loc     0x00003777       0xa2 .\CortexM0p\ARM_GCC_493\Debug\AYBR3000.a(SCK.o)
 .debug_loc     0x00003819       0xa2 .\CortexM0p\ARM_GCC_493\Debug\AYBR3000.a(GIO1.o)
 .debug_loc     0x000038bb       0x81 .\CortexM0p\ARM_GCC_493\Debug\AYBR3000.a(SCS.o)
 .debug_loc     0x0000393c       0x82 .\CortexM0p\ARM_GCC_493\Debug\AYBR3000.a(key_touch_ISR.o)
 .debug_loc     0x000039be      0x5e3 .\CortexM0p\ARM_GCC_493\Debug\AYBR3000.a(CyLib.o)
 .debug_loc     0x00003fa1       0x47 .\CortexM0p\ARM_GCC_493\Debug\AYBR3000.a(cyPm.o)
 .debug_loc     0x00003fe8      0x323 .\CortexM0p\ARM_GCC_493\Debug\AYBR3000.a(CyLFClk.o)
 .debug_loc     0x0000430b       0x82 .\CortexM0p\ARM_GCC_493\Debug\AYBR3000.a(time_1ms_ISR.o)
 .debug_loc     0x0000438d       0x7e .\CortexM0p\ARM_GCC_493\Debug\AYBR3000.a(EZI2C.o)
 .debug_loc     0x0000440b       0xe1 .\CortexM0p\ARM_GCC_493\Debug\AYBR3000.a(EZI2C_EZI2C.o)
 .debug_loc     0x000044ec      0x132 .\CortexM0p\ARM_GCC_493\Debug\AYBR3000.a(EZI2C_EZI2C_INT.o)
 .debug_loc     0x0000461e       0x82 .\CortexM0p\ARM_GCC_493\Debug\AYBR3000.a(GIO1_ISR.o)
 .debug_loc     0x000046a0       0xe6 .\CortexM0p\ARM_GCC_493\Debug\AYBR3000.a(key_touch_INT.o)
 .debug_loc     0x00004786      0x1c8 .\CortexM0p\ARM_GCC_493\Debug\AYBR3000.a(CyFlash.o)
 .debug_loc     0x0000494e      0x229 D:\Program Files (x86)\Cypress\PSoC Creator\4.0\PSoC Creator\psoc\content\cycomponentlibrary\CyComponentLibrary.cylib\CapSense_P4_v3_10\PSoC4\Library\Capsense_P4Library_GCCp.a(CapSense_SmartSense_LL_v3_10.o)
 .debug_loc     0x00004b77      0x154 D:\Program Files (x86)\Cypress\PSoC Creator\4.0\PSoC Creator\psoc\content\cycomponentlibrary\CyComponentLibrary.cylib\CapSense_P4_v3_10\PSoC4\Library\Capsense_P4Library_GCCp.a(CapSense_SmartSense_SL_v3_10.o)

.debug_macinfo
 *(.debug_macinfo)

.debug_ranges   0x00000000      0xba8
 *(.debug_ranges)
 .debug_ranges  0x00000000       0x48 .\CortexM0p\ARM_GCC_493\Debug\main.o
 .debug_ranges  0x00000048       0x40 .\CortexM0p\ARM_GCC_493\Debug\A7105_driver.o
 .debug_ranges  0x00000088       0x70 .\CortexM0p\ARM_GCC_493\Debug\A7105_firmware_lib.o
 .debug_ranges  0x000000f8       0x20 .\CortexM0p\ARM_GCC_493\Debug\simple_protocol.o
 .debug_ranges  0x00000118       0x28 .\CortexM0p\ARM_GCC_493\Debug\timing.o
 .debug_ranges  0x00000140       0x38 .\CortexM0p\ARM_GCC_493\Debug\key.o
 .debug_ranges  0x00000178       0x38 .\CortexM0p\ARM_GCC_493\Debug\Cm0plusStart.o
 .debug_ranges  0x000001b0       0x28 .\CortexM0p\ARM_GCC_493\Debug\AYBR3000.a(cyfitter_cfg.o)
 .debug_ranges  0x000001d8       0x58 .\CortexM0p\ARM_GCC_493\Debug\AYBR3000.a(key_touch_Control.o)
 .debug_ranges  0x00000230       0x40 .\CortexM0p\ARM_GCC_493\Debug\AYBR3000.a(key_touch_Processing.o)
 .debug_ranges  0x00000270       0x40 .\CortexM0p\ARM_GCC_493\Debug\AYBR3000.a(key_touch_Structure.o)
 .debug_ranges  0x000002b0       0x18 .\CortexM0p\ARM_GCC_493\Debug\AYBR3000.a(key_touch_Tuner.o)
 .debug_ranges  0x000002c8       0x70 .\CortexM0p\ARM_GCC_493\Debug\AYBR3000.a(key_touch_Filter.o)
 .debug_ranges  0x00000338       0xa8 .\CortexM0p\ARM_GCC_493\Debug\AYBR3000.a(key_touch_Sensing.o)
 .debug_ranges  0x000003e0       0xc0 .\CortexM0p\ARM_GCC_493\Debug\AYBR3000.a(key_touch_SensingCSD_LL.o)
 .debug_ranges  0x000004a0      0x148 .\CortexM0p\ARM_GCC_493\Debug\AYBR3000.a(Timer_1.o)
 .debug_ranges  0x000005e8       0x38 .\CortexM0p\ARM_GCC_493\Debug\AYBR3000.a(SDIO.o)
 .debug_ranges  0x00000620       0x38 .\CortexM0p\ARM_GCC_493\Debug\AYBR3000.a(SCK.o)
 .debug_ranges  0x00000658       0x38 .\CortexM0p\ARM_GCC_493\Debug\AYBR3000.a(GIO1.o)
 .debug_ranges  0x00000690       0x38 .\CortexM0p\ARM_GCC_493\Debug\AYBR3000.a(SCS.o)
 .debug_ranges  0x000006c8       0x70 .\CortexM0p\ARM_GCC_493\Debug\AYBR3000.a(key_touch_ISR.o)
 .debug_ranges  0x00000738      0x180 .\CortexM0p\ARM_GCC_493\Debug\AYBR3000.a(CyLib.o)
 .debug_ranges  0x000008b8       0x20 .\CortexM0p\ARM_GCC_493\Debug\AYBR3000.a(cyPm.o)
 .debug_ranges  0x000008d8       0xc8 .\CortexM0p\ARM_GCC_493\Debug\AYBR3000.a(CyLFClk.o)
 .debug_ranges  0x000009a0       0x70 .\CortexM0p\ARM_GCC_493\Debug\AYBR3000.a(time_1ms_ISR.o)
 .debug_ranges  0x00000a10       0x50 .\CortexM0p\ARM_GCC_493\Debug\AYBR3000.a(EZI2C.o)
 .debug_ranges  0x00000a60       0x40 .\CortexM0p\ARM_GCC_493\Debug\AYBR3000.a(EZI2C_EZI2C.o)
 .debug_ranges  0x00000aa0       0x10 .\CortexM0p\ARM_GCC_493\Debug\AYBR3000.a(EZI2C_EZI2C_INT.o)
 .debug_ranges  0x00000ab0       0x70 .\CortexM0p\ARM_GCC_493\Debug\AYBR3000.a(GIO1_ISR.o)
 .debug_ranges  0x00000b20       0x18 .\CortexM0p\ARM_GCC_493\Debug\AYBR3000.a(key_touch_INT.o)
 .debug_ranges  0x00000b38       0x38 .\CortexM0p\ARM_GCC_493\Debug\AYBR3000.a(CyFlash.o)
 .debug_ranges  0x00000b70       0x18 D:\Program Files (x86)\Cypress\PSoC Creator\4.0\PSoC Creator\psoc\content\cycomponentlibrary\CyComponentLibrary.cylib\CapSense_P4_v3_10\PSoC4\Library\Capsense_P4Library_GCCp.a(CapSense_SmartSense_LL_v3_10.o)
 .debug_ranges  0x00000b88       0x20 D:\Program Files (x86)\Cypress\PSoC Creator\4.0\PSoC Creator\psoc\content\cycomponentlibrary\CyComponentLibrary.cylib\CapSense_P4_v3_10\PSoC4\Library\Capsense_P4Library_GCCp.a(CapSense_SmartSense_SL_v3_10.o)

.comment        0x00000000       0x70
 .comment       0x00000000       0x70 .\CortexM0p\ARM_GCC_493\Debug\main.o
                                 0x71 (size before relaxing)
 .comment       0x00000000       0x71 .\CortexM0p\ARM_GCC_493\Debug\A7105_driver.o
 .comment       0x00000000       0x71 .\CortexM0p\ARM_GCC_493\Debug\A7105_firmware_lib.o
 .comment       0x00000000       0x71 .\CortexM0p\ARM_GCC_493\Debug\simple_protocol.o
 .comment       0x00000000       0x71 .\CortexM0p\ARM_GCC_493\Debug\timing.o
 .comment       0x00000000       0x71 .\CortexM0p\ARM_GCC_493\Debug\key.o
 .comment       0x00000000       0x71 .\CortexM0p\ARM_GCC_493\Debug\cymetadata.o
 .comment       0x00000000       0x71 .\CortexM0p\ARM_GCC_493\Debug\Cm0plusStart.o
 .comment       0x00000000       0x71 .\CortexM0p\ARM_GCC_493\Debug\AYBR3000.a(cyfitter_cfg.o)
 .comment       0x00000000       0x71 .\CortexM0p\ARM_GCC_493\Debug\AYBR3000.a(key_touch_Control.o)
 .comment       0x00000000       0x71 .\CortexM0p\ARM_GCC_493\Debug\AYBR3000.a(key_touch_Processing.o)
 .comment       0x00000000       0x71 .\CortexM0p\ARM_GCC_493\Debug\AYBR3000.a(key_touch_Structure.o)
 .comment       0x00000000       0x71 .\CortexM0p\ARM_GCC_493\Debug\AYBR3000.a(key_touch_Tuner.o)
 .comment       0x00000000       0x71 .\CortexM0p\ARM_GCC_493\Debug\AYBR3000.a(key_touch_Filter.o)
 .comment       0x00000000       0x71 .\CortexM0p\ARM_GCC_493\Debug\AYBR3000.a(key_touch_Sensing.o)
 .comment       0x00000000       0x71 .\CortexM0p\ARM_GCC_493\Debug\AYBR3000.a(key_touch_SensingCSD_LL.o)
 .comment       0x00000000       0x71 .\CortexM0p\ARM_GCC_493\Debug\AYBR3000.a(Timer_1.o)
 .comment       0x00000000       0x71 .\CortexM0p\ARM_GCC_493\Debug\AYBR3000.a(SDIO.o)
 .comment       0x00000000       0x71 .\CortexM0p\ARM_GCC_493\Debug\AYBR3000.a(SCK.o)
 .comment       0x00000000       0x71 .\CortexM0p\ARM_GCC_493\Debug\AYBR3000.a(GIO1.o)
 .comment       0x00000000       0x71 .\CortexM0p\ARM_GCC_493\Debug\AYBR3000.a(SCS.o)
 .comment       0x00000000       0x71 .\CortexM0p\ARM_GCC_493\Debug\AYBR3000.a(key_touch_ISR.o)
 .comment       0x00000000       0x71 .\CortexM0p\ARM_GCC_493\Debug\AYBR3000.a(CyLib.o)
 .comment       0x00000000       0x71 .\CortexM0p\ARM_GCC_493\Debug\AYBR3000.a(cyPm.o)
 .comment       0x00000000       0x71 .\CortexM0p\ARM_GCC_493\Debug\AYBR3000.a(CyLFClk.o)
 .comment       0x00000000       0x71 .\CortexM0p\ARM_GCC_493\Debug\AYBR3000.a(time_1ms_ISR.o)
 .comment       0x00000000       0x71 .\CortexM0p\ARM_GCC_493\Debug\AYBR3000.a(EZI2C.o)
 .comment       0x00000000       0x71 .\CortexM0p\ARM_GCC_493\Debug\AYBR3000.a(EZI2C_EZI2C.o)
 .comment       0x00000000       0x71 .\CortexM0p\ARM_GCC_493\Debug\AYBR3000.a(EZI2C_EZI2C_INT.o)
 .comment       0x00000000       0x71 .\CortexM0p\ARM_GCC_493\Debug\AYBR3000.a(GIO1_ISR.o)
 .comment       0x00000000       0x71 .\CortexM0p\ARM_GCC_493\Debug\AYBR3000.a(key_touch_INT.o)
 .comment       0x00000000       0x71 .\CortexM0p\ARM_GCC_493\Debug\AYBR3000.a(CyFlash.o)
 .comment       0x00000000       0x71 D:\Program Files (x86)\Cypress\PSoC Creator\4.0\PSoC Creator\psoc\content\cycomponentlibrary\CyComponentLibrary.cylib\CapSense_P4_v3_10\PSoC4\Library\Capsense_P4Library_GCCp.a(CapSense_SmartSense_LL_v3_10.o)
 .comment       0x00000000       0x71 D:\Program Files (x86)\Cypress\PSoC Creator\4.0\PSoC Creator\psoc\content\cycomponentlibrary\CyComponentLibrary.cylib\CapSense_P4_v3_10\PSoC4\Library\Capsense_P4Library_GCCp.a(CapSense_SmartSense_SL_v3_10.o)

.debug_weaknames
 *(.debug_weaknames)

.debug_funcnames
 *(.debug_funcnames)

.debug_typenames
 *(.debug_typenames)

.debug_varnames
 *(.debug_varnames)

.note.gnu.arm.ident
 *(.note.gnu.arm.ident)

.ARM.attributes
                0x00000000       0x28
 *(.ARM.attributes)
 .ARM.attributes
                0x00000000       0x1e d:/program files (x86)/cypress/psoc creator/4.0/psoc creator/import/gnu/arm/4.9.3/bin/../lib/gcc/arm-none-eabi/4.9.3/armv6-m/crti.o
 .ARM.attributes
                0x0000001e       0x2c d:/program files (x86)/cypress/psoc creator/4.0/psoc creator/import/gnu/arm/4.9.3/bin/../lib/gcc/arm-none-eabi/4.9.3/armv6-m/crtbegin.o
 .ARM.attributes
                0x0000004a       0x1b d:/program files (x86)/cypress/psoc creator/4.0/psoc creator/import/gnu/arm/4.9.3/bin/../lib/gcc/arm-none-eabi/4.9.3/../../../../arm-none-eabi/lib/armv6-m/crt0.o
 .ARM.attributes
                0x00000065       0x32 .\CortexM0p\ARM_GCC_493\Debug\main.o
 .ARM.attributes
                0x00000097       0x32 .\CortexM0p\ARM_GCC_493\Debug\A7105_driver.o
 .ARM.attributes
                0x000000c9       0x32 .\CortexM0p\ARM_GCC_493\Debug\A7105_firmware_lib.o
 .ARM.attributes
                0x000000fb       0x32 .\CortexM0p\ARM_GCC_493\Debug\simple_protocol.o
 .ARM.attributes
                0x0000012d       0x32 .\CortexM0p\ARM_GCC_493\Debug\timing.o
 .ARM.attributes
                0x0000015f       0x32 .\CortexM0p\ARM_GCC_493\Debug\key.o
 .ARM.attributes
                0x00000191       0x32 .\CortexM0p\ARM_GCC_493\Debug\cymetadata.o
 .ARM.attributes
                0x000001c3       0x32 .\CortexM0p\ARM_GCC_493\Debug\Cm0plusStart.o
 .ARM.attributes
                0x000001f5       0x32 .\CortexM0p\ARM_GCC_493\Debug\AYBR3000.a(cyfitter_cfg.o)
 .ARM.attributes
                0x00000227       0x32 .\CortexM0p\ARM_GCC_493\Debug\AYBR3000.a(key_touch_Control.o)
 .ARM.attributes
                0x00000259       0x32 .\CortexM0p\ARM_GCC_493\Debug\AYBR3000.a(key_touch_Processing.o)
 .ARM.attributes
                0x0000028b       0x32 .\CortexM0p\ARM_GCC_493\Debug\AYBR3000.a(key_touch_Structure.o)
 .ARM.attributes
                0x000002bd       0x32 .\CortexM0p\ARM_GCC_493\Debug\AYBR3000.a(key_touch_Tuner.o)
 .ARM.attributes
                0x000002ef       0x32 .\CortexM0p\ARM_GCC_493\Debug\AYBR3000.a(key_touch_Filter.o)
 .ARM.attributes
                0x00000321       0x32 .\CortexM0p\ARM_GCC_493\Debug\AYBR3000.a(key_touch_Sensing.o)
 .ARM.attributes
                0x00000353       0x32 .\CortexM0p\ARM_GCC_493\Debug\AYBR3000.a(key_touch_SensingCSD_LL.o)
 .ARM.attributes
                0x00000385       0x32 .\CortexM0p\ARM_GCC_493\Debug\AYBR3000.a(Timer_1.o)
 .ARM.attributes
                0x000003b7       0x32 .\CortexM0p\ARM_GCC_493\Debug\AYBR3000.a(SDIO.o)
 .ARM.attributes
                0x000003e9       0x32 .\CortexM0p\ARM_GCC_493\Debug\AYBR3000.a(SCK.o)
 .ARM.attributes
                0x0000041b       0x32 .\CortexM0p\ARM_GCC_493\Debug\AYBR3000.a(GIO1.o)
 .ARM.attributes
                0x0000044d       0x32 .\CortexM0p\ARM_GCC_493\Debug\AYBR3000.a(SCS.o)
 .ARM.attributes
                0x0000047f       0x32 .\CortexM0p\ARM_GCC_493\Debug\AYBR3000.a(key_touch_ISR.o)
 .ARM.attributes
                0x000004b1       0x32 .\CortexM0p\ARM_GCC_493\Debug\AYBR3000.a(CyLib.o)
 .ARM.attributes
                0x000004e3       0x32 .\CortexM0p\ARM_GCC_493\Debug\AYBR3000.a(cyPm.o)
 .ARM.attributes
                0x00000515       0x32 .\CortexM0p\ARM_GCC_493\Debug\AYBR3000.a(CyLFClk.o)
 .ARM.attributes
                0x00000547       0x32 .\CortexM0p\ARM_GCC_493\Debug\AYBR3000.a(time_1ms_ISR.o)
 .ARM.attributes
                0x00000579       0x32 .\CortexM0p\ARM_GCC_493\Debug\AYBR3000.a(EZI2C.o)
 .ARM.attributes
                0x000005ab       0x32 .\CortexM0p\ARM_GCC_493\Debug\AYBR3000.a(EZI2C_EZI2C.o)
 .ARM.attributes
                0x000005dd       0x32 .\CortexM0p\ARM_GCC_493\Debug\AYBR3000.a(EZI2C_EZI2C_INT.o)
 .ARM.attributes
                0x0000060f       0x32 .\CortexM0p\ARM_GCC_493\Debug\AYBR3000.a(GIO1_ISR.o)
 .ARM.attributes
                0x00000641       0x22 .\CortexM0p\ARM_GCC_493\Debug\AYBR3000.a(CyBootAsmGnu.o)
 .ARM.attributes
                0x00000663       0x32 .\CortexM0p\ARM_GCC_493\Debug\AYBR3000.a(key_touch_INT.o)
 .ARM.attributes
                0x00000695       0x32 .\CortexM0p\ARM_GCC_493\Debug\AYBR3000.a(CyFlash.o)
 .ARM.attributes
                0x000006c7       0x32 D:\Program Files (x86)\Cypress\PSoC Creator\4.0\PSoC Creator\psoc\content\cycomponentlibrary\CyComponentLibrary.cylib\CapSense_P4_v3_10\PSoC4\Library\Capsense_P4Library_GCCp.a(CapSense_SmartSense_LL_v3_10.o)
 .ARM.attributes
                0x000006f9       0x32 D:\Program Files (x86)\Cypress\PSoC Creator\4.0\PSoC Creator\psoc\content\cycomponentlibrary\CyComponentLibrary.cylib\CapSense_P4_v3_10\PSoC4\Library\Capsense_P4Library_GCCp.a(CapSense_SmartSense_SL_v3_10.o)
 .ARM.attributes
                0x0000072b       0x1e d:/program files (x86)/cypress/psoc creator/4.0/psoc creator/import/gnu/arm/4.9.3/bin/../lib/gcc/arm-none-eabi/4.9.3/armv6-m\libgcc.a(_udivsi3.o)
 .ARM.attributes
                0x00000749       0x1e d:/program files (x86)/cypress/psoc creator/4.0/psoc creator/import/gnu/arm/4.9.3/bin/../lib/gcc/arm-none-eabi/4.9.3/armv6-m\libgcc.a(_dvmd_tls.o)
 .ARM.attributes
                0x00000767       0x2c d:/program files (x86)/cypress/psoc creator/4.0/psoc creator/import/gnu/arm/4.9.3/bin/../lib/gcc/arm-none-eabi/4.9.3/../../../../arm-none-eabi/lib/armv6-m\libg_nano.a(lib_a-errno.o)
 .ARM.attributes
                0x00000793       0x2c d:/program files (x86)/cypress/psoc creator/4.0/psoc creator/import/gnu/arm/4.9.3/bin/../lib/gcc/arm-none-eabi/4.9.3/../../../../arm-none-eabi/lib/armv6-m\libg_nano.a(lib_a-exit.o)
 .ARM.attributes
                0x000007bf       0x2c d:/program files (x86)/cypress/psoc creator/4.0/psoc creator/import/gnu/arm/4.9.3/bin/../lib/gcc/arm-none-eabi/4.9.3/../../../../arm-none-eabi/lib/armv6-m\libg_nano.a(lib_a-impure.o)
 .ARM.attributes
                0x000007eb       0x2c d:/program files (x86)/cypress/psoc creator/4.0/psoc creator/import/gnu/arm/4.9.3/bin/../lib/gcc/arm-none-eabi/4.9.3/../../../../arm-none-eabi/lib/armv6-m\libg_nano.a(lib_a-init.o)
 .ARM.attributes
                0x00000817       0x2c d:/program files (x86)/cypress/psoc creator/4.0/psoc creator/import/gnu/arm/4.9.3/bin/../lib/gcc/arm-none-eabi/4.9.3/../../../../arm-none-eabi/lib/armv6-m\libg_nano.a(lib_a-memcpy.o)
 .ARM.attributes
                0x00000843       0x2c d:/program files (x86)/cypress/psoc creator/4.0/psoc creator/import/gnu/arm/4.9.3/bin/../lib/gcc/arm-none-eabi/4.9.3/../../../../arm-none-eabi/lib/armv6-m\libg_nano.a(lib_a-memset.o)
 .ARM.attributes
                0x0000086f       0x2c d:/program files (x86)/cypress/psoc creator/4.0/psoc creator/import/gnu/arm/4.9.3/bin/../lib/gcc/arm-none-eabi/4.9.3/armv6-m/crtend.o
 .ARM.attributes