Archive member included because of file (symbol)

.\CortexM0p\ARM_GCC_493\Debug\AYBR3000.a(cyfitter_cfg.o)
                              .\CortexM0p\ARM_GCC_493\Debug\Cm0plusStart.o (cyfitter_cfg)
.\CortexM0p\ARM_GCC_493\Debug\AYBR3000.a(key_touch_Control.o)
                              .\CortexM0p\ARM_GCC_493\Debug\main.o (key_touch_Start)
.\CortexM0p\ARM_GCC_493\Debug\AYBR3000.a(key_touch_Processing.o)
                              .\CortexM0p\ARM_GCC_493\Debug\AYBR3000.a(key_touch_Control.o) (key_touch_DpInitialize)
.\CortexM0p\ARM_GCC_493\Debug\AYBR3000.a(key_touch_Structure.o)
                              .\CortexM0p\ARM_GCC_493\Debug\AYBR3000.a(key_touch_Control.o) (key_touch_DsInitialize)
.\CortexM0p\ARM_GCC_493\Debug\AYBR3000.a(key_touch_Tuner.o)
                              .\CortexM0p\ARM_GCC_493\Debug\AYBR3000.a(key_touch_Control.o) (key_touch_TuInitialize)
.\CortexM0p\ARM_GCC_493\Debug\AYBR3000.a(key_touch_Filter.o)
                              .\CortexM0p\ARM_GCC_493\Debug\AYBR3000.a(key_touch_Control.o) (key_touch_FtInitialize)
.\CortexM0p\ARM_GCC_493\Debug\AYBR3000.a(key_touch_Sensing.o)
                              .\CortexM0p\ARM_GCC_493\Debug\main.o (key_touch_IsBusy)
.\CortexM0p\ARM_GCC_493\Debug\AYBR3000.a(key_touch_SensingCSD_LL.o)
                              .\CortexM0p\ARM_GCC_493\Debug\AYBR3000.a(key_touch_Sensing.o) (key_touch_SsCSDInitialize)
.\CortexM0p\ARM_GCC_493\Debug\AYBR3000.a(Timer_1.o)
                              .\CortexM0p\ARM_GCC_493\Debug\main.o (Timer_1_Start)
.\CortexM0p\ARM_GCC_493\Debug\AYBR3000.a(key_touch_ISR.o)
                              .\CortexM0p\ARM_GCC_493\Debug\AYBR3000.a(key_touch_Sensing.o) (key_touch_ISR_StartEx)
.\CortexM0p\ARM_GCC_493\Debug\AYBR3000.a(CyLib.o)
                              .\CortexM0p\ARM_GCC_493\Debug\AYBR3000.a(key_touch_SensingCSD_LL.o) (CyIntEnable)
.\CortexM0p\ARM_GCC_493\Debug\AYBR3000.a(cyPm.o)
                              .\CortexM0p\ARM_GCC_493\Debug\AYBR3000.a(key_touch_Control.o) (CySysPmSleep)
.\CortexM0p\ARM_GCC_493\Debug\AYBR3000.a(CyLFClk.o)
                              .\CortexM0p\ARM_GCC_493\Debug\AYBR3000.a(CyLib.o) (CySysClkWcoEnabled)
.\CortexM0p\ARM_GCC_493\Debug\AYBR3000.a(time_1ms_ISR.o)
                              .\CortexM0p\ARM_GCC_493\Debug\main.o (time_1ms_ISR_StartEx)
.\CortexM0p\ARM_GCC_493\Debug\AYBR3000.a(SIMPLE_CLOCK.o)
                              .\CortexM0p\ARM_GCC_493\Debug\simple_protocol.o (SIMPLE_CLOCK_Write)
.\CortexM0p\ARM_GCC_493\Debug\AYBR3000.a(SIMPLE_DATA.o)
                              .\CortexM0p\ARM_GCC_493\Debug\simple_protocol.o (SIMPLE_DATA_Write)
.\CortexM0p\ARM_GCC_493\Debug\AYBR3000.a(CyBootAsmGnu.o)
                              .\CortexM0p\ARM_GCC_493\Debug\AYBR3000.a(key_touch_SensingCSD_LL.o) (CyDelayCycles)
.\CortexM0p\ARM_GCC_493\Debug\AYBR3000.a(key_touch_INT.o)
                              .\CortexM0p\ARM_GCC_493\Debug\AYBR3000.a(key_touch_SensingCSD_LL.o) (key_touch_CSDPostSingleScan)
.\CortexM0p\ARM_GCC_493\Debug\AYBR3000.a(CyFlash.o)
                              .\CortexM0p\ARM_GCC_493\Debug\AYBR3000.a(CyLib.o) (CySysFlashSetWaitCycles)
D:\Program Files (x86)\Cypress\PSoC Creator\4.0\PSoC Creator\psoc\content\cycomponentlibrary\CyComponentLibrary.cylib\CapSense_P4_v3_10\PSoC4\Library\Capsense_P4Library_GCCp.a(CapSense_SmartSense_LL_v3_10.o)
                              .\CortexM0p\ARM_GCC_493\Debug\AYBR3000.a(key_touch_Sensing.o) (SmartSense_TunePrescalers)
D:\Program Files (x86)\Cypress\PSoC Creator\4.0\PSoC Creator\psoc\content\cycomponentlibrary\CyComponentLibrary.cylib\CapSense_P4_v3_10\PSoC4\Library\Capsense_P4Library_GCCp.a(CapSense_SmartSense_SL_v3_10.o)
                              .\CortexM0p\ARM_GCC_493\Debug\AYBR3000.a(key_touch_Processing.o) (SmartSense_UpdateThresholds)
d:/program files (x86)/cypress/psoc creator/4.0/psoc creator/import/gnu/arm/4.9.3/bin/../lib/gcc/arm-none-eabi/4.9.3/armv6-m\libgcc.a(_udivsi3.o)
                              .\CortexM0p\ARM_GCC_493\Debug\AYBR3000.a(key_touch_Sensing.o) (__aeabi_uidiv)
d:/program files (x86)/cypress/psoc creator/4.0/psoc creator/import/gnu/arm/4.9.3/bin/../lib/gcc/arm-none-eabi/4.9.3/armv6-m\libgcc.a(_dvmd_tls.o)
                              d:/program files (x86)/cypress/psoc creator/4.0/psoc creator/import/gnu/arm/4.9.3/bin/../lib/gcc/arm-none-eabi/4.9.3/armv6-m\libgcc.a(_udivsi3.o) (__aeabi_idiv0)
d:/program files (x86)/cypress/psoc creator/4.0/psoc creator/import/gnu/arm/4.9.3/bin/../lib/gcc/arm-none-eabi/4.9.3/../../../../arm-none-eabi/lib/armv6-m\libg_nano.a(lib_a-errno.o)
                              .\CortexM0p\ARM_GCC_493\Debug\Cm0plusStart.o (__errno)
d:/program files (x86)/cypress/psoc creator/4.0/psoc creator/import/gnu/arm/4.9.3/bin/../lib/gcc/arm-none-eabi/4.9.3/../../../../arm-none-eabi/lib/armv6-m\libg_nano.a(lib_a-exit.o)
[...]
Memory Configuration

Name             Origin             Length             Attributes
rom              0x00000000         0x00004000         xr
ram              0x20000000         0x00000800         xrw
*default*        0x00000000         0xffffffff

Linker script and memory map

LOAD d:/program files (x86)/cypress/psoc creator/4.0/psoc creator/import/gnu/arm/4.9.3/bin/../lib/gcc/arm-none-eabi/4.9.3/armv6-m/crti.o
LOAD d:/program files (x86)/cypress/psoc creator/4.0/psoc creator/import/gnu/arm/4.9.3/bin/../lib/gcc/arm-none-eabi/4.9.3/armv6-m/crtbegin.o
LOAD d:/program files (x86)/cypress/psoc creator/4.0/psoc creator/import/gnu/arm/4.9.3/bin/../lib/gcc/arm-none-eabi/4.9.3/../../../../arm-none-eabi/lib/armv6-m/crt0.o
START GROUP
LOAD .\CortexM0p\ARM_GCC_493\Debug\main.o
LOAD .\CortexM0p\ARM_GCC_493\Debug\simple_protocol.o
LOAD .\CortexM0p\ARM_GCC_493\Debug\timing.o
LOAD .\CortexM0p\ARM_GCC_493\Debug\task_manager.o
LOAD .\CortexM0p\ARM_GCC_493\Debug\app.o
LOAD .\CortexM0p\ARM_GCC_493\Debug\key.o
LOAD .\CortexM0p\ARM_GCC_493\Debug\key_config.o
LOAD .\CortexM0p\ARM_GCC_493\Debug\cymetadata.o
LOAD .\CortexM0p\ARM_GCC_493\Debug\Cm0plusStart.o
LOAD .\CortexM0p\ARM_GCC_493\Debug\AYBR3000.a
LOAD D:\Program Files (x86)\Cypress\PSoC Creator\4.0\PSoC Creator\psoc\content\cycomponentlibrary\CyComponentLibrary.cylib\CapSense_P4_v3_10\PSoC4\Library\Capsense_P4Library_GCCp.a
END GROUP
START GROUP
LOAD d:/program files (x86)/cypress/psoc creator/4.0/psoc creator/import/gnu/arm/4.9.3/bin/../lib/gcc/arm-none-eabi/4.9.3/armv6-m\libgcc.a
LOAD d:/program files (x86)/cypress/psoc creator/4.0/psoc creator/import/gnu/arm/4.9.3/bin/../lib/gcc/arm-none-eabi/4.9.3/../../../../arm-none-eabi/lib/armv6-m\libg_nano.a
LOAD d:/program files (x86)/cypress/psoc creator/4.0/psoc creator/import/gnu/arm/4.9.3/bin/../lib/gcc/arm-none-eabi/4.9.3/../../../../arm-none-eabi/lib/armv6-m\libc_nano.a
END GROUP
START GROUP
LOAD d:/program files (x86)/cypress/psoc creator/4.0/psoc creator/import/gnu/arm/4.9.3/bin/../lib/gcc/arm-none-eabi/4.9.3/armv6-m\libgcc.a
LOAD d:/program files (x86)/cypress/psoc creator/4.0/psoc creator/import/gnu/arm/4.9.3/bin/../lib/gcc/arm-none-eabi/4.9.3/../../../../arm-none-eabi/lib/armv6-m\libc_nano.a
END GROUP
LOAD d:/program files (x86)/cypress/psoc creator/4.0/psoc creator/import/gnu/arm/4.9.3/bin/../lib/gcc/arm-none-eabi/4.9.3/armv6-m/crtend.o
LOAD d:/program files (x86)/cypress/psoc creator/4.0/psoc creator/import/gnu/arm/4.9.3/bin/../lib/gcc/arm-none-eabi/4.9.3/armv6-m/crtn.o
START GROUP
LOAD d:/program files (x86)/cypress/psoc creator/4.0/psoc creator/import/gnu/arm/4.9.3/bin/../lib/gcc/arm-none-eabi/4.9.3/armv6-m\libgcc.a
LOAD d:/program files (x86)/cypress/psoc creator/4.0/psoc creator/import/gnu/arm/4.9.3/bin/../lib/gcc/arm-none-eabi/4.9.3/../../../../arm-none-eabi/lib/armv6-m\libc.a
LOAD d:/program files (x86)/cypress/psoc creator/4.0/psoc creator/import/gnu/arm/4.9.3/bin/../lib/gcc/arm-none-eabi/4.9.3/../../../../arm-none-eabi/lib/armv6-m\libnosys.a
END GROUP
                0x00000000                CY_APPL_ORIGIN = 0x0
                0x00000080                CY_FLASH_ROW_SIZE = 0x80
                0x00000001                CY_APPL_NUM = 0x1
                0x00000001                CY_APPL_MAX = 0x1
                0x00000040                CY_METADATA_SIZE = 0x40
                0x00000000                CY_APPL_LOADABLE = 0x0
                0x00000000                CY_CHECKSUM_EXCLUDE_SIZE = ALIGN (0x0, CY_FLASH_ROW_SIZE)
                0x00000000                CY_APP_FOR_STACK_AND_COPIER = 0x0
                0x20000598                PROVIDE (__cy_heap_start, _end)
                0x00000001                PROVIDE (__cy_region_num, ((__cy_regions_end - __cy_regions) / 0x10))
                0x20000800                PROVIDE (__cy_stack, (ORIGIN (ram) + 0x800))
                0x20000700                PROVIDE (__cy_heap_end, (__cy_stack - 0x100))

.cybootloader   0x00000000        0x0
 *(.cybootloader)
                0x00000000                appl1_start = CY_APPL_ORIGIN?CY_APPL_ORIGIN:ALIGN (CY_FLASH_ROW_SIZE)
                0x00001f80                appl2_start = (appl1_start + ALIGN ((((0x4000 - appl1_start) - (0x2 * CY_FLASH_ROW_SIZE)) / 0x2), CY_FLASH_ROW_SIZE))
                0x00000000                appl_start = (CY_APPL_NUM == 0x1)?appl1_start:appl2_start
                0x00000001                cy_project_type_bootloader = (appl_start == 0x0)?0x1:0x0
                0x00000000                cy_project_type_app_for_stack_and_copier = (CY_APP_FOR_STACK_AND_COPIER == 0x1)?0x1:0x0

.text           0x00000000     0x2632
 CREATE_OBJECT_SYMBOLS
                0x00000000                PROVIDE (__cy_interrupt_vector, RomVectors)
 *(.romvectors)
 .romvectors    0x00000000       0x10 .\CortexM0p\ARM_GCC_493\Debug\Cm0plusStart.o
                0x00000000                RomVectors
                0x00000001                ASSERT ((. != __cy_interrupt_vector), No interrupt vector)
                0x00000001                ASSERT (CY_APPL_ORIGIN?(SIZEOF (.cybootloader) <= CY_APPL_ORIGIN):0x1, Wrong image location)
                0x00000010                PROVIDE (__cy_reset, Reset)
 *(.text.Reset)
 .text.Reset    0x00000010        0xc .\CortexM0p\ARM_GCC_493\Debug\Cm0plusStart.o
                0x00000010                Reset
                0x00000001                ASSERT ((. != __cy_reset), No reset code)
 *(.psocinit)
 .psocinit      0x0000001c       0xec .\CortexM0p\ARM_GCC_493\Debug\AYBR3000.a(cyfitter_cfg.o)
                0x00000080                cyfitter_cfg
                0x00000108                . = MAX (., 0x100)
 *(.text .text.* .gnu.linkonce.t.*)
 .text          0x00000108       0x60 d:/program files (x86)/cypress/psoc creator/4.0/psoc creator/import/gnu/arm/4.9.3/bin/../lib/gcc/arm-none-eabi/4.9.3/armv6-m/crtbegin.o
 .text.time_1ms_Interrupt
                0x00000168       0x14 .\CortexM0p\ARM_GCC_493\Debug\main.o
                0x00000168                time_1ms_Interrupt
 .text.main     0x0000017c       0x60 .\CortexM0p\ARM_GCC_493\Debug\main.o
                0x0000017c                main
 .text.simple_protocol_init
                0x000001dc       0x20 .\CortexM0p\ARM_GCC_493\Debug\simple_protocol.o
                0x000001dc                simple_protocol_init
 .text.simple_protocol_process
                0x000001fc      0x168 .\CortexM0p\ARM_GCC_493\Debug\simple_protocol.o
                0x000001fc                simple_protocol_process
 .text.simple_protocol_send
                0x00000364       0x40 .\CortexM0p\ARM_GCC_493\Debug\simple_protocol.o
                0x00000364                simple_protocol_send
 .text.timing_get_count
                0x000003a4        0xc .\CortexM0p\ARM_GCC_493\Debug\timing.o
 .text.timing_count
                0x000003b0       0x10 .\CortexM0p\ARM_GCC_493\Debug\timing.o
                0x000003b0                timing_count
 .text.timing_set_counts
                0x000003c0       0x14 .\CortexM0p\ARM_GCC_493\Debug\timing.o
                0x000003c0                timing_set_counts
 .text.timing_count_end
                0x000003d4       0x24 .\CortexM0p\ARM_GCC_493\Debug\timing.o
                0x000003d4                timing_count_end
 .text.task_init
                0x000003f8       0x14 .\CortexM0p\ARM_GCC_493\Debug\task_manager.o
                0x000003f8                task_init
 .text.task_main
                0x0000040c       0x50 .\CortexM0p\ARM_GCC_493\Debug\task_manager.o
                0x0000040c                task_main
 .text.task_1ms_updater
                0x0000045c       0x10 .\CortexM0p\ARM_GCC_493\Debug\task_manager.o
                0x0000045c                task_1ms_updater
 .text.task_add
                0x0000046c       0x38 .\CortexM0p\ARM_GCC_493\Debug\task_manager.o
                0x0000046c                task_add
 .text.app_key_short_press_dian_yuan_handler
                0x000004a4       0x14 .\CortexM0p\ARM_GCC_493\Debug\app.o
                0x000004a4                app_key_short_press_dian_yuan_handler
 .text.app_key_short_press_feng_nuan_handler
                0x000004b8       0x14 .\CortexM0p\ARM_GCC_493\Debug\app.o
                0x000004b8                app_key_short_press_feng_nuan_handler
 .text.app_key_short_press_wen_du_jia_handler
                0x000004cc       0x14 .\CortexM0p\ARM_GCC_493\Debug\app.o
                0x000004cc                app_key_short_press_wen_du_jia_handler
 .text.app_key_short_press_wen_du_jian_handler
                0x000004e0       0x14 .\CortexM0p\ARM_GCC_493\Debug\app.o
                0x000004e0                app_key_short_press_wen_du_jian_handler
 .text.app_key_short_press_xin_feng_handler
                0x000004f4       0x14 .\CortexM0p\ARM_GCC_493\Debug\app.o
                0x000004f4                app_key_short_press_xin_feng_handler
 .text.app_key_short_press_qiang_ruo_handler
                0x00000508       0x14 .\CortexM0p\ARM_GCC_493\Debug\app.o
                0x00000508                app_key_short_press_qiang_ruo_handler
 .text.app_key_short_press_huan_qi_handler
                0x0000051c       0x14 .\CortexM0p\ARM_GCC_493\Debug\app.o
                0x0000051c                app_key_short_press_huan_qi_handler
 .text.app_key_short_press_xin_feng_qu_nuan_handler
                0x00000530       0x14 .\CortexM0p\ARM_GCC_493\Debug\app.o
                0x00000530                app_key_short_press_xin_feng_qu_nuan_handler
 .text.app_key_short_press_ding_shi_jia_handler
                0x00000544       0x14 .\CortexM0p\ARM_GCC_493\Debug\app.o
                0x00000544                app_key_short_press_ding_shi_jia_handler
 .text.app_key_short_press_ding_shi_jian_handler
                0x00000558       0x14 .\CortexM0p\ARM_GCC_493\Debug\app.o
                0x00000558                app_key_short_press_ding_shi_jian_handler
 .text.app_key_short_press_bai_dong_handler
                0x0000056c       0x14 .\CortexM0p\ARM_GCC_493\Debug\app.o
                0x0000056c                app_key_short_press_bai_dong_handler
 .text.app_key_short_press_zhi_neng_handler
                0x00000580       0x14 .\CortexM0p\ARM_GCC_493\Debug\app.o
                0x00000580                app_key_short_press_zhi_neng_handler
 .text.app_key_long_press_wen_du_jia_handler
                0x00000594       0x14 .\CortexM0p\ARM_GCC_493\Debug\app.o
                0x00000594                app_key_long_press_wen_du_jia_handler
 .text.app_key_long_press_ding_shi_jia_handler
                0x000005a8       0x14 .\CortexM0p\ARM_GCC_493\Debug\app.o
                0x000005a8                app_key_long_press_ding_shi_jia_handler
 .text.app_key_long_press_ding_shi_jian_handler
                0x000005bc       0x14 .\CortexM0p\ARM_GCC_493\Debug\app.o
                0x000005bc                app_key_long_press_ding_shi_jian_handler
 .text.app_key_long_release_ding_shi_jia_handler
                0x000005d0       0x14 .\CortexM0p\ARM_GCC_493\Debug\app.o
                0x000005d0                app_key_long_release_ding_shi_jia_handler
 .text.app_key_long_release_ding_shi_jian_handler
                0x000005e4       0x14 .\CortexM0p\ARM_GCC_493\Debug\app.o
                0x000005e4                app_key_long_release_ding_shi_jian_handler
 .text.app_key_combine_wen_jia_ding_jia_handler
                0x000005f8       0x14 .\CortexM0p\ARM_GCC_493\Debug\app.o
                0x000005f8                app_key_combine_wen_jia_ding_jia_handler
 .text.app_key_combine_wen_jian_ding_jian_handler
                0x0000060c       0x14 .\CortexM0p\ARM_GCC_493\Debug\app.o
                0x0000060c                app_key_combine_wen_jian_ding_jian_handler
 .text.app_key_combine_ding_jian_dian_yuan_handler
                0x00000620       0x14 .\CortexM0p\ARM_GCC_493\Debug\app.o
                0x00000620                app_key_combine_ding_jian_dian_yuan_handler
 .text.app_init
                0x00000634      0x11c .\CortexM0p\ARM_GCC_493\Debug\app.o
                0x00000634                app_init
 .text.key_event_deal
                0x00000750       0x24 .\CortexM0p\ARM_GCC_493\Debug\key.o
 .text.key_combine_deal
                0x00000774       0x58 .\CortexM0p\ARM_GCC_493\Debug\key.o
 .text.key_conbine_check
                0x000007cc       0x38 .\CortexM0p\ARM_GCC_493\Debug\key.o
 .text.key_init
                0x00000804       0x48 .\CortexM0p\ARM_GCC_493\Debug\key.o
                0x00000804                key_init
 .text.key_main
                0x0000084c      0x140 .\CortexM0p\ARM_GCC_493\Debug\key.o
                0x0000084c                key_main
 .text.key_add_event_handler
                0x0000098c       0x24 .\CortexM0p\ARM_GCC_493\Debug\key.o
                0x0000098c                key_add_event_handler
 .text.key_add_combine_handler
                0x000009b0       0x4c .\CortexM0p\ARM_GCC_493\Debug\key.o
                0x000009b0                key_add_combine_handler
 .text.pin_zhi_neng
                0x000009fc       0x14 .\CortexM0p\ARM_GCC_493\Debug\key_config.o
 .text.pin_bai_dong
                0x00000a10       0x14 .\CortexM0p\ARM_GCC_493\Debug\key_config.o
 .text.pin_dingshi_jian
                0x00000a24       0x14 .\CortexM0p\ARM_GCC_493\Debug\key_config.o
 .text.pin_dingshi_jia
                0x00000a38       0x14 .\CortexM0p\ARM_GCC_493\Debug\key_config.o
 .text.pin_xin_feng_qu_nuan
                0x00000a4c       0x14 .\CortexM0p\ARM_GCC_493\Debug\key_config.o
 .text.pin_huan_qi
                0x00000a60       0x14 .\CortexM0p\ARM_GCC_493\Debug\key_config.o
 .text.pin_qiang_ruo
                0x00000a74       0x14 .\CortexM0p\ARM_GCC_493\Debug\key_config.o
 .text.pin_xin_feng
                0x00000a88       0x14 .\CortexM0p\ARM_GCC_493\Debug\key_config.o
 .text.pin_wendu_jian
                0x00000a9c       0x14 .\CortexM0p\ARM_GCC_493\Debug\key_config.o
 .text.pin_wendu_jia
                0x00000ab0       0x14 .\CortexM0p\ARM_GCC_493\Debug\key_config.o
 .text.pin_feng_nuan
                0x00000ac4       0x14 .\CortexM0p\ARM_GCC_493\Debug\key_config.o
 .text.pin_dian_yuan
                0x00000ad8       0x14 .\CortexM0p\ARM_GCC_493\Debug\key_config.o
 .text.IntDefaultHandler
                0x00000aec       0x10 .\CortexM0p\ARM_GCC_493\Debug\Cm0plusStart.o
                0x00000aec                IntDefaultHandler
 .text.Start_c  0x00000afc       0x48 .\CortexM0p\ARM_GCC_493\Debug\Cm0plusStart.o
                0x00000afc                Start_c
 .text.initialize_psoc
                0x00000b44       0x48 .\CortexM0p\ARM_GCC_493\Debug\Cm0plusStart.o
                0x00000b44                initialize_psoc
 .text.SetAnalogRoutingPumps
                0x00000b8c       0x38 .\CortexM0p\ARM_GCC_493\Debug\AYBR3000.a(cyfitter_cfg.o)
                0x00000b8c                SetAnalogRoutingPumps
 .text.AnalogSetDefault
                0x00000bc4       0x14 .\CortexM0p\ARM_GCC_493\Debug\AYBR3000.a(cyfitter_cfg.o)
 .text.key_touch_Initialize
                0x00000bd8       0x28 .\CortexM0p\ARM_GCC_493\Debug\AYBR3000.a(key_touch_Control.o)
                0x00000bd8                key_touch_Initialize
 .text.key_touch_Start
                0x00000c00       0x50 .\CortexM0p\ARM_GCC_493\Debug\AYBR3000.a(key_touch_Control.o)
                0x00000c00                key_touch_Start
 .text.key_touch_ProcessAllWidgets
                0x00000c50       0x48 .\CortexM0p\ARM_GCC_493\Debug\AYBR3000.a(key_touch_Control.o)
                0x00000c50                key_touch_ProcessAllWidgets
 .text.key_touch_DpInitialize
                0x00000c98       0x5c .\CortexM0p\ARM_GCC_493\Debug\AYBR3000.a(key_touch_Processing.o)
                0x00000c98                key_touch_DpInitialize
 .text.key_touch_DpUpdateThresholds
                0x00000cf4       0x34 .\CortexM0p\ARM_GCC_493\Debug\AYBR3000.a(key_touch_Processing.o)
                0x00000cf4                key_touch_DpUpdateThresholds
 .text.key_touch_DpUpdateDifferences
                0x00000d28       0x14 .\CortexM0p\ARM_GCC_493\Debug\AYBR3000.a(key_touch_Processing.o)
                0x00000d28                key_touch_DpUpdateDifferences
 .text.key_touch_DpProcessCsdWidgetRawCounts
                0x00000d3c       0x5c .\CortexM0p\ARM_GCC_493\Debug\AYBR3000.a(key_touch_Processing.o)
                0x00000d3c                key_touch_DpProcessCsdWidgetRawCounts
 .text.key_touch_DpProcessButton
                0x00000d98       0x64 .\CortexM0p\ARM_GCC_493\Debug\AYBR3000.a(key_touch_Processing.o)
                0x00000d98                key_touch_DpProcessButton
 .text.key_touch_DpProcessCsdWidgetStatus
                0x00000dfc       0x58 .\CortexM0p\ARM_GCC_493\Debug\AYBR3000.a(key_touch_Processing.o)
                0x00000dfc                key_touch_DpProcessCsdWidgetStatus
 .text.key_touch_DsInitialize
                0x00000e54       0x70 .\CortexM0p\ARM_GCC_493\Debug\AYBR3000.a(key_touch_Structure.o)
                0x00000e54                key_touch_DsInitialize
 .text.key_touch_IsWidgetActive
                0x00000ec4       0x24 .\CortexM0p\ARM_GCC_493\Debug\AYBR3000.a(key_touch_Structure.o)
                0x00000ec4                key_touch_IsWidgetActive
 .text.key_touch_TuInitialize
                0x00000ee8       0x14 .\CortexM0p\ARM_GCC_493\Debug\AYBR3000.a(key_touch_Tuner.o)
                0x00000ee8                key_touch_TuInitialize
 .text.key_touch_FtInitialize
                0x00000efc       0x48 .\CortexM0p\ARM_GCC_493\Debug\AYBR3000.a(key_touch_Filter.o)
                0x00000efc                key_touch_FtInitialize
 .text.key_touch_FtInitializeBaselineChannel
                0x00000f44       0x1c .\CortexM0p\ARM_GCC_493\Debug\AYBR3000.a(key_touch_Filter.o)
                0x00000f44                key_touch_FtInitializeBaselineChannel
 .text.key_touch_InitializeSensorBaseline
                0x00000f60       0x30 .\CortexM0p\ARM_GCC_493\Debug\AYBR3000.a(key_touch_Filter.o)
                0x00000f60                key_touch_InitializeSensorBaseline
 .text.key_touch_InitializeWidgetBaseline
                0x00000f90       0x24 .\CortexM0p\ARM_GCC_493\Debug\AYBR3000.a(key_touch_Filter.o)
                0x00000f90                key_touch_InitializeWidgetBaseline
 .text.key_touch_InitializeAllBaselines
                0x00000fb4       0x18 .\CortexM0p\ARM_GCC_493\Debug\AYBR3000.a(key_touch_Filter.o)
                0x00000fb4                key_touch_InitializeAllBaselines
 .text.key_touch_FtIIR1stOrder
                0x00000fcc       0x14 .\CortexM0p\ARM_GCC_493\Debug\AYBR3000.a(key_touch_Filter.o)
                0x00000fcc                key_touch_FtIIR1stOrder
 .text.key_touch_FtUpdateBaseline
                0x00000fe0       0x94 .\CortexM0p\ARM_GCC_493\Debug\AYBR3000.a(key_touch_Filter.o)
                0x00000fe0                key_touch_FtUpdateBaseline
 .text.key_touch_SsSetDirectClockMode
                0x00001074       0x14 .\CortexM0p\ARM_GCC_493\Debug\AYBR3000.a(key_touch_Sensing.o)
 .text.key_touch_IsBusy
                0x00001088       0x10 .\CortexM0p\ARM_GCC_493\Debug\AYBR3000.a(key_touch_Sensing.o)
                0x00001088                key_touch_IsBusy
 .text.key_touch_SetupWidget
                0x00001098       0x44 .\CortexM0p\ARM_GCC_493\Debug\AYBR3000.a(key_touch_Sensing.o)
                0x00001098                key_touch_SetupWidget
 .text.key_touch_Scan
                0x000010dc       0x1c .\CortexM0p\ARM_GCC_493\Debug\AYBR3000.a(key_touch_Sensing.o)
                0x000010dc                key_touch_Scan
 .text.key_touch_ScanAllWidgets
                0x000010f8       0x48 .\CortexM0p\ARM_GCC_493\Debug\AYBR3000.a(key_touch_Sensing.o)
                0x000010f8                key_touch_ScanAllWidgets
 .text.key_touch_SsPostAllWidgetsScan
                0x00001140       0x68 .\CortexM0p\ARM_GCC_493\Debug\AYBR3000.a(key_touch_Sensing.o)
                0x00001140                key_touch_SsPostAllWidgetsScan
 .text.key_touch_SsSetModClkClockDivider
                0x000011a8       0x30 .\CortexM0p\ARM_GCC_493\Debug\AYBR3000.a(key_touch_Sensing.o)
                0x000011a8                key_touch_SsSetModClkClockDivider
 .text.key_touch_SsSetSnsClockDivider
                0x000011d8       0x14 .\CortexM0p\ARM_GCC_493\Debug\AYBR3000.a(key_touch_Sensing.o)
                0x000011d8                key_touch_SsSetSnsClockDivider
 .text.key_touch_SsClearCSDSensors
                0x000011ec       0x38 .\CortexM0p\ARM_GCC_493\Debug\AYBR3000.a(key_touch_Sensing.o)
                0x000011ec                key_touch_SsClearCSDSensors
 .text.key_touch_SsCSDGetColSnsClkDivider
                0x00001224       0x10 .\CortexM0p\ARM_GCC_493\Debug\AYBR3000.a(key_touch_Sensing.o)
                0x00001224                key_touch_SsCSDGetColSnsClkDivider
 .text.key_touch_SsCSDCalcPrsSize
                0x00001234       0x28 .\CortexM0p\ARM_GCC_493\Debug\AYBR3000.a(key_touch_Sensing.o)
                0x00001234                key_touch_SsCSDCalcPrsSize
 .text.key_touch_SsSetWidgetSenseClkSrc
                0x0000125c       0xd8 .\CortexM0p\ARM_GCC_493\Debug\AYBR3000.a(key_touch_Sensing.o)
 .text.key_touch_SsAutoTune
                0x00001334      0x140 .\CortexM0p\ARM_GCC_493\Debug\AYBR3000.a(key_touch_Sensing.o)
                0x00001334                key_touch_SsAutoTune
 .text.key_touch_SsInitializeSourceSenseClk
                0x00001474       0x20 .\CortexM0p\ARM_GCC_493\Debug\AYBR3000.a(key_touch_Sensing.o)
                0x00001474                key_touch_SsInitializeSourceSenseClk
 .text.key_touch_SsInitialize
                0x00001494       0x10 .\CortexM0p\ARM_GCC_493\Debug\AYBR3000.a(key_touch_Sensing.o)
                0x00001494                key_touch_SsInitialize
 .text.key_touch_SsCSDSetFilterDelay
                0x000014a4       0x14 .\CortexM0p\ARM_GCC_493\Debug\AYBR3000.a(key_touch_SensingCSD_LL.o)
 .text.key_touch_SsCSDConfigIDACs
                0x000014b8       0x1c .\CortexM0p\ARM_GCC_493\Debug\AYBR3000.a(key_touch_SensingCSD_LL.o)
 .text.key_touch_SsCSDRestoreIdacMode
                0x000014d4       0x30 .\CortexM0p\ARM_GCC_493\Debug\AYBR3000.a(key_touch_SensingCSD_LL.o)
 .text.key_touch_SsCSDCalibrateCheck
                0x00001504       0x44 .\CortexM0p\ARM_GCC_493\Debug\AYBR3000.a(key_touch_SensingCSD_LL.o)
 .text.key_touch_SsCSDSetModeSnsClockDivider
                0x00001548       0x10 .\CortexM0p\ARM_GCC_493\Debug\AYBR3000.a(key_touch_SensingCSD_LL.o)
                0x00001548                key_touch_SsCSDSetModeSnsClockDivider
 .text.key_touch_SsCSDInitialize
                0x00001558      0x120 .\CortexM0p\ARM_GCC_493\Debug\AYBR3000.a(key_touch_SensingCSD_LL.o)
                0x00001558                key_touch_SsCSDInitialize
 .text.key_touch_SsCSDSetUpIdacs
                0x00001678       0x44 .\CortexM0p\ARM_GCC_493\Debug\AYBR3000.a(key_touch_SensingCSD_LL.o)
                0x00001678                key_touch_SsCSDSetUpIdacs
 .text.key_touch_SsCSDGetNumberOfConversions
                0x000016bc       0x40 .\CortexM0p\ARM_GCC_493\Debug\AYBR3000.a(key_touch_SensingCSD_LL.o)
                0x000016bc                key_touch_SsCSDGetNumberOfConversions
 .text.key_touch_SsCSDConfigClock
                0x000016fc       0x48 .\CortexM0p\ARM_GCC_493\Debug\AYBR3000.a(key_touch_SensingCSD_LL.o)
                0x000016fc                key_touch_SsCSDConfigClock
 .text.key_touch_SsCSDCalculateScanDuration
                0x00001744       0x1c .\CortexM0p\ARM_GCC_493\Debug\AYBR3000.a(key_touch_SensingCSD_LL.o)
                0x00001744                key_touch_SsCSDCalculateScanDuration
 .text.key_touch_SsCSDStartSample
                0x00001760      0x10c .\CortexM0p\ARM_GCC_493\Debug\AYBR3000.a(key_touch_SensingCSD_LL.o)
                0x00001760                key_touch_SsCSDStartSample
 .text.key_touch_CSDScanExt
                0x0000186c       0x1c .\CortexM0p\ARM_GCC_493\Debug\AYBR3000.a(key_touch_SensingCSD_LL.o)
                0x0000186c                key_touch_CSDScanExt
 .text.key_touch_CSDConnectSns
                0x00001888       0x34 .\CortexM0p\ARM_GCC_493\Debug\AYBR3000.a(key_touch_SensingCSD_LL.o)
                0x00001888                key_touch_CSDConnectSns
 .text.key_touch_CSDScan
                0x000018bc       0x6c .\CortexM0p\ARM_GCC_493\Debug\AYBR3000.a(key_touch_SensingCSD_LL.o)
                0x000018bc                key_touch_CSDScan
 .text.key_touch_SsCSDConnectSensorExt
                0x00001928       0x24 .\CortexM0p\ARM_GCC_493\Debug\AYBR3000.a(key_touch_SensingCSD_LL.o)
                0x00001928                key_touch_SsCSDConnectSensorExt
 .text.key_touch_CSDDisconnectSns
                0x0000194c       0x40 .\CortexM0p\ARM_GCC_493\Debug\AYBR3000.a(key_touch_SensingCSD_LL.o)
                0x0000194c                key_touch_CSDDisconnectSns
 .text.key_touch_SsCSDElectrodeCheck
                0x0000198c       0x24 .\CortexM0p\ARM_GCC_493\Debug\AYBR3000.a(key_touch_SensingCSD_LL.o)
                0x0000198c                key_touch_SsCSDElectrodeCheck
 .text.key_touch_CSDSetupWidget
                0x000019b0       0x50 .\CortexM0p\ARM_GCC_493\Debug\AYBR3000.a(key_touch_SensingCSD_LL.o)
                0x000019b0                key_touch_CSDSetupWidget
 .text.key_touch_CSDSetupWidgetExt
                0x00001a00       0x68 .\CortexM0p\ARM_GCC_493\Debug\AYBR3000.a(key_touch_SensingCSD_LL.o)
                0x00001a00                key_touch_CSDSetupWidgetExt
 .text.key_touch_SsCSDSetSingleIdacMode
                0x00001a68       0x2c .\CortexM0p\ARM_GCC_493\Debug\AYBR3000.a(key_touch_SensingCSD_LL.o)
                0x00001a68                key_touch_SsCSDSetSingleIdacMode
 .text.key_touch_SsCSDCalibrateOneSensor
                0x00001a94       0xe0 .\CortexM0p\ARM_GCC_493\Debug\AYBR3000.a(key_touch_SensingCSD_LL.o)
 .text.key_touch_CSDCalibrateWidget
                0x00001b74       0xf8 .\CortexM0p\ARM_GCC_493\Debug\AYBR3000.a(key_touch_SensingCSD_LL.o)
                0x00001b74                key_touch_CSDCalibrateWidget
 .text.Timer_1_WriteCounter
                0x00001c6c       0x10 .\CortexM0p\ARM_GCC_493\Debug\AYBR3000.a(Timer_1.o)
                0x00001c6c                Timer_1_WriteCounter
 .text.Timer_1_WritePeriod
                0x00001c7c       0x10 .\CortexM0p\ARM_GCC_493\Debug\AYBR3000.a(Timer_1.o)
                0x00001c7c                Timer_1_WritePeriod
 .text.Timer_1_TriggerCommand
                0x00001c8c       0x1c .\CortexM0p\ARM_GCC_493\Debug\AYBR3000.a(Timer_1.o)
                0x00001c8c                Timer_1_TriggerCommand
 .text.Timer_1_Enable
                0x00001ca8       0x24 .\CortexM0p\ARM_GCC_493\Debug\AYBR3000.a(Timer_1.o)
                0x00001ca8                Timer_1_Enable
 .text.Timer_1_SetInterruptMode
                0x00001ccc        0xc .\CortexM0p\ARM_GCC_493\Debug\AYBR3000.a(Timer_1.o)
                0x00001ccc                Timer_1_SetInterruptMode
 .text.Timer_1_Init
                0x00001cd8       0x30 .\CortexM0p\ARM_GCC_493\Debug\AYBR3000.a(Timer_1.o)
                0x00001cd8                Timer_1_Init
 .text.Timer_1_Start
                0x00001d08       0x20 .\CortexM0p\ARM_GCC_493\Debug\AYBR3000.a(Timer_1.o)
                0x00001d08                Timer_1_Start
 .text.Timer_1_ClearInterrupt
                0x00001d28        0xc .\CortexM0p\ARM_GCC_493\Debug\AYBR3000.a(Timer_1.o)
                0x00001d28                Timer_1_ClearInterrupt
 .text.key_touch_ISR_SetVector
                0x00001d34        0xc .\CortexM0p\ARM_GCC_493\Debug\AYBR3000.a(key_touch_ISR.o)
                0x00001d34                key_touch_ISR_SetVector
 .text.key_touch_ISR_SetPriority
                0x00001d40       0x24 .\CortexM0p\ARM_GCC_493\Debug\AYBR3000.a(key_touch_ISR.o)
                0x00001d40                key_touch_ISR_SetPriority
 .text.key_touch_ISR_Enable
                0x00001d64       0x10 .\CortexM0p\ARM_GCC_493\Debug\AYBR3000.a(key_touch_ISR.o)
                0x00001d64                key_touch_ISR_Enable
 .text.key_touch_ISR_Disable
                0x00001d74       0x10 .\CortexM0p\ARM_GCC_493\Debug\AYBR3000.a(key_touch_ISR.o)
                0x00001d74                key_touch_ISR_Disable
 .text.key_touch_ISR_StartEx
                0x00001d84       0x1c .\CortexM0p\ARM_GCC_493\Debug\AYBR3000.a(key_touch_ISR.o)
                0x00001d84                key_touch_ISR_StartEx
 .text.CySysClkImoDisableWcoLock
                0x00001da0       0x14 .\CortexM0p\ARM_GCC_493\Debug\AYBR3000.a(CyLib.o)
                0x00001da0                CySysClkImoDisableWcoLock
 .text.CySysClkImoGetWcoLock
                0x00001db4       0x14 .\CortexM0p\ARM_GCC_493\Debug\AYBR3000.a(CyLib.o)
                0x00001db4                CySysClkImoGetWcoLock
 .text.CyIntEnable
                0x00001dc8       0x14 .\CortexM0p\ARM_GCC_493\Debug\AYBR3000.a(CyLib.o)
                0x00001dc8                CyIntEnable
 .text.CyIntDisable
                0x00001ddc       0x14 .\CortexM0p\ARM_GCC_493\Debug\AYBR3000.a(CyLib.o)
                0x00001ddc                CyIntDisable
 .text.CyIntClearPending
                0x00001df0       0x14 .\CortexM0p\ARM_GCC_493\Debug\AYBR3000.a(CyLib.o)
                0x00001df0                CyIntClearPending
 .text.CyHalt   0x00001e04        0x4 .\CortexM0p\ARM_GCC_493\Debug\AYBR3000.a(CyLib.o)
                0x00001e04                CyHalt
 .text.CyDelay  0x00001e08       0x30 .\CortexM0p\ARM_GCC_493\Debug\AYBR3000.a(CyLib.o)
                0x00001e08                CyDelay
 .text.CySysClkImoEnableWcoLock
                0x00001e38       0xcc .\CortexM0p\ARM_GCC_493\Debug\AYBR3000.a(CyLib.o)
                0x00001e38                CySysClkImoEnableWcoLock
 .text.CySysClkWriteImoFreq
                0x00001f04       0xd8 .\CortexM0p\ARM_GCC_493\Debug\AYBR3000.a(CyLib.o)
                0x00001f04                CySysClkWriteImoFreq
 .text.CySysPmSleep
                0x00001fdc       0x1c .\CortexM0p\ARM_GCC_493\Debug\AYBR3000.a(cyPm.o)
                0x00001fdc                CySysPmSleep
 .text.CySysClkWcoEnabled
                0x00001ff8       0x14 .\CortexM0p\ARM_GCC_493\Debug\AYBR3000.a(CyLFClk.o)
                0x00001ff8                CySysClkWcoEnabled
 .text.CySysWdtDisable
                0x0000200c       0x10 .\CortexM0p\ARM_GCC_493\Debug\AYBR3000.a(CyLFClk.o)
                0x0000200c                CySysWdtDisable
 .text.CySysWdtClearInterrupt
                0x0000201c       0x10 .\CortexM0p\ARM_GCC_493\Debug\AYBR3000.a(CyLFClk.o)
                0x0000201c                CySysWdtClearInterrupt
 .text.CySysWdtIsr
                0x0000202c       0x18 .\CortexM0p\ARM_GCC_493\Debug\AYBR3000.a(CyLFClk.o)
                0x0000202c                CySysWdtIsr
 .text.time_1ms_ISR_SetVector
                0x00002044        0xc .\CortexM0p\ARM_GCC_493\Debug\AYBR3000.a(time_1ms_ISR.o)
                0x00002044                time_1ms_ISR_SetVector
 .text.time_1ms_ISR_SetPriority
                0x00002050       0x20 .\CortexM0p\ARM_GCC_493\Debug\AYBR3000.a(time_1ms_ISR.o)
                0x00002050                time_1ms_ISR_SetPriority
 .text.time_1ms_ISR_Enable
                0x00002070       0x10 .\CortexM0p\ARM_GCC_493\Debug\AYBR3000.a(time_1ms_ISR.o)
                0x00002070                time_1ms_ISR_Enable
 .text.time_1ms_ISR_Disable
                0x00002080       0x10 .\CortexM0p\ARM_GCC_493\Debug\AYBR3000.a(time_1ms_ISR.o)
                0x00002080                time_1ms_ISR_Disable
 .text.time_1ms_ISR_StartEx
                0x00002090       0x1c .\CortexM0p\ARM_GCC_493\Debug\AYBR3000.a(time_1ms_ISR.o)
                0x00002090                time_1ms_ISR_StartEx
 .text.SIMPLE_CLOCK_Write
                0x000020ac       0x18 .\CortexM0p\ARM_GCC_493\Debug\AYBR3000.a(SIMPLE_CLOCK.o)
                0x000020ac                SIMPLE_CLOCK_Write
 .text.SIMPLE_DATA_Write
                0x000020c4       0x18 .\CortexM0p\ARM_GCC_493\Debug\AYBR3000.a(SIMPLE_DATA.o)
                0x000020c4                SIMPLE_DATA_Write
 *fill*         0x000020dc        0x4 
 .text          0x000020e0       0x20 .\CortexM0p\ARM_GCC_493\Debug\AYBR3000.a(CyBootAsmGnu.o)
                0x000020e0                CyDelayCycles
                0x000020f2                CyEnterCriticalSection
                0x000020fa                CyExitCriticalSection
 .text.key_touch_CSDPostSingleScan
                0x00002100       0x74 .\CortexM0p\ARM_GCC_493\Debug\AYBR3000.a(key_touch_INT.o)
                0x00002100                key_touch_CSDPostSingleScan
 .text.key_touch_CSDPostMultiScan
                0x00002174      0x108 .\CortexM0p\ARM_GCC_493\Debug\AYBR3000.a(key_touch_INT.o)
                0x00002174                key_touch_CSDPostMultiScan
 .text.CySysFlashSetWaitCycles
                0x0000227c       0x54 .\CortexM0p\ARM_GCC_493\Debug\AYBR3000.a(CyFlash.o)
                0x0000227c                CySysFlashSetWaitCycles
 .text.SmartSense_TunePrescalers
                0x000022d0       0x68 D:\Program Files (x86)\Cypress\PSoC Creator\4.0\PSoC Creator\psoc\content\cycomponentlibrary\CyComponentLibrary.cylib\CapSense_P4_v3_10\PSoC4\Library\Capsense_P4Library_GCCp.a(CapSense_SmartSense_LL_v3_10.o)
                0x000022d0                SmartSense_TunePrescalers
 .text.SmartSense_TuneSensitivity
                0x00002338       0x74 D:\Program Files (x86)\Cypress\PSoC Creator\4.0\PSoC Creator\psoc\content\cycomponentlibrary\CyComponentLibrary.cylib\CapSense_P4_v3_10\PSoC4\Library\Capsense_P4Library_GCCp.a(CapSense_SmartSense_LL_v3_10.o)
                0x00002338                SmartSense_TuneSensitivity
 .text.SmartSense_UpdateThresholds
                0x000023ac       0x40 D:\Program Files (x86)\Cypress\PSoC Creator\4.0\PSoC Creator\psoc\content\cycomponentlibrary\CyComponentLibrary.cylib\CapSense_P4_v3_10\PSoC4\Library\Capsense_P4Library_GCCp.a(CapSense_SmartSense_SL_v3_10.o)
                0x000023ac                SmartSense_UpdateThresholds
 .text.SmartSense_InitializeNoiseEnvelope
                0x000023ec       0x18 D:\Program Files (x86)\Cypress\PSoC Creator\4.0\PSoC Creator\psoc\content\cycomponentlibrary\CyComponentLibrary.cylib\CapSense_P4_v3_10\PSoC4\Library\Capsense_P4Library_GCCp.a(CapSense_SmartSense_SL_v3_10.o)
                0x000023ec                SmartSense_InitializeNoiseEnvelope
 .text.SmartSense_RunNoiseEnvelope
                0x00002404       0x8e D:\Program Files (x86)\Cypress\PSoC Creator\4.0\PSoC Creator\psoc\content\cycomponentlibrary\CyComponentLibrary.cylib\CapSense_P4_v3_10\PSoC4\Library\Capsense_P4Library_GCCp.a(CapSense_SmartSense_SL_v3_10.o)
                0x00002404                SmartSense_RunNoiseEnvelope
 *fill*         0x00002492        0x2 
 .text          0x00002494      0x120 d:/program files (x86)/cypress/psoc creator/4.0/psoc creator/import/gnu/arm/4.9.3/bin/../lib/gcc/arm-none-eabi/4.9.3/armv6-m\libgcc.a(_udivsi3.o)
                0x00002494                __aeabi_uidiv
                0x00002494                __udivsi3
                0x000025a0                __aeabi_uidivmod
 .text          0x000025b4        0x4 d:/program files (x86)/cypress/psoc creator/4.0/psoc creator/import/gnu/arm/4.9.3/bin/../lib/gcc/arm-none-eabi/4.9.3/armv6-m\libgcc.a(_dvmd_tls.o)
                0x000025b4                __aeabi_idiv0
                0x000025b4                __aeabi_ldiv0
 .text.__errno  0x000025b8        0xc d:/program files (x86)/cypress/psoc creator/4.0/psoc creator/import/gnu/arm/4.9.3/bin/../lib/gcc/arm-none-eabi/4.9.3/../../../../arm-none-eabi/lib/armv6-m\libg_nano.a(lib_a-errno.o)
                0x000025b8                __errno
 .text.__libc_init_array
                0x000025c4       0x4c d:/program files (x86)/cypress/psoc creator/4.0/psoc creator/import/gnu/arm/4.9.3/bin/../lib/gcc/arm-none-eabi/4.9.3/../../../../arm-none-eabi/lib/armv6-m\libg_nano.a(lib_a-init.o)
                0x000025c4                __libc_init_array
 .text.memcpy   0x00002610       0x12 d:/program files (x86)/cypress/psoc creator/4.0/psoc creator/import/gnu/arm/4.9.3/bin/../lib/gcc/arm-none-eabi/4.9.3/../../../../arm-none-eabi/lib/armv6-m\libg_nano.a(lib_a-memcpy.o)
                0x00002610                memcpy
 .text.memset   0x00002622       0x10 d:/program files (x86)/cypress/psoc creator/4.0/psoc creator/import/gnu/arm/4.9.3/bin/../lib/gcc/arm-none-eabi/4.9.3/../../../../arm-none-eabi/lib/armv6-m\libg_nano.a(lib_a-memset.o)
                0x00002622                memset
 *(.plt)
 *(.gnu.warning)
 *(.glue_7t)
 .glue_7t       0x00000000        0x0 linker stubs
 *(.glue_7)
 .glue_7        0x00000000        0x0 linker stubs
 *(.vfp11_veneer)
 .vfp11_veneer  0x00000000        0x0 linker stubs
 *(.bootloader)
 *(.ARM.extab* .gnu.linkonce.armextab.*)
 *(.gcc_except_table)

.v4_bx          0x00002634        0x0
 .v4_bx         0x00000000        0x0 linker stubs

.iplt           0x00002634        0x0
 .iplt          0x00000000        0x0 d:/program files (x86)/cypress/psoc creator/4.0/psoc creator/import/gnu/arm/4.9.3/bin/../lib/gcc/arm-none-eabi/4.9.3/armv6-m/crtbegin.o

.eh_frame_hdr
 *(.eh_frame_hdr)

.eh_frame       0x00002634        0x4
 *(.eh_frame)
 .eh_frame      0x00002634        0x0 d:/program files (x86)/cypress/psoc creator/4.0/psoc creator/import/gnu/arm/4.9.3/bin/../lib/gcc/arm-none-eabi/4.9.3/armv6-m/crtbegin.o
 .eh_frame      0x00002634        0x4 d:/program files (x86)/cypress/psoc creator/4.0/psoc creator/import/gnu/arm/4.9.3/bin/../lib/gcc/arm-none-eabi/4.9.3/armv6-m/crtend.o
                0x00002638                PROVIDE (__exidx_start, .)

.ARM.exidx
 *(.ARM.exidx* .gnu.linkonce.armexidx.*)
                0x00002638                __exidx_end = .

.rodata         0x00002638      0x408
 *(.rodata .rodata.* .gnu.linkonce.r.*)
 .rodata        0x00002638      0x3b4 .\CortexM0p\ARM_GCC_493\Debug\AYBR3000.a(key_touch_Structure.o)
                0x00002644                key_touch_dsFlash
                0x0000289c                key_touch_ioList
 .rodata        0x000029ec        0x1 .\CortexM0p\ARM_GCC_493\Debug\AYBR3000.a(key_touch_Sensing.o)
                0x000029ec                key_touch_scanFreqIndex
 *fill*         0x000029ed        0x3 
 .rodata        0x000029f0       0x18 .\CortexM0p\ARM_GCC_493\Debug\AYBR3000.a(CyLib.o)
                0x000029f0                cyImoFreqMhz2DpllOffset
 .rodata.str1.1
                0x00002a08        0x2 d:/program files (x86)/cypress/psoc creator/4.0/psoc creator/import/gnu/arm/4.9.3/bin/../lib/gcc/arm-none-eabi/4.9.3/../../../../arm-none-eabi/lib/armv6-m\libg_nano.a(lib_a-impure.o)
                0x00002a0c                . = ALIGN (0x4)
 *fill*         0x00002a0a        0x2 
 *(.init)
 .init          0x00002a0c        0x4 d:/program files (x86)/cypress/psoc creator/4.0/psoc creator/import/gnu/arm/4.9.3/bin/../lib/gcc/arm-none-eabi/4.9.3/armv6-m/crti.o
                0x00002a0c                _init
 .init          0x00002a10        0x8 d:/program files (x86)/cypress/psoc creator/4.0/psoc creator/import/gnu/arm/4.9.3/bin/../lib/gcc/arm-none-eabi/4.9.3/armv6-m/crtn.o
                0x00002a18                . = ALIGN (0x4)
                0x00002a18                __preinit_array_start = .
 *(.preinit_array)
                0x00002a18                __preinit_array_end = .
                0x00002a18                . = ALIGN (0x4)
                0x00002a18                __init_array_start = .
 *(SORT(.init_array.*))
 *(.init_array)
 .init_array    0x00002a18        0x4 d:/program files (x86)/cypress/psoc creator/4.0/psoc creator/import/gnu/arm/4.9.3/bin/../lib/gcc/arm-none-eabi/4.9.3/armv6-m/crtbegin.o
 .init_array    0x00002a1c        0x4 .\CortexM0p\ARM_GCC_493\Debug\Cm0plusStart.o
                0x00002a20                __init_array_end = .
                0x00002a20                . = ALIGN (0x4)
 *(.fini)
 .fini          0x00002a20        0x4 d:/program files (x86)/cypress/psoc creator/4.0/psoc creator/import/gnu/arm/4.9.3/bin/../lib/gcc/arm-none-eabi/4.9.3/armv6-m/crti.o
                0x00002a20                _fini
 .fini          0x00002a24        0x8 d:/program files (x86)/cypress/psoc creator/4.0/psoc creator/import/gnu/arm/4.9.3/bin/../lib/gcc/arm-none-eabi/4.9.3/armv6-m/crtn.o
                0x00002a2c                . = ALIGN (0x4)
                0x00002a2c                __fini_array_start = .
 *(.fini_array)
 .fini_array    0x00002a2c        0x4 d:/program files (x86)/cypress/psoc creator/4.0/psoc creator/import/gnu/arm/4.9.3/bin/../lib/gcc/arm-none-eabi/4.9.3/armv6-m/crtbegin.o
 *(SORT(.fini_array.*))
                0x00002a30                __fini_array_end = .
                0x00002a30                . = ALIGN (0x4)
 *crtbegin.o(.ctors)
 *(EXCLUDE_FILE(*crtend.o) .ctors)
 *(SORT(.ctors.*))
 *crtend.o(.ctors)
                0x00002a30                . = ALIGN (0x4)
 *crtbegin.o(.dtors)
 *(EXCLUDE_FILE(*crtend.o) .dtors)
 *(SORT(.dtors.*))
 *crtend.o(.dtors)
                0x00002a30                . = ALIGN (0x4)
                0x00002a30                __cy_regions = .
                0x00002a30        0x4 LONG 0x2a40 __cy_region_init_ram
                0x00002a34        0x4 LONG 0x20000088 __cy_region_start_data
                0x00002a38        0x4 LONG 0xb0 __cy_region_init_size_ram
                0x00002a3c        0x4 LONG 0x460 __cy_region_zero_size_ram
                0x00002a40                __cy_regions_end = .
                0x00002a40                . = ALIGN (0x8)
                0x00002a40                _etext = .

.cy_checksum_exclude
                0x00002a40        0x0
 *(.cy_checksum_exclude)

.ramvectors     0x20000000       0x80
                0x20000000                __cy_region_start_ram = .
 *(.ramvectors)
 .ramvectors    0x20000000       0x80 .\CortexM0p\ARM_GCC_493\Debug\Cm0plusStart.o
                0x20000000                CyRamVectors

.noinit         0x20000080        0x4
 *(.noinit)
 .noinit        0x20000080        0x4 .\CortexM0p\ARM_GCC_493\Debug\Cm0plusStart.o

.data           0x20000088       0xb0 load address 0x00002a40
                0x20000088                __cy_region_start_data = .
 *(.jcr)
 .jcr           0x20000088        0x0 d:/program files (x86)/cypress/psoc creator/4.0/psoc creator/import/gnu/arm/4.9.3/bin/../lib/gcc/arm-none-eabi/4.9.3/armv6-m/crtbegin.o
 .jcr           0x20000088        0x4 d:/program files (x86)/cypress/psoc creator/4.0/psoc creator/import/gnu/arm/4.9.3/bin/../lib/gcc/arm-none-eabi/4.9.3/armv6-m/crtend.o
 *(.got.plt)
 *(.got)
 *(.shdata)
 *(.data .data.* .gnu.linkonce.d.*)
 .data          0x2000008c       0x30 .\CortexM0p\ARM_GCC_493\Debug\key_config.o
                0x2000008c                input_pins
 .data          0x200000bc        0x4 .\CortexM0p\ARM_GCC_493\Debug\AYBR3000.a(key_touch_SensingCSD_LL.o)
                0x200000bc                key_touch_configCsd
 .data          0x200000c0       0x14 .\CortexM0p\ARM_GCC_493\Debug\AYBR3000.a(CyLib.o)
                0x200000c0                CySysClkPumpConfig
                0x200000c4                cydelay32kMs
                0x200000c8                cydelayFreqKhz
                0x200000cc                cydelayFreqMhz
                0x200000d0                cydelayFreqHz
 .data.impure_data
                0x200000d4       0x60 d:/program files (x86)/cypress/psoc creator/4.0/psoc creator/import/gnu/arm/4.9.3/bin/../lib/gcc/arm-none-eabi/4.9.3/../../../../arm-none-eabi/lib/armv6-m\libg_nano.a(lib_a-impure.o)
 .data._impure_ptr
                0x20000134        0x4 d:/program files (x86)/cypress/psoc creator/4.0/psoc creator/import/gnu/arm/4.9.3/bin/../lib/gcc/arm-none-eabi/4.9.3/../../../../arm-none-eabi/lib/armv6-m\libg_nano.a(lib_a-impure.o)
                0x20000134                _impure_ptr
                0x20000138                . = ALIGN (0x8)
 *(.ram)
                0x20000138                _edata = .

.igot.plt       0x20000138        0x0 load address 0x00002af0
 .igot.plt      0x00000000        0x0 d:/program files (x86)/cypress/psoc creator/4.0/psoc creator/import/gnu/arm/4.9.3/bin/../lib/gcc/arm-none-eabi/4.9.3/armv6-m/crtbegin.o

.bss            0x20000138      0x460 load address 0x00002af0
                0x20000138                PROVIDE (__bss_start__, .)
 *(.shbss)
 *(.bss .bss.* .gnu.linkonce.b.*)
 .bss           0x20000138       0x1c d:/program files (x86)/cypress/psoc creator/4.0/psoc creator/import/gnu/arm/4.9.3/bin/../lib/gcc/arm-none-eabi/4.9.3/armv6-m/crtbegin.o
 .bss           0x20000154       0x18 .\CortexM0p\ARM_GCC_493\Debug\simple_protocol.o
 .bss           0x2000016c        0x2 .\CortexM0p\ARM_GCC_493\Debug\timing.o
 *fill*         0x2000016e        0x2 
 .bss           0x20000170       0xa8 .\CortexM0p\ARM_GCC_493\Debug\task_manager.o
 .bss           0x20000218       0xac .\CortexM0p\ARM_GCC_493\Debug\key.o
 .bss           0x200002c4        0x1 .\CortexM0p\ARM_GCC_493\Debug\AYBR3000.a(key_touch_Control.o)
 *fill*         0x200002c5        0x3 
 .bss           0x200002c8       0xc0 .\CortexM0p\ARM_GCC_493\Debug\AYBR3000.a(key_touch_Structure.o)
 .bss           0x20000388        0x4 .\CortexM0p\ARM_GCC_493\Debug\AYBR3000.a(key_touch_Tuner.o)
 .bss           0x2000038c        0x4 .\CortexM0p\ARM_GCC_493\Debug\AYBR3000.a(key_touch_Sensing.o)
                0x2000038c                key_touch_requestScanAllWidget
                0x2000038d                key_touch_widgetIndex
                0x2000038e                key_touch_prescalersTuningDone
                0x2000038f                key_touch_sensorIndex
 .bss           0x20000390        0x1 .\CortexM0p\ARM_GCC_493\Debug\AYBR3000.a(key_touch_SensingCSD_LL.o)
 .bss           0x20000391        0x1 .\CortexM0p\ARM_GCC_493\Debug\AYBR3000.a(Timer_1.o)
                0x20000391                Timer_1_initVar
 *fill*         0x20000392        0x2 
 .bss           0x20000394        0x8 .\CortexM0p\ARM_GCC_493\Debug\AYBR3000.a(CyLFClk.o)
 *(COMMON)
 COMMON         0x2000039c        0xa .\CortexM0p\ARM_GCC_493\Debug\app.o
                0x2000039c                app_send_buffer
 *fill*         0x200003a6        0x2 
 COMMON         0x200003a8       0x6c .\CortexM0p\ARM_GCC_493\Debug\key.o
                0x200003a8                state
                0x200003b4                keys
 COMMON         0x20000414      0x17c .\CortexM0p\ARM_GCC_493\Debug\AYBR3000.a(key_touch_Structure.o)
                0x20000414                key_touch_dsRam
 COMMON         0x20000590        0x8 .\CortexM0p\ARM_GCC_493\Debug\AYBR3000.a(key_touch_Sensing.o)
                0x20000590                key_touch_curSnsIOPtr
                0x20000594                key_touch_curRamSnsPtr
                0x20000598                . = ALIGN (0x8)
 *(.ram.b)
                0x20000598                _end = .
                0x20000598                __end = .
                0x20000598                PROVIDE (end, .)
                0x20000598                PROVIDE (__bss_end__, .)
                0x00002a40                __cy_region_init_ram = LOADADDR (.data)
                0x000000b0                __cy_region_init_size_ram = (_edata - ADDR (.data))
                0x00000460                __cy_region_zero_size_ram = (_end - _edata)

.heap           0x20000598       0x80 load address 0x00002af0
                0x20000598                . = _end
                0x20000618                . = (. + 0x80)
 *fill*         0x20000598       0x80 
                0x20000618                __cy_heap_limit = .

.stack          0x20000700      0x100
                0x20000700                __cy_stack_limit = .
                0x20000800                . = (. + 0x100)
 *fill*         0x20000700      0x100 
                0x00000001                ASSERT ((__cy_stack_limit >= __cy_heap_limit), region RAM overflowed with stack)
                0x00000000                cy_checksum_exclude_size = (CY_APPL_LOADABLE == 0x1)?SIZEOF (.cy_checksum_exclude):0x0
                0x00000001                ASSERT ((cy_checksum_exclude_size <= CY_CHECKSUM_EXCLUDE_SIZE), CY_BOOT: Section .cy_checksum_exclude size exceedes specified limit.)
                0x00003fc0                cyloadermeta_start = (cy_project_type_bootloader || cy_project_type_app_for_stack_and_copier)?(0x4000 - CY_METADATA_SIZE):0xf0000000

.cyloadermeta
 *(.cyloadermeta)
                0x00003fc0                cyloadablemeta_start = cy_project_type_app_for_stack_and_copier?((0x4000 - CY_FLASH_ROW_SIZE) - CY_METADATA_SIZE):((0x4000 - (CY_FLASH_ROW_SIZE * (CY_APPL_NUM - 0x1))) - CY_METADATA_SIZE)

.cyloadablemeta
 *(.cyloadablemeta)

.cyflashprotect
                0x90400000       0x10
 *(.cyflashprotect)
 .cyflashprotect
                0x90400000       0x10 .\CortexM0p\ARM_GCC_493\Debug\cymetadata.o
                0x90400000                cy_meta_flashprotect

.cymeta         0x90500000        0xc
 *(.cymeta)
 .cymeta        0x90500000        0xc .\CortexM0p\ARM_GCC_493\Debug\cymetadata.o
                0x90500000                cy_metadata

.cychipprotect  0x90600000        0x4
 *(.cychipprotect)
 .cychipprotect
                0x90600000        0x4 .\CortexM0p\ARM_GCC_493\Debug\cymetadata.o
                0x90600000                cy_meta_chipprotect

.rel.dyn        0x00002af0        0x0 load address 0x90600004
 .rel.iplt      0x00000000        0x0 d:/program files (x86)/cypress/psoc creator/4.0/psoc creator/import/gnu/arm/4.9.3/bin/../lib/gcc/arm-none-eabi/4.9.3/armv6-m/crtbegin.o

.stab
 *(.stab)

.stabstr
 *(.stabstr)

.debug
 *(.debug)

.line
 *(.line)

.debug_srcinfo
 *(.debug_srcinfo)

.debug_sfnames
 *(.debug_sfnames)

.debug_aranges  0x00000000      0xc88
 *(.debug_aranges)
 .debug_aranges
                0x00000000       0x28 .\CortexM0p\ARM_GCC_493\Debug\main.o
 .debug_aranges
                0x00000028       0x30 .\CortexM0p\ARM_GCC_493\Debug\simple_protocol.o
 .debug_aranges
                0x00000058       0x38 .\CortexM0p\ARM_GCC_493\Debug\timing.o
 .debug_aranges
                0x00000090       0x38 .\CortexM0p\ARM_GCC_493\Debug\task_manager.o
 .debug_aranges
                0x000000c8       0xc0 .\CortexM0p\ARM_GCC_493\Debug\app.o
 .debug_aranges
                0x00000188       0x50 .\CortexM0p\ARM_GCC_493\Debug\key.o
 .debug_aranges
                0x000001d8       0x78 .\CortexM0p\ARM_GCC_493\Debug\key_config.o
 .debug_aranges
                0x00000250       0x18 .\CortexM0p\ARM_GCC_493\Debug\cymetadata.o
 .debug_aranges
                0x00000268       0x48 .\CortexM0p\ARM_GCC_493\Debug\Cm0plusStart.o
 .debug_aranges
                0x000002b0       0x38 .\CortexM0p\ARM_GCC_493\Debug\AYBR3000.a(cyfitter_cfg.o)
 .debug_aranges
                0x000002e8       0x68 .\CortexM0p\ARM_GCC_493\Debug\AYBR3000.a(key_touch_Control.o)
 .debug_aranges
                0x00000350       0x50 .\CortexM0p\ARM_GCC_493\Debug\AYBR3000.a(key_touch_Processing.o)
 .debug_aranges
                0x000003a0       0x50 .\CortexM0p\ARM_GCC_493\Debug\AYBR3000.a(key_touch_Structure.o)
 .debug_aranges
                0x000003f0       0x28 .\CortexM0p\ARM_GCC_493\Debug\AYBR3000.a(key_touch_Tuner.o)
 .debug_aranges
                0x00000418       0x80 .\CortexM0p\ARM_GCC_493\Debug\AYBR3000.a(key_touch_Filter.o)
 .debug_aranges
                0x00000498       0xb8 .\CortexM0p\ARM_GCC_493\Debug\AYBR3000.a(key_touch_Sensing.o)
 .debug_aranges
                0x00000550       0xd0 .\CortexM0p\ARM_GCC_493\Debug\AYBR3000.a(key_touch_SensingCSD_LL.o)
 .debug_aranges
                0x00000620      0x158 .\CortexM0p\ARM_GCC_493\Debug\AYBR3000.a(Timer_1.o)
 .debug_aranges
                0x00000778       0x80 .\CortexM0p\ARM_GCC_493\Debug\AYBR3000.a(key_touch_ISR.o)
 .debug_aranges
                0x000007f8      0x190 .\CortexM0p\ARM_GCC_493\Debug\AYBR3000.a(CyLib.o)
 .debug_aranges
                0x00000988       0x30 .\CortexM0p\ARM_GCC_493\Debug\AYBR3000.a(cyPm.o)
 .debug_aranges
                0x000009b8       0xd8 .\CortexM0p\ARM_GCC_493\Debug\AYBR3000.a(CyLFClk.o)
 .debug_aranges
                0x00000a90       0x80 .\CortexM0p\ARM_GCC_493\Debug\AYBR3000.a(time_1ms_ISR.o)
 .debug_aranges
                0x00000b10       0x48 .\CortexM0p\ARM_GCC_493\Debug\AYBR3000.a(SIMPLE_CLOCK.o)
 .debug_aranges
                0x00000b58       0x48 .\CortexM0p\ARM_GCC_493\Debug\AYBR3000.a(SIMPLE_DATA.o)
 .debug_aranges
                0x00000ba0       0x20 .\CortexM0p\ARM_GCC_493\Debug\AYBR3000.a(CyBootAsmGnu.o)
 .debug_aranges
                0x00000bc0       0x28 .\CortexM0p\ARM_GCC_493\Debug\AYBR3000.a(key_touch_INT.o)
 .debug_aranges
                0x00000be8       0x48 .\CortexM0p\ARM_GCC_493\Debug\AYBR3000.a(CyFlash.o)
 .debug_aranges
                0x00000c30       0x28 D:\Program Files (x86)\Cypress\PSoC Creator\4.0\PSoC Creator\psoc\content\cycomponentlibrary\CyComponentLibrary.cylib\CapSense_P4_v3_10\PSoC4\Library\Capsense_P4Library_GCCp.a(CapSense_SmartSense_LL_v3_10.o)
 .debug_aranges
                0x00000c58       0x30 D:\Program Files (x86)\Cypress\PSoC Creator\4.0\PSoC Creator\psoc\content\cycomponentlibrary\CyComponentLibrary.cylib\CapSense_P4_v3_10\PSoC4\Library\Capsense_P4Library_GCCp.a(CapSense_SmartSense_SL_v3_10.o)

.debug_pubnames
 *(.debug_pubnames)

.debug_info     0x00000000     0xb330
 *(.debug_info .gnu.linkonce.wi.*)
 .debug_info    0x00000000      0x28a .\CortexM0p\ARM_GCC_493\Debug\main.o
 .debug_info    0x0000028a      0x504 .\CortexM0p\ARM_GCC_493\Debug\simple_protocol.o
 .debug_info    0x0000078e      0x167 .\CortexM0p\ARM_GCC_493\Debug\timing.o
 .debug_info    0x000008f5      0x227 .\CortexM0p\ARM_GCC_493\Debug\task_manager.o
 .debug_info    0x00000b1c      0x899 .\CortexM0p\ARM_GCC_493\Debug\app.o
 .debug_info    0x000013b5      0x58e .\CortexM0p\ARM_GCC_493\Debug\key.o
 .debug_info    0x00001943      0x34c .\CortexM0p\ARM_GCC_493\Debug\key_config.o
 .debug_info    0x00001c8f       0xfe .\CortexM0p\ARM_GCC_493\Debug\cymetadata.o
 .debug_info    0x00001d8d      0x399 .\CortexM0p\ARM_GCC_493\Debug\Cm0plusStart.o
 .debug_info    0x00002126      0x163 .\CortexM0p\ARM_GCC_493\Debug\AYBR3000.a(cyfitter_cfg.o)
 .debug_info    0x00002289      0xbb5 .\CortexM0p\ARM_GCC_493\Debug\AYBR3000.a(key_touch_Control.o)
 .debug_info    0x00002e3e      0xccf .\CortexM0p\ARM_GCC_493\Debug\AYBR3000.a(key_touch_Processing.o)
 .debug_info    0x00003b0d      0xd48 .\CortexM0p\ARM_GCC_493\Debug\AYBR3000.a(key_touch_Structure.o)
 .debug_info    0x00004855      0x762 .\CortexM0p\ARM_GCC_493\Debug\AYBR3000.a(key_touch_Tuner.o)
 .debug_info    0x00004fb7      0xab5 .\CortexM0p\ARM_GCC_493\Debug\AYBR3000.a(key_touch_Filter.o)
 .debug_info    0x00005a6c     0x1177 .\CortexM0p\ARM_GCC_493\Debug\AYBR3000.a(key_touch_Sensing.o)
 .debug_info    0x00006be3     0x10ec .\CortexM0p\ARM_GCC_493\Debug\AYBR3000.a(key_touch_SensingCSD_LL.o)
 .debug_info    0x00007ccf      0x8f1 .\CortexM0p\ARM_GCC_493\Debug\AYBR3000.a(Timer_1.o)
 .debug_info    0x000085c0      0x300 .\CortexM0p\ARM_GCC_493\Debug\AYBR3000.a(key_touch_ISR.o)
 .debug_info    0x000088c0      0xbe1 .\CortexM0p\ARM_GCC_493\Debug\AYBR3000.a(CyLib.o)
 .debug_info    0x000094a1      0x17b .\CortexM0p\ARM_GCC_493\Debug\AYBR3000.a(cyPm.o)
 .debug_info    0x0000961c      0x43f .\CortexM0p\ARM_GCC_493\Debug\AYBR3000.a(CyLFClk.o)
 .debug_info    0x00009a5b      0x300 .\CortexM0p\ARM_GCC_493\Debug\AYBR3000.a(time_1ms_ISR.o)
 .debug_info    0x00009d5b      0x19b .\CortexM0p\ARM_GCC_493\Debug\AYBR3000.a(SIMPLE_CLOCK.o)
 .debug_info    0x00009ef6      0x19d .\CortexM0p\ARM_GCC_493\Debug\AYBR3000.a(SIMPLE_DATA.o)
 .debug_info    0x0000a093       0x8a .\CortexM0p\ARM_GCC_493\Debug\AYBR3000.a(CyBootAsmGnu.o)
 .debug_info    0x0000a11d      0x939 .\CortexM0p\ARM_GCC_493\Debug\AYBR3000.a(key_touch_INT.o)
 .debug_info    0x0000aa56      0x435 .\CortexM0p\ARM_GCC_493\Debug\AYBR3000.a(CyFlash.o)
 .debug_info    0x0000ae8b      0x24c D:\Program Files (x86)\Cypress\PSoC Creator\4.0\PSoC Creator\psoc\content\cycomponentlibrary\CyComponentLibrary.cylib\CapSense_P4_v3_10\PSoC4\Library\Capsense_P4Library_GCCp.a(CapSense_SmartSense_LL_v3_10.o)
 .debug_info    0x0000b0d7      0x259 D:\Program Files (x86)\Cypress\PSoC Creator\4.0\PSoC Creator\psoc\content\cycomponentlibrary\CyComponentLibrary.cylib\CapSense_P4_v3_10\PSoC4\Library\Capsense_P4Library_GCCp.a(CapSense_SmartSense_SL_v3_10.o)

.debug_abbrev   0x00000000     0x2d7a
 *(.debug_abbrev)
 .debug_abbrev  0x00000000      0x146 .\CortexM0p\ARM_GCC_493\Debug\main.o
 .debug_abbrev  0x00000146      0x1e6 .\CortexM0p\ARM_GCC_493\Debug\simple_protocol.o
 .debug_abbrev  0x0000032c      0x110 .\CortexM0p\ARM_GCC_493\Debug\timing.o
 .debug_abbrev  0x0000043c      0x174 .\CortexM0p\ARM_GCC_493\Debug\task_manager.o
 .debug_abbrev  0x000005b0       0xed .\CortexM0p\ARM_GCC_493\Debug\app.o
 .debug_abbrev  0x0000069d      0x207 .\CortexM0p\ARM_GCC_493\Debug\key.o
 .debug_abbrev  0x000008a4       0xda .\CortexM0p\ARM_GCC_493\Debug\key_config.o
 .debug_abbrev  0x0000097e       0x5d .\CortexM0p\ARM_GCC_493\Debug\cymetadata.o
 .debug_abbrev  0x000009db      0x1df .\CortexM0p\ARM_GCC_493\Debug\Cm0plusStart.o
 .debug_abbrev  0x00000bba       0xe2 .\CortexM0p\ARM_GCC_493\Debug\AYBR3000.a(cyfitter_cfg.o)
 .debug_abbrev  0x00000c9c      0x280 .\CortexM0p\ARM_GCC_493\Debug\AYBR3000.a(key_touch_Control.o)
 .debug_abbrev  0x00000f1c      0x204 .\CortexM0p\ARM_GCC_493\Debug\AYBR3000.a(key_touch_Processing.o)
 .debug_abbrev  0x00001120      0x237 .\CortexM0p\ARM_GCC_493\Debug\AYBR3000.a(key_touch_Structure.o)
 .debug_abbrev  0x00001357      0x19a .\CortexM0p\ARM_GCC_493\Debug\AYBR3000.a(key_touch_Tuner.o)
 .debug_abbrev  0x000014f1      0x2c8 .\CortexM0p\ARM_GCC_493\Debug\AYBR3000.a(key_touch_Filter.o)
 .debug_abbrev  0x000017b9      0x2ec .\CortexM0p\ARM_GCC_493\Debug\AYBR3000.a(key_touch_Sensing.o)
 .debug_abbrev  0x00001aa5      0x298 .\CortexM0p\ARM_GCC_493\Debug\AYBR3000.a(key_touch_SensingCSD_LL.o)
 .debug_abbrev  0x00001d3d      0x133 .\CortexM0p\ARM_GCC_493\Debug\AYBR3000.a(Timer_1.o)
 .debug_abbrev  0x00001e70      0x1b4 .\CortexM0p\ARM_GCC_493\Debug\AYBR3000.a(key_touch_ISR.o)
 .debug_abbrev  0x00002024      0x236 .\CortexM0p\ARM_GCC_493\Debug\AYBR3000.a(CyLib.o)
 .debug_abbrev  0x0000225a       0xc6 .\CortexM0p\ARM_GCC_493\Debug\AYBR3000.a(cyPm.o)
 .debug_abbrev  0x00002320      0x1b6 .\CortexM0p\ARM_GCC_493\Debug\AYBR3000.a(CyLFClk.o)
 .debug_abbrev  0x000024d6      0x1b4 .\CortexM0p\ARM_GCC_493\Debug\AYBR3000.a(time_1ms_ISR.o)
 .debug_abbrev  0x0000268a       0xc8 .\CortexM0p\ARM_GCC_493\Debug\AYBR3000.a(SIMPLE_CLOCK.o)
 .debug_abbrev  0x00002752       0xc8 .\CortexM0p\ARM_GCC_493\Debug\AYBR3000.a(SIMPLE_DATA.o)
 .debug_abbrev  0x0000281a       0x14 .\CortexM0p\ARM_GCC_493\Debug\AYBR3000.a(CyBootAsmGnu.o)
 .debug_abbrev  0x0000282e      0x1ad .\CortexM0p\ARM_GCC_493\Debug\AYBR3000.a(key_touch_INT.o)
 .debug_abbrev  0x000029db      0x1dd .\CortexM0p\ARM_GCC_493\Debug\AYBR3000.a(CyFlash.o)
 .debug_abbrev  0x00002bb8      0x112 D:\Program Files (x86)\Cypress\PSoC Creator\4.0\PSoC Creator\psoc\content\cycomponentlibrary\CyComponentLibrary.cylib\CapSense_P4_v3_10\PSoC4\Library\Capsense_P4Library_GCCp.a(CapSense_SmartSense_LL_v3_10.o)
 .debug_abbrev  0x00002cca       0xb0 D:\Program Files (x86)\Cypress\PSoC Creator\4.0\PSoC Creator\psoc\content\cycomponentlibrary\CyComponentLibrary.cylib\CapSense_P4_v3_10\PSoC4\Library\Capsense_P4Library_GCCp.a(CapSense_SmartSense_SL_v3_10.o)

.debug_line     0x00000000     0x32f7
 *(.debug_line)
 .debug_line    0x00000000      0x129 .\CortexM0p\ARM_GCC_493\Debug\main.o
 .debug_line    0x00000129      0x154 .\CortexM0p\ARM_GCC_493\Debug\simple_protocol.o
 .debug_line    0x0000027d       0x88 .\CortexM0p\ARM_GCC_493\Debug\timing.o
 .debug_line    0x00000305       0xb7 .\CortexM0p\ARM_GCC_493\Debug\task_manager.o
 .debug_line    0x000003bc      0x1cc .\CortexM0p\ARM_GCC_493\Debug\app.o
 .debug_line    0x00000588      0x165 .\CortexM0p\ARM_GCC_493\Debug\key.o
 .debug_line    0x000006ed      0x172 .\CortexM0p\ARM_GCC_493\Debug\key_config.o
 .debug_line    0x0000085f       0x51 .\CortexM0p\ARM_GCC_493\Debug\cymetadata.o
 .debug_line    0x000008b0      0x260 .\CortexM0p\ARM_GCC_493\Debug\Cm0plusStart.o
 .debug_line    0x00000b10       0xbc .\CortexM0p\ARM_GCC_493\Debug\AYBR3000.a(cyfitter_cfg.o)
 .debug_line    0x00000bcc      0x244 .\CortexM0p\ARM_GCC_493\Debug\AYBR3000.a(key_touch_Control.o)
 .debug_line    0x00000e10      0x32e .\CortexM0p\ARM_GCC_493\Debug\AYBR3000.a(key_touch_Processing.o)
 .debug_line    0x0000113e      0x1dc .\CortexM0p\ARM_GCC_493\Debug\AYBR3000.a(key_touch_Structure.o)
 .debug_line    0x0000131a      0x135 .\CortexM0p\ARM_GCC_493\Debug\AYBR3000.a(key_touch_Tuner.o)
 .debug_line    0x0000144f      0x234 .\CortexM0p\ARM_GCC_493\Debug\AYBR3000.a(key_touch_Filter.o)
 .debug_line    0x00001683      0x3d3 .\CortexM0p\ARM_GCC_493\Debug\AYBR3000.a(key_touch_Sensing.o)
 .debug_line    0x00001a56      0x3ee .\CortexM0p\ARM_GCC_493\Debug\AYBR3000.a(key_touch_SensingCSD_LL.o)
 .debug_line    0x00001e44      0x37b .\CortexM0p\ARM_GCC_493\Debug\AYBR3000.a(Timer_1.o)
 .debug_line    0x000021bf      0x159 .\CortexM0p\ARM_GCC_493\Debug\AYBR3000.a(key_touch_ISR.o)
 .debug_line    0x00002318      0x4c7 .\CortexM0p\ARM_GCC_493\Debug\AYBR3000.a(CyLib.o)
 .debug_line    0x000027df       0x98 .\CortexM0p\ARM_GCC_493\Debug\AYBR3000.a(cyPm.o)
 .debug_line    0x00002877      0x284 .\CortexM0p\ARM_GCC_493\Debug\AYBR3000.a(CyLFClk.o)
 .debug_line    0x00002afb      0x158 .\CortexM0p\ARM_GCC_493\Debug\AYBR3000.a(time_1ms_ISR.o)
 .debug_line    0x00002c53       0xc3 .\CortexM0p\ARM_GCC_493\Debug\AYBR3000.a(SIMPLE_CLOCK.o)
 .debug_line    0x00002d16       0xc3 .\CortexM0p\ARM_GCC_493\Debug\AYBR3000.a(SIMPLE_DATA.o)
 .debug_line    0x00002dd9       0x68 .\CortexM0p\ARM_GCC_493\Debug\AYBR3000.a(CyBootAsmGnu.o)
 .debug_line    0x00002e41      0x13f .\CortexM0p\ARM_GCC_493\Debug\AYBR3000.a(key_touch_INT.o)
 .debug_line    0x00002f80      0x1e1 .\CortexM0p\ARM_GCC_493\Debug\AYBR3000.a(CyFlash.o)
 .debug_line    0x00003161       0xb2 D:\Program Files (x86)\Cypress\PSoC Creator\4.0\PSoC Creator\psoc\content\cycomponentlibrary\CyComponentLibrary.cylib\CapSense_P4_v3_10\PSoC4\Library\Capsense_P4Library_GCCp.a(CapSense_SmartSense_LL_v3_10.o)
 .debug_line    0x00003213       0xe4 D:\Program Files (x86)\Cypress\PSoC Creator\4.0\PSoC Creator\psoc\content\cycomponentlibrary\CyComponentLibrary.cylib\CapSense_P4_v3_10\PSoC4\Library\Capsense_P4Library_GCCp.a(CapSense_SmartSense_SL_v3_10.o)

.debug_frame    0x00000000     0x1fe4
 *(.debug_frame)
 .debug_frame   0x00000000       0x48 .\CortexM0p\ARM_GCC_493\Debug\main.o
 .debug_frame   0x00000048       0x5c .\CortexM0p\ARM_GCC_493\Debug\simple_protocol.o
 .debug_frame   0x000000a4       0x6c .\CortexM0p\ARM_GCC_493\Debug\timing.o
 .debug_frame   0x00000110       0x74 .\CortexM0p\ARM_GCC_493\Debug\task_manager.o
 .debug_frame   0x00000184      0x25c .\CortexM0p\ARM_GCC_493\Debug\app.o
 .debug_frame   0x000003e0       0xe0 .\CortexM0p\ARM_GCC_493\Debug\key.o
 .debug_frame   0x000004c0      0x160 .\CortexM0p\ARM_GCC_493\Debug\key_config.o
 .debug_frame   0x00000620       0xbc .\CortexM0p\ARM_GCC_493\Debug\Cm0plusStart.o
 .debug_frame   0x000006dc       0x74 .\CortexM0p\ARM_GCC_493\Debug\AYBR3000.a(cyfitter_cfg.o)
 .debug_frame   0x00000750      0x11c .\CortexM0p\ARM_GCC_493\Debug\AYBR3000.a(key_touch_Control.o)
 .debug_frame   0x0000086c       0xf4 .\CortexM0p\ARM_GCC_493\Debug\AYBR3000.a(key_touch_Processing.o)
 .debug_frame   0x00000960       0xbc .\CortexM0p\ARM_GCC_493\Debug\AYBR3000.a(key_touch_Structure.o)
 .debug_frame   0x00000a1c       0x40 .\CortexM0p\ARM_GCC_493\Debug\AYBR3000.a(key_touch_Tuner.o)
 .debug_frame   0x00000a5c      0x198 .\CortexM0p\ARM_GCC_493\Debug\AYBR3000.a(key_touch_Filter.o)
 .debug_frame   0x00000bf4      0x218 .\CortexM0p\ARM_GCC_493\Debug\AYBR3000.a(key_touch_Sensing.o)
 .debug_frame   0x00000e0c      0x298 .\CortexM0p\ARM_GCC_493\Debug\AYBR3000.a(key_touch_SensingCSD_LL.o)
 .debug_frame   0x000010a4      0x390 .\CortexM0p\ARM_GCC_493\Debug\AYBR3000.a(Timer_1.o)
 .debug_frame   0x00001434      0x110 .\CortexM0p\ARM_GCC_493\Debug\AYBR3000.a(key_touch_ISR.o)
 .debug_frame   0x00001544      0x410 .\CortexM0p\ARM_GCC_493\Debug\AYBR3000.a(CyLib.o)
 .debug_frame   0x00001954       0x58 .\CortexM0p\ARM_GCC_493\Debug\AYBR3000.a(cyPm.o)
 .debug_frame   0x000019ac      0x1dc .\CortexM0p\ARM_GCC_493\Debug\AYBR3000.a(CyLFClk.o)
 .debug_frame   0x00001b88      0x110 .\CortexM0p\ARM_GCC_493\Debug\AYBR3000.a(time_1ms_ISR.o)
 .debug_frame   0x00001c98       0x70 .\CortexM0p\ARM_GCC_493\Debug\AYBR3000.a(SIMPLE_CLOCK.o)
 .debug_frame   0x00001d08       0x70 .\CortexM0p\ARM_GCC_493\Debug\AYBR3000.a(SIMPLE_DATA.o)
 .debug_frame   0x00001d78       0x40 .\CortexM0p\ARM_GCC_493\Debug\AYBR3000.a(key_touch_INT.o)
 .debug_frame   0x00001db8       0xa8 .\CortexM0p\ARM_GCC_493\Debug\AYBR3000.a(CyFlash.o)
 .debug_frame   0x00001e60       0x50 D:\Program Files (x86)\Cypress\PSoC Creator\4.0\PSoC Creator\psoc\content\cycomponentlibrary\CyComponentLibrary.cylib\CapSense_P4_v3_10\PSoC4\Library\Capsense_P4Library_GCCp.a(CapSense_SmartSense_LL_v3_10.o)
 .debug_frame   0x00001eb0       0x58 D:\Program Files (x86)\Cypress\PSoC Creator\4.0\PSoC Creator\psoc\content\cycomponentlibrary\CyComponentLibrary.cylib\CapSense_P4_v3_10\PSoC4\Library\Capsense_P4Library_GCCp.a(CapSense_SmartSense_SL_v3_10.o)
 .debug_frame   0x00001f08       0x20 d:/program files (x86)/cypress/psoc creator/4.0/psoc creator/import/gnu/arm/4.9.3/bin/../lib/gcc/arm-none-eabi/4.9.3/armv6-m\libgcc.a(_udivsi3.o)
 .debug_frame   0x00001f28       0x20 d:/program files (x86)/cypress/psoc creator/4.0/psoc creator/import/gnu/arm/4.9.3/bin/../lib/gcc/arm-none-eabi/4.9.3/../../../../arm-none-eabi/lib/armv6-m\libg_nano.a(lib_a-errno.o)
 .debug_frame   0x00001f48       0x28 d:/program files (x86)/cypress/psoc creator/4.0/psoc creator/import/gnu/arm/4.9.3/bin/../lib/gcc/arm-none-eabi/4.9.3/../../../../arm-none-eabi/lib/armv6-m\libg_nano.a(lib_a-exit.o)
 .debug_frame   0x00001f70       0x2c d:/program files (x86)/cypress/psoc creator/4.0/psoc creator/import/gnu/arm/4.9.3/bin/../lib/gcc/arm-none-eabi/4.9.3/../../../../arm-none-eabi/lib/armv6-m\libg_nano.a(lib_a-init.o)
 .debug_frame   0x00001f9c       0x28 d:/program files (x86)/cypress/psoc creator/4.0/psoc creator/import/gnu/arm/4.9.3/bin/../lib/gcc/arm-none-eabi/4.9.3/../../../../arm-none-eabi/lib/armv6-m\libg_nano.a(lib_a-memcpy.o)
 .debug_frame   0x00001fc4       0x20 d:/program files (x86)/cypress/psoc creator/4.0/psoc creator/import/gnu/arm/4.9.3/bin/../lib/gcc/arm-none-eabi/4.9.3/../../../../arm-none-eabi/lib/armv6-m\libg_nano.a(lib_a-memset.o)

.debug_str      0x00000000     0x3d47
 *(.debug_str)
 .debug_str     0x00000000      0x27f .\CortexM0p\ARM_GCC_493\Debug\main.o
                                0x2bd (size before relaxing)
 .debug_str     0x0000027f      0x171 .\CortexM0p\ARM_GCC_493\Debug\simple_protocol.o
                                0x32b (size before relaxing)
 .debug_str     0x000003f0       0x27 .\CortexM0p\ARM_GCC_493\Debug\timing.o
                                0x1ac (size before relaxing)
 .debug_str     0x00000417       0x7b .\CortexM0p\ARM_GCC_493\Debug\task_manager.o
                                0x23e (size before relaxing)
 .debug_str     0x00000492      0x6fc .\CortexM0p\ARM_GCC_493\Debug\app.o
                                0x897 (size before relaxing)
 .debug_str     0x00000b8e      0x148 .\CortexM0p\ARM_GCC_493\Debug\key.o
                                0x488 (size before relaxing)
 .debug_str     0x00000cd6       0xd6 .\CortexM0p\ARM_GCC_493\Debug\key_config.o
                                0x33a (size before relaxing)
 .debug_str     0x00000dac       0x59 .\CortexM0p\ARM_GCC_493\Debug\cymetadata.o
                                0x1cc (size before relaxing)
 .debug_str     0x00000e05      0x150 .\CortexM0p\ARM_GCC_493\Debug\Cm0plusStart.o
                                0x301 (size before relaxing)
 .debug_str     0x00000f55       0x84 .\CortexM0p\ARM_GCC_493\Debug\AYBR3000.a(cyfitter_cfg.o)
                                0x20b (size before relaxing)
 .debug_str     0x00000fd9      0x7e7 .\CortexM0p\ARM_GCC_493\Debug\AYBR3000.a(key_touch_Control.o)
                                0x9ce (size before relaxing)
 .debug_str     0x000017c0      0x1d4 .\CortexM0p\ARM_GCC_493\Debug\AYBR3000.a(key_touch_Processing.o)
                                0x90e (size before relaxing)
 .debug_str     0x00001994      0x434 .\CortexM0p\ARM_GCC_493\Debug\AYBR3000.a(key_touch_Structure.o)
                                0xa91 (size before relaxing)
 .debug_str     0x00001dc8      0x12c .\CortexM0p\ARM_GCC_493\Debug\AYBR3000.a(key_touch_Tuner.o)
                                0x6cf (size before relaxing)
 .debug_str     0x00001ef4      0x20c .\CortexM0p\ARM_GCC_493\Debug\AYBR3000.a(key_touch_Filter.o)
                                0x812 (size before relaxing)
 .debug_str     0x00002100      0x572 .\CortexM0p\ARM_GCC_493\Debug\AYBR3000.a(key_touch_Sensing.o)
                                0xc4f (size before relaxing)
 .debug_str     0x00002672      0x35a .\CortexM0p\ARM_GCC_493\Debug\AYBR3000.a(key_touch_SensingCSD_LL.o)
                                0xba3 (size before relaxing)
 .debug_str     0x000029cc      0x406 .\CortexM0p\ARM_GCC_493\Debug\AYBR3000.a(Timer_1.o)
                                0x5f7 (size before relaxing)
 .debug_str     0x00002dd2      0x158 .\CortexM0p\ARM_GCC_493\Debug\AYBR3000.a(key_touch_ISR.o)
                                0x34c (size before relaxing)
 .debug_str     0x00002f2a      0x4c0 .\CortexM0p\ARM_GCC_493\Debug\AYBR3000.a(CyLib.o)
                                0x715 (size before relaxing)
 .debug_str     0x000033ea       0x5f .\CortexM0p\ARM_GCC_493\Debug\AYBR3000.a(cyPm.o)
                                0x22f (size before relaxing)
 .debug_str     0x00003449      0x2c4 .\CortexM0p\ARM_GCC_493\Debug\AYBR3000.a(CyLFClk.o)
                                0x4ac (size before relaxing)
 .debug_str     0x0000370d      0x133 .\CortexM0p\ARM_GCC_493\Debug\AYBR3000.a(time_1ms_ISR.o)
                                0x33e (size before relaxing)
 .debug_str     0x00003840       0xc9 .\CortexM0p\ARM_GCC_493\Debug\AYBR3000.a(SIMPLE_CLOCK.o)
                                0x265 (size before relaxing)
 .debug_str     0x00003909       0x9f .\CortexM0p\ARM_GCC_493\Debug\AYBR3000.a(SIMPLE_DATA.o)
                                0x25e (size before relaxing)
 .debug_str     0x000039a8       0xa9 .\CortexM0p\ARM_GCC_493\Debug\AYBR3000.a(key_touch_INT.o)
                                0x773 (size before relaxing)
 .debug_str     0x00003a51      0x11d .\CortexM0p\ARM_GCC_493\Debug\AYBR3000.a(CyFlash.o)
                                0x314 (size before relaxing)
 .debug_str     0x00003b6e      0x166 D:\Program Files (x86)\Cypress\PSoC Creator\4.0\PSoC Creator\psoc\content\cycomponentlibrary\CyComponentLibrary.cylib\CapSense_P4_v3_10\PSoC4\Library\Capsense_P4Library_GCCp.a(CapSense_SmartSense_LL_v3_10.o)
                                0x2b2 (size before relaxing)
 .debug_str     0x00003cd4       0x73 D:\Program Files (x86)\Cypress\PSoC Creator\4.0\PSoC Creator\psoc\content\cycomponentlibrary\CyComponentLibrary.cylib\CapSense_P4_v3_10\PSoC4\Library\Capsense_P4Library_GCCp.a(CapSense_SmartSense_SL_v3_10.o)
                                0x30e (size before relaxing)

.debug_loc      0x00000000     0x460a
 *(.debug_loc)
 .debug_loc     0x00000000      0x1f5 .\CortexM0p\ARM_GCC_493\Debug\simple_protocol.o
 .debug_loc     0x000001f5       0x98 .\CortexM0p\ARM_GCC_493\Debug\timing.o
 .debug_loc     0x0000028d      0x106 .\CortexM0p\ARM_GCC_493\Debug\task_manager.o
 .debug_loc     0x00000393      0x2f9 .\CortexM0p\ARM_GCC_493\Debug\key.o
 .debug_loc     0x0000068c      0x14f .\CortexM0p\ARM_GCC_493\Debug\Cm0plusStart.o
 .debug_loc     0x000007db       0x35 .\CortexM0p\ARM_GCC_493\Debug\AYBR3000.a(cyfitter_cfg.o)
 .debug_loc     0x00000810      0x40d .\CortexM0p\ARM_GCC_493\Debug\AYBR3000.a(key_touch_Control.o)
 .debug_loc     0x00000c1d      0x5c9 .\CortexM0p\ARM_GCC_493\Debug\AYBR3000.a(key_touch_Processing.o)
 .debug_loc     0x000011e6      0x3c5 .\CortexM0p\ARM_GCC_493\Debug\AYBR3000.a(key_touch_Structure.o)
 .debug_loc     0x000015ab      0x13d .\CortexM0p\ARM_GCC_493\Debug\AYBR3000.a(key_touch_Tuner.o)
 .debug_loc     0x000016e8      0x8c1 .\CortexM0p\ARM_GCC_493\Debug\AYBR3000.a(key_touch_Filter.o)
 .debug_loc     0x00001fa9      0x724 .\CortexM0p\ARM_GCC_493\Debug\AYBR3000.a(key_touch_Sensing.o)
 .debug_loc     0x000026cd      0x857 .\CortexM0p\ARM_GCC_493\Debug\AYBR3000.a(key_touch_SensingCSD_LL.o)
 .debug_loc     0x00002f24      0x547 .\CortexM0p\ARM_GCC_493\Debug\AYBR3000.a(Timer_1.o)
 .debug_loc     0x0000346b       0x82 .\CortexM0p\ARM_GCC_493\Debug\AYBR3000.a(key_touch_ISR.o)
 .debug_loc     0x000034ed      0x5e3 .\CortexM0p\ARM_GCC_493\Debug\AYBR3000.a(CyLib.o)
 .debug_loc     0x00003ad0       0x47 .\CortexM0p\ARM_GCC_493\Debug\AYBR3000.a(cyPm.o)
 .debug_loc     0x00003b17      0x323 .\CortexM0p\ARM_GCC_493\Debug\AYBR3000.a(CyLFClk.o)
 .debug_loc     0x00003e3a       0x82 .\CortexM0p\ARM_GCC_493\Debug\AYBR3000.a(time_1ms_ISR.o)
 .debug_loc     0x00003ebc       0x81 .\CortexM0p\ARM_GCC_493\Debug\AYBR3000.a(SIMPLE_CLOCK.o)
 .debug_loc     0x00003f3d       0xa2 .\CortexM0p\ARM_GCC_493\Debug\AYBR3000.a(SIMPLE_DATA.o)
 .debug_loc     0x00003fdf       0xe6 .\CortexM0p\ARM_GCC_493\Debug\AYBR3000.a(key_touch_INT.o)
 .debug_loc     0x000040c5      0x1c8 .\CortexM0p\ARM_GCC_493\Debug\AYBR3000.a(CyFlash.o)
 .debug_loc     0x0000428d      0x229 D:\Program Files (x86)\Cypress\PSoC Creator\4.0\PSoC Creator\psoc\content\cycomponentlibrary\CyComponentLibrary.cylib\CapSense_P4_v3_10\PSoC4\Library\Capsense_P4Library_GCCp.a(CapSense_SmartSense_LL_v3_10.o)
 .debug_loc     0x000044b6      0x154 D:\Program Files (x86)\Cypress\PSoC Creator\4.0\PSoC Creator\psoc\content\cycomponentlibrary\CyComponentLibrary.cylib\CapSense_P4_v3_10\PSoC4\Library\Capsense_P4Library_GCCp.a(CapSense_SmartSense_SL_v3_10.o)

.debug_macinfo
 *(.debug_macinfo)

.debug_ranges   0x00000000      0xa90
 *(.debug_ranges)
 .debug_ranges  0x00000000       0x18 .\CortexM0p\ARM_GCC_493\Debug\main.o
 .debug_ranges  0x00000018       0x20 .\CortexM0p\ARM_GCC_493\Debug\simple_protocol.o
 .debug_ranges  0x00000038       0x28 .\CortexM0p\ARM_GCC_493\Debug\timing.o
 .debug_ranges  0x00000060       0x28 .\CortexM0p\ARM_GCC_493\Debug\task_manager.o
 .debug_ranges  0x00000088       0xb0 .\CortexM0p\ARM_GCC_493\Debug\app.o
 .debug_ranges  0x00000138       0x40 .\CortexM0p\ARM_GCC_493\Debug\key.o
 .debug_ranges  0x00000178       0x68 .\CortexM0p\ARM_GCC_493\Debug\key_config.o
 .debug_ranges  0x000001e0       0x38 .\CortexM0p\ARM_GCC_493\Debug\Cm0plusStart.o
 .debug_ranges  0x00000218       0x28 .\CortexM0p\ARM_GCC_493\Debug\AYBR3000.a(cyfitter_cfg.o)
 .debug_ranges  0x00000240       0x58 .\CortexM0p\ARM_GCC_493\Debug\AYBR3000.a(key_touch_Control.o)
 .debug_ranges  0x00000298       0x40 .\CortexM0p\ARM_GCC_493\Debug\AYBR3000.a(key_touch_Processing.o)
 .debug_ranges  0x000002d8       0x40 .\CortexM0p\ARM_GCC_493\Debug\AYBR3000.a(key_touch_Structure.o)
 .debug_ranges  0x00000318       0x18 .\CortexM0p\ARM_GCC_493\Debug\AYBR3000.a(key_touch_Tuner.o)
 .debug_ranges  0x00000330       0x70 .\CortexM0p\ARM_GCC_493\Debug\AYBR3000.a(key_touch_Filter.o)
 .debug_ranges  0x000003a0       0xa8 .\CortexM0p\ARM_GCC_493\Debug\AYBR3000.a(key_touch_Sensing.o)
 .debug_ranges  0x00000448       0xc0 .\CortexM0p\ARM_GCC_493\Debug\AYBR3000.a(key_touch_SensingCSD_LL.o)
 .debug_ranges  0x00000508      0x148 .\CortexM0p\ARM_GCC_493\Debug\AYBR3000.a(Timer_1.o)
 .debug_ranges  0x00000650       0x70 .\CortexM0p\ARM_GCC_493\Debug\AYBR3000.a(key_touch_ISR.o)
 .debug_ranges  0x000006c0      0x180 .\CortexM0p\ARM_GCC_493\Debug\AYBR3000.a(CyLib.o)
 .debug_ranges  0x00000840       0x20 .\CortexM0p\ARM_GCC_493\Debug\AYBR3000.a(cyPm.o)
 .debug_ranges  0x00000860       0xc8 .\CortexM0p\ARM_GCC_493\Debug\AYBR3000.a(CyLFClk.o)
 .debug_ranges  0x00000928       0x70 .\CortexM0p\ARM_GCC_493\Debug\AYBR3000.a(time_1ms_ISR.o)
 .debug_ranges  0x00000998       0x38 .\CortexM0p\ARM_GCC_493\Debug\AYBR3000.a(SIMPLE_CLOCK.o)
 .debug_ranges  0x000009d0       0x38 .\CortexM0p\ARM_GCC_493\Debug\AYBR3000.a(SIMPLE_DATA.o)
 .debug_ranges  0x00000a08       0x18 .\CortexM0p\ARM_GCC_493\Debug\AYBR3000.a(key_touch_INT.o)
 .debug_ranges  0x00000a20       0x38 .\CortexM0p\ARM_GCC_493\Debug\AYBR3000.a(CyFlash.o)
 .debug_ranges  0x00000a58       0x18 D:\Program Files (x86)\Cypress\PSoC Creator\4.0\PSoC Creator\psoc\content\cycomponentlibrary\CyComponentLibrary.cylib\CapSense_P4_v3_10\PSoC4\Library\Capsense_P4Library_GCCp.a(CapSense_SmartSense_LL_v3_10.o)
 .debug_ranges  0x00000a70       0x20 D:\Program Files (x86)\Cypress\PSoC Creator\4.0\PSoC Creator\psoc\content\cycomponentlibrary\CyComponentLibrary.cylib\CapSense_P4_v3_10\PSoC4\Library\Capsense_P4Library_GCCp.a(CapSense_SmartSense_SL_v3_10.o)

.comment        0x00000000       0x70
 .comment       0x00000000       0x70 .\CortexM0p\ARM_GCC_493\Debug\main.o
                                 0x71 (size before relaxing)
 .comment       0x00000000       0x71 .\CortexM0p\ARM_GCC_493\Debug\simple_protocol.o
 .comment       0x00000000       0x71 .\CortexM0p\ARM_GCC_493\Debug\timing.o
 .comment       0x00000000       0x71 .\CortexM0p\ARM_GCC_493\Debug\task_manager.o
 .comment       0x00000000       0x71 .\CortexM0p\ARM_GCC_493\Debug\app.o
 .comment       0x00000000       0x71 .\CortexM0p\ARM_GCC_493\Debug\key.o
 .comment       0x00000000       0x71 .\CortexM0p\ARM_GCC_493\Debug\key_config.o
 .comment       0x00000000       0x71 .\CortexM0p\ARM_GCC_493\Debug\cymetadata.o
 .comment       0x00000000       0x71 .\CortexM0p\ARM_GCC_493\Debug\Cm0plusStart.o
 .comment       0x00000000       0x71 .\CortexM0p\ARM_GCC_493\Debug\AYBR3000.a(cyfitter_cfg.o)
 .comment       0x00000000       0x71 .\CortexM0p\ARM_GCC_493\Debug\AYBR3000.a(key_touch_Control.o)
 .comment       0x00000000       0x71 .\CortexM0p\ARM_GCC_493\Debug\AYBR3000.a(key_touch_Processing.o)
 .comment       0x00000000       0x71 .\CortexM0p\ARM_GCC_493\Debug\AYBR3000.a(key_touch_Structure.o)
 .comment       0x00000000       0x71 .\CortexM0p\ARM_GCC_493\Debug\AYBR3000.a(key_touch_Tuner.o)
 .comment       0x00000000       0x71 .\CortexM0p\ARM_GCC_493\Debug\AYBR3000.a(key_touch_Filter.o)
 .comment       0x00000000       0x71 .\CortexM0p\ARM_GCC_493\Debug\AYBR3000.a(key_touch_Sensing.o)
 .comment       0x00000000       0x71 .\CortexM0p\ARM_GCC_493\Debug\AYBR3000.a(key_touch_SensingCSD_LL.o)
 .comment       0x00000000       0x71 .\CortexM0p\ARM_GCC_493\Debug\AYBR3000.a(Timer_1.o)
 .comment       0x00000000       0x71 .\CortexM0p\ARM_GCC_493\Debug\AYBR3000.a(key_touch_ISR.o)
 .comment       0x00000000       0x71 .\CortexM0p\ARM_GCC_493\Debug\AYBR3000.a(CyLib.o)
 .comment       0x00000000       0x71 .\CortexM0p\ARM_GCC_493\Debug\AYBR3000.a(cyPm.o)
 .comment       0x00000000       0x71 .\CortexM0p\ARM_GCC_493\Debug\AYBR3000.a(CyLFClk.o)
 .comment       0x00000000       0x71 .\CortexM0p\ARM_GCC_493\Debug\AYBR3000.a(time_1ms_ISR.o)
 .comment       0x00000000       0x71 .\CortexM0p\ARM_GCC_493\Debug\AYBR3000.a(SIMPLE_CLOCK.o)
 .comment       0x00000000       0x71 .\CortexM0p\ARM_GCC_493\Debug\AYBR3000.a(SIMPLE_DATA.o)
 .comment       0x00000000       0x71 .\CortexM0p\ARM_GCC_493\Debug\AYBR3000.a(key_touch_INT.o)
 .comment       0x00000000       0x71 .\CortexM0p\ARM_GCC_493\Debug\AYBR3000.a(CyFlash.o)
 .comment       0x00000000       0x71 D:\Program Files (x86)\Cypress\PSoC Creator\4.0\PSoC Creator\psoc\content\cycomponentlibrary\CyComponentLibrary.cylib\CapSense_P4_v3_10\PSoC4\Library\Capsense_P4Library_GCCp.a(CapSense_SmartSense_LL_v3_10.o)
 .comment       0x00000000       0x71 D:\Program Files (x86)\Cypress\PSoC Creator\4.0\PSoC Creator\psoc\content\cycomponentlibrary\CyComponentLibrary.cylib\CapSense_P4_v3_10\PSoC4\Library\Capsense_P4Library_GCCp.a(CapSense_SmartSense_SL_v3_10.o)

.debug_weaknames
 *(.debug_weaknames)

.debug_funcnames
 *(.debug_funcnames)

.debug_typenames
 *(.debug_typenames)

.debug_varnames
 *(.debug_varnames)

.note.gnu.arm.ident
 *(.note.gnu.arm.ident)

.ARM.attributes
                0x00000000       0x28
 *(.ARM.attributes)
 .ARM.attributes
                0x00000000       0x1e d:/program files (x86)/cypress/psoc creator/4.0/psoc creator/import/gnu/arm/4.9.3/bin/../lib/gcc/arm-none-eabi/4.9.3/armv6-m/crti.o
 .ARM.attributes
                0x0000001e       0x2c d:/program files (x86)/cypress/psoc creator/4.0/psoc creator/import/gnu/arm/4.9.3/bin/../lib/gcc/arm-none-eabi/4.9.3/armv6-m/crtbegin.o
 .ARM.attributes
                0x0000004a       0x1b d:/program files (x86)/cypress/psoc creator/4.0/psoc creator/import/gnu/arm/4.9.3/bin/../lib/gcc/arm-none-eabi/4.9.3/../../../../arm-none-eabi/lib/armv6-m/crt0.o
 .ARM.attributes
                0x00000065       0x32 .\CortexM0p\ARM_GCC_493\Debug\main.o
 .ARM.attributes
                0x00000097       0x32 .\CortexM0p\ARM_GCC_493\Debug\simple_protocol.o
 .ARM.attributes
                0x000000c9       0x32 .\CortexM0p\ARM_GCC_493\Debug\timing.o
 .ARM.attributes
                0x000000fb       0x32 .\CortexM0p\ARM_GCC_493\Debug\task_manager.o
 .ARM.attributes
                0x0000012d       0x32 .\CortexM0p\ARM_GCC_493\Debug\app.o
 .ARM.attributes
                0x0000015f       0x32 .\CortexM0p\ARM_GCC_493\Debug\key.o
 .ARM.attributes
                0x00000191       0x32 .\CortexM0p\ARM_GCC_493\Debug\key_config.o
 .ARM.attributes
                0x000001c3       0x32 .\CortexM0p\ARM_GCC_493\Debug\cymetadata.o
 .ARM.attributes
                0x000001f5       0x32 .\CortexM0p\ARM_GCC_493\Debug\Cm0plusStart.o
 .ARM.attributes
                0x00000227       0x32 .\CortexM0p\ARM_GCC_493\Debug\AYBR3000.a(cyfitter_cfg.o)
 .ARM.attributes
                0x00000259       0x32 .\CortexM0p\ARM_GCC_493\Debug\AYBR3000.a(key_touch_Control.o)
 .ARM.attributes
                0x0000028b       0x32 .\CortexM0p\ARM_GCC_493\Debug\AYBR3000.a(key_touch_Processing.o)
 .ARM.attributes
                0x000002bd       0x32 .\CortexM0p\ARM_GCC_493\Debug\AYBR3000.a(key_touch_Structure.o)
 .ARM.attributes
                0x000002ef       0x32 .\CortexM0p\ARM_GCC_493\Debug\AYBR3000.a(key_touch_Tuner.o)
 .ARM.attributes
                0x00000321       0x32 .\CortexM0p\ARM_GCC_493\Debug\AYBR3000.a(key_touch_Filter.o)
 .ARM.attributes
                0x00000353       0x32 .\CortexM0p\ARM_GCC_493\Debug\AYBR3000.a(key_touch_Sensing.o)
 .ARM.attributes
                0x00000385       0x32 .\CortexM0p\ARM_GCC_493\Debug\AYBR3000.a(key_touch_SensingCSD_LL.o)
 .ARM.attributes
                0x000003b7       0x32 .\CortexM0p\ARM_GCC_493\Debug\AYBR3000.a(Timer_1.o)
 .ARM.attributes
                0x000003e9       0x32 .\CortexM0p\ARM_GCC_493\Debug\AYBR3000.a(key_touch_ISR.o)
 .ARM.attributes
                0x0000041b       0x32 .\CortexM0p\ARM_GCC_493\Debug\AYBR3000.a(CyLib.o)
 .ARM.attributes
                0x0000044d       0x32 .\CortexM0p\ARM_GCC_493\Debug\AYBR3000.a(cyPm.o)
 .ARM.attributes
                0x0000047f       0x32 .\CortexM0p\ARM_GCC_493\Debug\AYBR3000.a(CyLFClk.o)
 .ARM.attributes
                0x000004b1       0x32 .\CortexM0p\ARM_GCC_493\Debug\AYBR3000.a(time_1ms_ISR.o)
 .ARM.attributes
                0x000004e3       0x32 .\CortexM0p\ARM_GCC_493\Debug\AYBR3000.a(SIMPLE_CLOCK.o)
 .ARM.attributes
                0x00000515       0x32 .\CortexM0p\ARM_GCC_493\Debug\AYBR3000.a(SIMPLE_DATA.o)
 .ARM.attributes
                0x00000547       0x22 .\CortexM0p\ARM_GCC_493\Debug\AYBR3000.a(CyBootAsmGnu.o)
 .ARM.attributes
                0x00000569       0x32 .\CortexM0p\ARM_GCC_493\Debug\AYBR3000.a(key_touch_INT.o)
 .ARM.attributes
                0x0000059b       0x32 .\CortexM0p\ARM_GCC_493\Debug\AYBR3000.a(CyFlash.o)
 .ARM.attributes
                0x000005cd       0x32 D:\Program Files (x86)\Cypress\PSoC Creator\4.0\PSoC Creator\psoc\content\cycomponentlibrary\CyComponentLibrary.cylib\CapSense_P4_v3_10\PSoC4\Library\Capsense_P4Library_GCCp.a(CapSense_SmartSense_LL_v3_10.o)
 .ARM.attributes
                0x000005ff       0x32 D:\Program Files (x86)\Cypress\PSoC Creator\4.0\PSoC Creator\psoc\content\cycomponentlibrary\CyComponentLibrary.cylib\CapSense_P4_v3_10\PSoC4\Library\Capsense_P4Library_GCCp.a(CapSense_SmartSense_SL_v3_10.o)
 .ARM.attributes
                0x00000631       0x1e d:/program files (x86)/cypress/psoc creator/4.0/psoc creator/import/gnu/arm/4.9.3/bin/../lib/gcc/arm-none-eabi/4.9.3/armv6-m\libgcc.a(_udivsi3.o)
 .ARM.attributes
                0x0000064f       0x1e d:/program files (x86)/cypress/psoc creator/4.0/psoc creator/import/gnu/arm/4.9.3/bin/../lib/gcc/arm-none-eabi/4.9.3/armv6-m\libgcc.a(_dvmd_tls.o)
 .ARM.attributes
                0x0000066d       0x2c d:/program files (x86)/cypress/psoc creator/4.0/psoc creator/import/gnu/arm/4.9.3/bin/../lib/gcc/arm-none-eabi/4.9.3/../../../../arm-none-eabi/lib/armv6-m\libg_nano.a(lib_a-errno.o)
 .ARM.attributes
                0x00000699       0x2c d:/program files (x86)/cypress/psoc creator/4.0/psoc creator/import/gnu/arm/4.9.3/bin/../lib/gcc/arm-none-eabi/4.9.3/../../../../arm-none-eabi/lib/armv6-m\libg_nano.a(lib_a-exit.o)
 .ARM.attributes
                0x000006c5       0x2c d:/program files (x86)/cypress/psoc creator/4.0/psoc creator/import/gnu/arm/4.9.3/bin/../lib/gcc/arm-none-eabi/4.9.3/../../../../arm-none-eabi/lib/armv6-m\libg_nano.a(lib_a-impure.o)
 .ARM.attributes
                0x000006f1       0x2c d:/program files (x86)/cypress/psoc creator/4.0/psoc creator/import/gnu/arm/4.9.3/bin/../lib/gcc/arm-none-eabi/4.9.3/../../../../arm-none-eabi/lib/armv6-m\libg_nano.a(lib_a-init.o)
 .ARM.attributes
                0x0000071d       0x2c d:/program files (x86)/cypress/psoc creator/4.0/psoc creator/import/gnu/arm/4.9.3/bin/../lib/gcc/arm-none-eabi/4.9.3/../../../../arm-none-eabi/lib/armv6-m\libg_nano.a(lib_a-memcpy.o)
 .ARM.attributes
                0x00000749       0x2c d:/program files (x86)/cypress/psoc creator/4.0/psoc creator/import/gnu/arm/4.9.3/bin/../lib/gcc/arm-none-eabi/4.9.3/../../../../arm-none-eabi/lib/armv6-m\libg_nano.a(lib_a-memset.o)
 .ARM.attributes
                0x00000775       0x2c d:/program files (x86)/cypress/psoc creator/4.0/psoc creator/import/gnu/arm/4.9.3/bin/../lib/gcc/arm-none-eabi/4.9.3/armv6-m/crtend.o
 .ARM.attributes
                0x000007a1       0x1e d:/program files (x86)/cypress/psoc creator/4.0/psoc creator/import/gnu/arm/4.9.3/bin/../lib/gcc/arm-none-eabi/4.9.3/armv6-m/crtn.o

/DISCARD/
 *(.note.GNU-stack)
OUTPUT(.\CortexM0p\ARM_GCC_493\Debug\AYBR3000.elf elf32-littlearm)
